code-cassandra-1-1  | INFO  [Service Thread] 2023-03-14 22:41:17,945 GCInspector.java:296 - ConcurrentMarkSweep GC in 469ms.  CodeHeap 'non-nmethods': 1435648 -> 1429504; CodeHeap 'non-profiled nmethods': 1909248 -> 2892928; CodeHeap 'profiled nmethods': 7962240 -> 10202368; Compressed Class Space: 4635080 -> 5402416; Metaspace: 39086456 -> 45324976; Par Eden Space: 689256440 -> 356932288; Par Survivor Space: 0 -> 28780008
code-cassandra-3-1  | WARN  [GossipTasks:1] 2023-03-14 22:41:17,985 FailureDetector.java:335 - Not marking nodes down due to local pause of 11782274984ns > 5000000000ns
code-cassandra-2-1  | INFO  [Service Thread] 2023-03-14 22:41:17,996 GCInspector.java:296 - ConcurrentMarkSweep GC in 649ms.  CodeHeap 'non-nmethods': 1393024 -> 1429248; CodeHeap 'non-profiled nmethods': 1987456 -> 2908800; CodeHeap 'profiled nmethods': 7906048 -> 10448640; Compressed Class Space: 4521952 -> 5377552; Metaspace: 38262424 -> 45248864; Par Eden Space: 659980800 -> 343201088; Par Survivor Space: 0 -> 29015120
code-cassandra-2-1  | INFO  [main] 2023-03-14 22:41:46,371 Gossiper.java:2281 - Waiting for gossip to settle...
code-cassandra-1-1  | INFO  [main] 2023-03-14 22:41:46,545 Gossiper.java:2281 - Waiting for gossip to settle...
code-cassandra-3-1  | INFO  [main] 2023-03-14 22:41:46,758 Gossiper.java:2281 - Waiting for gossip to settle...
code-cassandra-2-1  | INFO  [main] 2023-03-14 22:41:54,375 Gossiper.java:2312 - No gossip backlog; proceeding
code-cassandra-2-1  | INFO  [main] 2023-03-14 22:41:54,377 Gossiper.java:2281 - Waiting for gossip to settle...
code-cassandra-1-1  | INFO  [main] 2023-03-14 22:41:54,548 Gossiper.java:2312 - No gossip backlog; proceeding
code-cassandra-1-1  | INFO  [main] 2023-03-14 22:41:54,549 Gossiper.java:2281 - Waiting for gossip to settle...
code-cassandra-3-1  | INFO  [main] 2023-03-14 22:41:54,765 Gossiper.java:2312 - No gossip backlog; proceeding
code-cassandra-3-1  | INFO  [main] 2023-03-14 22:41:54,767 Gossiper.java:2281 - Waiting for gossip to settle...
code-cassandra-2-1  | INFO  [main] 2023-03-14 22:42:02,379 Gossiper.java:2312 - No gossip backlog; proceeding
code-cassandra-2-1  | INFO  [main] 2023-03-14 22:42:02,388 NetworkTopologyStrategy.java:93 - Configured datacenter replicas are datacenter1:rf(3)
code-cassandra-2-1  | INFO  [main] 2023-03-14 22:42:02,391 TokenAllocatorFactory.java:44 - Using ReplicationAwareTokenAllocator.
code-cassandra-2-1  | INFO  [main] 2023-03-14 22:42:02,453 TokenAllocation.java:106 - Selected tokens [-2972624066164615160, 8235783442563467756, 3425433483321568322, -5863668447548689998, 828264735108410949, 6300109684380093739, -7699191784903467808, -761739817405487688, -4051996873612216817, 5204067784145155450, 2447288030805454246, -8770692401243500621, -1729104060484023186, 7391406795072305998, -6681340380161040792, -4787912566323110458]
code-cassandra-2-1  | INFO  [main] 2023-03-14 22:42:02,477 ColumnFamilyStore.java:1009 - Enqueuing flush of system_schema.columns, Reason: INTERNALLY_FORCED, Usage: 180.076KiB (0%) on-heap, 0.000KiB (0%) off-heap
code-cassandra-2-1  | INFO  [PerDiskMemtableFlushWriter_0:1] 2023-03-14 22:42:02,497 Flushing.java:145 - Writing Memtable-columns@263364671(37.780KiB serialized bytes, 250 ops, 180.076KiB (0%) on-heap, 0.000KiB (0%) off-heap), flushed range = [null, null)
code-cassandra-2-1  | INFO  [PerDiskMemtableFlushWriter_0:1] 2023-03-14 22:42:02,508 Flushing.java:171 - Completed flushing /var/lib/cassandra/data/system_schema/columns-24101c25a2ae3af787c1b40ee1aca33f/nb-1-big-Data.db (18.605KiB) for commitlog position CommitLogPosition(segmentId=1678833664771, position=36768)
code-cassandra-2-1  | INFO  [MemtableFlushWriter:2] 2023-03-14 22:42:02,524 LogTransaction.java:242 - Unfinished transaction log, deleting /var/lib/cassandra/data/system_schema/columns-24101c25a2ae3af787c1b40ee1aca33f/nb_txn_flush_70286ff0-c2b9-11ed-9591-8fe43c53c788.log 
code-cassandra-2-1  | INFO  [main] 2023-03-14 22:42:02,528 ColumnFamilyStore.java:1009 - Enqueuing flush of system_schema.dropped_columns, Reason: INTERNALLY_FORCED, Usage: 1.081KiB (0%) on-heap, 0.000KiB (0%) off-heap
code-cassandra-2-1  | INFO  [PerDiskMemtableFlushWriter_0:2] 2023-03-14 22:42:02,536 Flushing.java:145 - Writing Memtable-dropped_columns@2086683922(0.120KiB serialized bytes, 3 ops, 1.081KiB (0%) on-heap, 0.000KiB (0%) off-heap), flushed range = [null, null)
code-cassandra-2-1  | INFO  [PerDiskMemtableFlushWriter_0:2] 2023-03-14 22:42:02,537 Flushing.java:171 - Completed flushing /var/lib/cassandra/data/system_schema/dropped_columns-5e7583b5f3f43af19a39b7e1d6f5f11f/nb-1-big-Data.db (0.097KiB) for commitlog position CommitLogPosition(segmentId=1678833664771, position=36776)
code-cassandra-2-1  | INFO  [MemtableFlushWriter:1] 2023-03-14 22:42:02,547 LogTransaction.java:242 - Unfinished transaction log, deleting /var/lib/cassandra/data/system_schema/dropped_columns-5e7583b5f3f43af19a39b7e1d6f5f11f/nb_txn_flush_70301110-c2b9-11ed-9591-8fe43c53c788.log 
code-cassandra-2-1  | INFO  [main] 2023-03-14 22:42:02,550 ColumnFamilyStore.java:1009 - Enqueuing flush of system_schema.triggers, Reason: INTERNALLY_FORCED, Usage: 0.513KiB (0%) on-heap, 0.000KiB (0%) off-heap
code-cassandra-1-1  | INFO  [main] 2023-03-14 22:42:02,551 Gossiper.java:2312 - No gossip backlog; proceeding
code-cassandra-1-1  | INFO  [main] 2023-03-14 22:42:02,559 NetworkTopologyStrategy.java:93 - Configured datacenter replicas are datacenter1:rf(3)
code-cassandra-2-1  | INFO  [PerDiskMemtableFlushWriter_0:1] 2023-03-14 22:42:02,561 Flushing.java:145 - Writing Memtable-triggers@431241576(0.016KiB serialized bytes, 2 ops, 0.513KiB (0%) on-heap, 0.000KiB (0%) off-heap), flushed range = [null, null)
code-cassandra-1-1  | INFO  [main] 2023-03-14 22:42:02,561 TokenAllocatorFactory.java:44 - Using ReplicationAwareTokenAllocator.
code-cassandra-2-1  | INFO  [PerDiskMemtableFlushWriter_0:1] 2023-03-14 22:42:02,562 Flushing.java:171 - Completed flushing /var/lib/cassandra/data/system_schema/triggers-4df70b666b05325195a132b54005fd48/nb-1-big-Data.db (0.048KiB) for commitlog position CommitLogPosition(segmentId=1678833664771, position=36776)
code-cassandra-2-1  | INFO  [MemtableFlushWriter:2] 2023-03-14 22:42:02,576 LogTransaction.java:242 - Unfinished transaction log, deleting /var/lib/cassandra/data/system_schema/triggers-4df70b666b05325195a132b54005fd48/nb_txn_flush_70336c70-c2b9-11ed-9591-8fe43c53c788.log 
code-cassandra-2-1  | INFO  [main] 2023-03-14 22:42:02,578 ColumnFamilyStore.java:1009 - Enqueuing flush of system_schema.types, Reason: INTERNALLY_FORCED, Usage: 0.513KiB (0%) on-heap, 0.000KiB (0%) off-heap
code-cassandra-2-1  | INFO  [PerDiskMemtableFlushWriter_0:2] 2023-03-14 22:42:02,589 Flushing.java:145 - Writing Memtable-types@962774266(0.016KiB serialized bytes, 2 ops, 0.513KiB (0%) on-heap, 0.000KiB (0%) off-heap), flushed range = [null, null)
code-cassandra-2-1  | INFO  [PerDiskMemtableFlushWriter_0:2] 2023-03-14 22:42:02,590 Flushing.java:171 - Completed flushing /var/lib/cassandra/data/system_schema/types-5a8b1ca866023f77a0459273d308917a/nb-1-big-Data.db (0.048KiB) for commitlog position CommitLogPosition(segmentId=1678833664771, position=36776)
code-cassandra-1-1  | INFO  [main] 2023-03-14 22:42:02,600 TokenAllocation.java:106 - Selected tokens [-7271202923361002945, 3937204585367079971, -873145373874819462, 8284496768964473832, -3470314122087976834, 2001530827183705955, 6448973431609696022, -5060318674601875472, -8350575730808604603, 905488926948767666, -1851290826390933537, 5377472815269663209, -6027682917680410971, 3092827937875918214, 7466824836352123037, -9086491423519498244]
code-cassandra-2-1  | INFO  [MemtableFlushWriter:1] 2023-03-14 22:42:02,604 LogTransaction.java:242 - Unfinished transaction log, deleting /var/lib/cassandra/data/system_schema/types-5a8b1ca866023f77a0459273d308917a/nb_txn_flush_7037b230-c2b9-11ed-9591-8fe43c53c788.log 
code-cassandra-2-1  | INFO  [main] 2023-03-14 22:42:02,607 ColumnFamilyStore.java:1009 - Enqueuing flush of system_schema.functions, Reason: INTERNALLY_FORCED, Usage: 0.513KiB (0%) on-heap, 0.000KiB (0%) off-heap
code-cassandra-2-1  | INFO  [PerDiskMemtableFlushWriter_0:1] 2023-03-14 22:42:02,616 Flushing.java:145 - Writing Memtable-functions@1200045683(0.016KiB serialized bytes, 2 ops, 0.513KiB (0%) on-heap, 0.000KiB (0%) off-heap), flushed range = [null, null)
code-cassandra-2-1  | INFO  [PerDiskMemtableFlushWriter_0:1] 2023-03-14 22:42:02,617 Flushing.java:171 - Completed flushing /var/lib/cassandra/data/system_schema/functions-96489b7980be3e14a70166a0b9159450/nb-1-big-Data.db (0.048KiB) for commitlog position CommitLogPosition(segmentId=1678833664771, position=36776)
code-cassandra-1-1  | INFO  [main] 2023-03-14 22:42:02,625 ColumnFamilyStore.java:1009 - Enqueuing flush of system_schema.columns, Reason: INTERNALLY_FORCED, Usage: 180.073KiB (0%) on-heap, 0.000KiB (0%) off-heap
code-cassandra-2-1  | INFO  [MemtableFlushWriter:2] 2023-03-14 22:42:02,633 LogTransaction.java:242 - Unfinished transaction log, deleting /var/lib/cassandra/data/system_schema/functions-96489b7980be3e14a70166a0b9159450/nb_txn_flush_703bf7f0-c2b9-11ed-9591-8fe43c53c788.log 
code-cassandra-2-1  | INFO  [main] 2023-03-14 22:42:02,636 ColumnFamilyStore.java:1009 - Enqueuing flush of system_schema.aggregates, Reason: INTERNALLY_FORCED, Usage: 0.513KiB (0%) on-heap, 0.000KiB (0%) off-heap
code-cassandra-1-1  | INFO  [PerDiskMemtableFlushWriter_0:1] 2023-03-14 22:42:02,637 Flushing.java:145 - Writing Memtable-columns@234252869(37.780KiB serialized bytes, 250 ops, 180.073KiB (0%) on-heap, 0.000KiB (0%) off-heap), flushed range = [null, null)
code-cassandra-2-1  | INFO  [PerDiskMemtableFlushWriter_0:2] 2023-03-14 22:42:02,643 Flushing.java:145 - Writing Memtable-aggregates@247338634(0.016KiB serialized bytes, 2 ops, 0.513KiB (0%) on-heap, 0.000KiB (0%) off-heap), flushed range = [null, null)
code-cassandra-2-1  | INFO  [PerDiskMemtableFlushWriter_0:2] 2023-03-14 22:42:02,644 Flushing.java:171 - Completed flushing /var/lib/cassandra/data/system_schema/aggregates-924c55872e3a345bb10c12f37c1ba895/nb-1-big-Data.db (0.048KiB) for commitlog position CommitLogPosition(segmentId=1678833664771, position=36776)
code-cassandra-1-1  | INFO  [PerDiskMemtableFlushWriter_0:1] 2023-03-14 22:42:02,649 Flushing.java:171 - Completed flushing /var/lib/cassandra/data/system_schema/columns-24101c25a2ae3af787c1b40ee1aca33f/nb-1-big-Data.db (18.605KiB) for commitlog position CommitLogPosition(segmentId=1678833664732, position=36760)
code-cassandra-2-1  | INFO  [MemtableFlushWriter:1] 2023-03-14 22:42:02,658 LogTransaction.java:242 - Unfinished transaction log, deleting /var/lib/cassandra/data/system_schema/aggregates-924c55872e3a345bb10c12f37c1ba895/nb_txn_flush_70408bd0-c2b9-11ed-9591-8fe43c53c788.log 
code-cassandra-2-1  | INFO  [main] 2023-03-14 22:42:02,661 ColumnFamilyStore.java:1009 - Enqueuing flush of system_schema.indexes, Reason: INTERNALLY_FORCED, Usage: 1.091KiB (0%) on-heap, 0.000KiB (0%) off-heap
code-cassandra-1-1  | INFO  [MemtableFlushWriter:2] 2023-03-14 22:42:02,664 LogTransaction.java:242 - Unfinished transaction log, deleting /var/lib/cassandra/data/system_schema/columns-24101c25a2ae3af787c1b40ee1aca33f/nb_txn_flush_703f0530-c2b9-11ed-aae5-df498e6badf7.log 
code-cassandra-1-1  | INFO  [main] 2023-03-14 22:42:02,666 ColumnFamilyStore.java:1009 - Enqueuing flush of system_schema.dropped_columns, Reason: INTERNALLY_FORCED, Usage: 1.079KiB (0%) on-heap, 0.000KiB (0%) off-heap
code-cassandra-2-1  | INFO  [PerDiskMemtableFlushWriter_0:1] 2023-03-14 22:42:02,667 Flushing.java:145 - Writing Memtable-indexes@245707732(0.200KiB serialized bytes, 3 ops, 1.091KiB (0%) on-heap, 0.000KiB (0%) off-heap), flushed range = [null, null)
code-cassandra-2-1  | INFO  [PerDiskMemtableFlushWriter_0:1] 2023-03-14 22:42:02,668 Flushing.java:171 - Completed flushing /var/lib/cassandra/data/system_schema/indexes-0feb57ac311f382fba6d9024d305702f/nb-1-big-Data.db (0.191KiB) for commitlog position CommitLogPosition(segmentId=1678833664771, position=36776)
code-cassandra-1-1  | INFO  [PerDiskMemtableFlushWriter_0:2] 2023-03-14 22:42:02,675 Flushing.java:145 - Writing Memtable-dropped_columns@1138276923(0.120KiB serialized bytes, 3 ops, 1.079KiB (0%) on-heap, 0.000KiB (0%) off-heap), flushed range = [null, null)
code-cassandra-1-1  | INFO  [PerDiskMemtableFlushWriter_0:2] 2023-03-14 22:42:02,676 Flushing.java:171 - Completed flushing /var/lib/cassandra/data/system_schema/dropped_columns-5e7583b5f3f43af19a39b7e1d6f5f11f/nb-1-big-Data.db (0.097KiB) for commitlog position CommitLogPosition(segmentId=1678833664732, position=36760)
code-cassandra-2-1  | INFO  [MemtableFlushWriter:2] 2023-03-14 22:42:02,681 LogTransaction.java:242 - Unfinished transaction log, deleting /var/lib/cassandra/data/system_schema/indexes-0feb57ac311f382fba6d9024d305702f/nb_txn_flush_70443550-c2b9-11ed-9591-8fe43c53c788.log 
code-cassandra-2-1  | INFO  [main] 2023-03-14 22:42:02,683 ColumnFamilyStore.java:1009 - Enqueuing flush of system_schema.tables, Reason: INTERNALLY_FORCED, Usage: 82.252KiB (0%) on-heap, 0.000KiB (0%) off-heap
code-cassandra-2-1  | INFO  [PerDiskMemtableFlushWriter_0:2] 2023-03-14 22:42:02,688 Flushing.java:145 - Writing Memtable-tables@135395418(25.119KiB serialized bytes, 37 ops, 82.252KiB (0%) on-heap, 0.000KiB (0%) off-heap), flushed range = [null, null)
code-cassandra-1-1  | INFO  [MemtableFlushWriter:1] 2023-03-14 22:42:02,691 LogTransaction.java:242 - Unfinished transaction log, deleting /var/lib/cassandra/data/system_schema/dropped_columns-5e7583b5f3f43af19a39b7e1d6f5f11f/nb_txn_flush_70451fb0-c2b9-11ed-aae5-df498e6badf7.log 
code-cassandra-2-1  | INFO  [PerDiskMemtableFlushWriter_0:2] 2023-03-14 22:42:02,691 Flushing.java:171 - Completed flushing /var/lib/cassandra/data/system_schema/tables-afddfb9dbc1e30688056eed6c302ba09/nb-1-big-Data.db (15.487KiB) for commitlog position CommitLogPosition(segmentId=1678833664771, position=36776)
code-cassandra-1-1  | INFO  [main] 2023-03-14 22:42:02,694 ColumnFamilyStore.java:1009 - Enqueuing flush of system_schema.triggers, Reason: INTERNALLY_FORCED, Usage: 0.511KiB (0%) on-heap, 0.000KiB (0%) off-heap
code-cassandra-1-1  | INFO  [PerDiskMemtableFlushWriter_0:1] 2023-03-14 22:42:02,701 Flushing.java:145 - Writing Memtable-triggers@600964226(0.016KiB serialized bytes, 2 ops, 0.511KiB (0%) on-heap, 0.000KiB (0%) off-heap), flushed range = [null, null)
code-cassandra-1-1  | INFO  [PerDiskMemtableFlushWriter_0:1] 2023-03-14 22:42:02,702 Flushing.java:171 - Completed flushing /var/lib/cassandra/data/system_schema/triggers-4df70b666b05325195a132b54005fd48/nb-1-big-Data.db (0.048KiB) for commitlog position CommitLogPosition(segmentId=1678833664732, position=36760)
code-cassandra-2-1  | INFO  [MemtableFlushWriter:1] 2023-03-14 22:42:02,705 LogTransaction.java:242 - Unfinished transaction log, deleting /var/lib/cassandra/data/system_schema/tables-afddfb9dbc1e30688056eed6c302ba09/nb_txn_flush_704790b0-c2b9-11ed-9591-8fe43c53c788.log 
code-cassandra-2-1  | INFO  [main] 2023-03-14 22:42:02,708 ColumnFamilyStore.java:1009 - Enqueuing flush of system_schema.views, Reason: INTERNALLY_FORCED, Usage: 0.513KiB (0%) on-heap, 0.000KiB (0%) off-heap
code-cassandra-2-1  | INFO  [PerDiskMemtableFlushWriter_0:1] 2023-03-14 22:42:02,715 Flushing.java:145 - Writing Memtable-views@344775015(0.016KiB serialized bytes, 2 ops, 0.513KiB (0%) on-heap, 0.000KiB (0%) off-heap), flushed range = [null, null)
code-cassandra-2-1  | INFO  [PerDiskMemtableFlushWriter_0:1] 2023-03-14 22:42:02,715 Flushing.java:171 - Completed flushing /var/lib/cassandra/data/system_schema/views-9786ac1cdd583201a7cdad556410c985/nb-1-big-Data.db (0.048KiB) for commitlog position CommitLogPosition(segmentId=1678833664771, position=36776)
code-cassandra-1-1  | INFO  [MemtableFlushWriter:2] 2023-03-14 22:42:02,716 LogTransaction.java:242 - Unfinished transaction log, deleting /var/lib/cassandra/data/system_schema/triggers-4df70b666b05325195a132b54005fd48/nb_txn_flush_70493e60-c2b9-11ed-aae5-df498e6badf7.log 
code-cassandra-1-1  | INFO  [main] 2023-03-14 22:42:02,719 ColumnFamilyStore.java:1009 - Enqueuing flush of system_schema.types, Reason: INTERNALLY_FORCED, Usage: 0.511KiB (0%) on-heap, 0.000KiB (0%) off-heap
code-cassandra-2-1  | INFO  [MemtableFlushWriter:2] 2023-03-14 22:42:02,727 LogTransaction.java:242 - Unfinished transaction log, deleting /var/lib/cassandra/data/system_schema/views-9786ac1cdd583201a7cdad556410c985/nb_txn_flush_704b8850-c2b9-11ed-9591-8fe43c53c788.log 
code-cassandra-2-1  | INFO  [main] 2023-03-14 22:42:02,729 ColumnFamilyStore.java:1009 - Enqueuing flush of system_schema.keyspaces, Reason: INTERNALLY_FORCED, Usage: 1.960KiB (0%) on-heap, 0.000KiB (0%) off-heap
code-cassandra-1-1  | INFO  [PerDiskMemtableFlushWriter_0:2] 2023-03-14 22:42:02,734 Flushing.java:145 - Writing Memtable-types@114965540(0.016KiB serialized bytes, 2 ops, 0.511KiB (0%) on-heap, 0.000KiB (0%) off-heap), flushed range = [null, null)
code-cassandra-1-1  | INFO  [PerDiskMemtableFlushWriter_0:2] 2023-03-14 22:42:02,734 Flushing.java:171 - Completed flushing /var/lib/cassandra/data/system_schema/types-5a8b1ca866023f77a0459273d308917a/nb-1-big-Data.db (0.048KiB) for commitlog position CommitLogPosition(segmentId=1678833664732, position=36768)
code-cassandra-2-1  | INFO  [PerDiskMemtableFlushWriter_0:2] 2023-03-14 22:42:02,736 Flushing.java:145 - Writing Memtable-keyspaces@1982297247(0.382KiB serialized bytes, 5 ops, 1.960KiB (0%) on-heap, 0.000KiB (0%) off-heap), flushed range = [null, null)
code-cassandra-2-1  | INFO  [PerDiskMemtableFlushWriter_0:2] 2023-03-14 22:42:02,737 Flushing.java:171 - Completed flushing /var/lib/cassandra/data/system_schema/keyspaces-abac5682dea631c5b535b3d6cffd0fb6/nb-1-big-Data.db (0.311KiB) for commitlog position CommitLogPosition(segmentId=1678833664771, position=36776)
code-cassandra-1-1  | INFO  [MemtableFlushWriter:1] 2023-03-14 22:42:02,750 LogTransaction.java:242 - Unfinished transaction log, deleting /var/lib/cassandra/data/system_schema/types-5a8b1ca866023f77a0459273d308917a/nb_txn_flush_704d0ef0-c2b9-11ed-aae5-df498e6badf7.log 
code-cassandra-2-1  | INFO  [MemtableFlushWriter:1] 2023-03-14 22:42:02,751 LogTransaction.java:242 - Unfinished transaction log, deleting /var/lib/cassandra/data/system_schema/keyspaces-abac5682dea631c5b535b3d6cffd0fb6/nb_txn_flush_704ebca0-c2b9-11ed-9591-8fe43c53c788.log 
code-cassandra-1-1  | INFO  [main] 2023-03-14 22:42:02,752 ColumnFamilyStore.java:1009 - Enqueuing flush of system_schema.functions, Reason: INTERNALLY_FORCED, Usage: 0.511KiB (0%) on-heap, 0.000KiB (0%) off-heap
code-cassandra-1-1  | INFO  [PerDiskMemtableFlushWriter_0:1] 2023-03-14 22:42:02,757 Flushing.java:145 - Writing Memtable-functions@444376888(0.016KiB serialized bytes, 2 ops, 0.511KiB (0%) on-heap, 0.000KiB (0%) off-heap), flushed range = [null, null)
code-cassandra-1-1  | INFO  [PerDiskMemtableFlushWriter_0:1] 2023-03-14 22:42:02,758 Flushing.java:171 - Completed flushing /var/lib/cassandra/data/system_schema/functions-96489b7980be3e14a70166a0b9159450/nb-1-big-Data.db (0.048KiB) for commitlog position CommitLogPosition(segmentId=1678833664732, position=36768)
code-cassandra-3-1  | INFO  [main] 2023-03-14 22:42:02,769 Gossiper.java:2312 - No gossip backlog; proceeding
code-cassandra-1-1  | INFO  [MemtableFlushWriter:2] 2023-03-14 22:42:02,771 LogTransaction.java:242 - Unfinished transaction log, deleting /var/lib/cassandra/data/system_schema/functions-96489b7980be3e14a70166a0b9159450/nb_txn_flush_70523f10-c2b9-11ed-aae5-df498e6badf7.log 
code-cassandra-1-1  | INFO  [main] 2023-03-14 22:42:02,773 ColumnFamilyStore.java:1009 - Enqueuing flush of system_schema.aggregates, Reason: INTERNALLY_FORCED, Usage: 0.511KiB (0%) on-heap, 0.000KiB (0%) off-heap
code-cassandra-3-1  | INFO  [main] 2023-03-14 22:42:02,775 NetworkTopologyStrategy.java:93 - Configured datacenter replicas are datacenter1:rf(3)
code-cassandra-2-1  | INFO  [main] 2023-03-14 22:42:02,777 Keyspace.java:381 - Creating replication strategy system_traces params KeyspaceParams{durable_writes=true, replication=ReplicationParams{class=org.apache.cassandra.locator.SimpleStrategy, replication_factor=2}}
code-cassandra-3-1  | INFO  [main] 2023-03-14 22:42:02,779 TokenAllocatorFactory.java:44 - Using ReplicationAwareTokenAllocator.
code-cassandra-1-1  | INFO  [PerDiskMemtableFlushWriter_0:2] 2023-03-14 22:42:02,779 Flushing.java:145 - Writing Memtable-aggregates@1237262141(0.016KiB serialized bytes, 2 ops, 0.511KiB (0%) on-heap, 0.000KiB (0%) off-heap), flushed range = [null, null)
code-cassandra-1-1  | INFO  [PerDiskMemtableFlushWriter_0:2] 2023-03-14 22:42:02,780 Flushing.java:171 - Completed flushing /var/lib/cassandra/data/system_schema/aggregates-924c55872e3a345bb10c12f37c1ba895/nb-1-big-Data.db (0.048KiB) for commitlog position CommitLogPosition(segmentId=1678833664732, position=36768)
code-cassandra-2-1  | INFO  [main] 2023-03-14 22:42:02,785 ColumnFamilyStore.java:484 - Initializing system_traces.sessions
code-cassandra-1-1  | INFO  [MemtableFlushWriter:1] 2023-03-14 22:42:02,799 LogTransaction.java:242 - Unfinished transaction log, deleting /var/lib/cassandra/data/system_schema/aggregates-924c55872e3a345bb10c12f37c1ba895/nb_txn_flush_70554c50-c2b9-11ed-aae5-df498e6badf7.log 
code-cassandra-1-1  | INFO  [main] 2023-03-14 22:42:02,803 ColumnFamilyStore.java:1009 - Enqueuing flush of system_schema.indexes, Reason: INTERNALLY_FORCED, Usage: 1.089KiB (0%) on-heap, 0.000KiB (0%) off-heap
code-cassandra-2-1  | INFO  [main] 2023-03-14 22:42:02,824 ColumnFamilyStore.java:484 - Initializing system_traces.events
code-cassandra-1-1  | INFO  [PerDiskMemtableFlushWriter_0:1] 2023-03-14 22:42:02,824 Flushing.java:145 - Writing Memtable-indexes@346697904(0.200KiB serialized bytes, 3 ops, 1.089KiB (0%) on-heap, 0.000KiB (0%) off-heap), flushed range = [null, null)
code-cassandra-1-1  | INFO  [PerDiskMemtableFlushWriter_0:1] 2023-03-14 22:42:02,826 Flushing.java:171 - Completed flushing /var/lib/cassandra/data/system_schema/indexes-0feb57ac311f382fba6d9024d305702f/nb-1-big-Data.db (0.191KiB) for commitlog position CommitLogPosition(segmentId=1678833664732, position=36768)
code-cassandra-1-1  | INFO  [MemtableFlushWriter:2] 2023-03-14 22:42:02,843 LogTransaction.java:242 - Unfinished transaction log, deleting /var/lib/cassandra/data/system_schema/indexes-0feb57ac311f382fba6d9024d305702f/nb_txn_flush_705a0740-c2b9-11ed-aae5-df498e6badf7.log 
code-cassandra-3-1  | INFO  [main] 2023-03-14 22:42:02,844 TokenAllocation.java:106 - Selected tokens [-3021500220666327239, 8186907288061755677, 3376557328819856243, -5912544602050402077, 779388580606698870, 6251233529878381660, -7748067939405179887, -810615971907199767, -4100873028113928896, 5155191629643443371, 2398411876303742167, -8819568555745212700, -1777980214985735265, 7342530640570593919, -6730216534662752871, -4836788720824822537]
code-cassandra-1-1  | INFO  [main] 2023-03-14 22:42:02,846 ColumnFamilyStore.java:1009 - Enqueuing flush of system_schema.tables, Reason: INTERNALLY_FORCED, Usage: 82.249KiB (0%) on-heap, 0.000KiB (0%) off-heap
code-cassandra-1-1  | INFO  [PerDiskMemtableFlushWriter_0:2] 2023-03-14 22:42:02,944 Flushing.java:145 - Writing Memtable-tables@932618203(25.119KiB serialized bytes, 37 ops, 82.249KiB (0%) on-heap, 0.000KiB (0%) off-heap), flushed range = [null, null)
code-cassandra-1-1  | INFO  [PerDiskMemtableFlushWriter_0:2] 2023-03-14 22:42:02,949 Flushing.java:171 - Completed flushing /var/lib/cassandra/data/system_schema/tables-afddfb9dbc1e30688056eed6c302ba09/nb-1-big-Data.db (15.487KiB) for commitlog position CommitLogPosition(segmentId=1678833664732, position=36768)
code-cassandra-3-1  | INFO  [main] 2023-03-14 22:42:02,952 ColumnFamilyStore.java:1009 - Enqueuing flush of system_schema.columns, Reason: INTERNALLY_FORCED, Usage: 180.076KiB (0%) on-heap, 0.000KiB (0%) off-heap
code-cassandra-1-1  | INFO  [Messaging-EventLoop-3-9] 2023-03-14 22:42:02,967 InboundConnectionInitiator.java:529 - /172.24.0.4:7000(/172.24.0.4:50370)->/172.24.0.2:7000-SMALL_MESSAGES-21951630 messaging connection established, version = 12, framing = CRC, encryption = unencrypted
code-cassandra-2-1  | INFO  [Messaging-EventLoop-3-1] 2023-03-14 22:42:02,967 OutboundConnection.java:1153 - cassandra-2/172.24.0.4:7000(/172.24.0.4:50370)->cassandra-1/172.24.0.2:7000-SMALL_MESSAGES-d28df72b successfully connected, version = 12, framing = CRC, encryption = unencrypted
code-cassandra-2-1  | INFO  [Messaging-EventLoop-3-4] 2023-03-14 22:42:02,971 OutboundConnection.java:1153 - cassandra-2/172.24.0.4:7000(/172.24.0.4:44478)->cassandra-3/172.24.0.3:7000-SMALL_MESSAGES-89196909 successfully connected, version = 12, framing = CRC, encryption = unencrypted
code-cassandra-3-1  | INFO  [Messaging-EventLoop-3-9] 2023-03-14 22:42:02,971 InboundConnectionInitiator.java:529 - /172.24.0.4:7000(/172.24.0.4:44478)->/172.24.0.3:7000-SMALL_MESSAGES-2029ef20 messaging connection established, version = 12, framing = CRC, encryption = unencrypted
code-cassandra-1-1  | INFO  [MemtableFlushWriter:1] 2023-03-14 22:42:02,973 LogTransaction.java:242 - Unfinished transaction log, deleting /var/lib/cassandra/data/system_schema/tables-afddfb9dbc1e30688056eed6c302ba09/nb_txn_flush_706096f0-c2b9-11ed-aae5-df498e6badf7.log 
code-cassandra-1-1  | INFO  [main] 2023-03-14 22:42:02,978 ColumnFamilyStore.java:1009 - Enqueuing flush of system_schema.views, Reason: INTERNALLY_FORCED, Usage: 0.511KiB (0%) on-heap, 0.000KiB (0%) off-heap
code-cassandra-3-1  | INFO  [PerDiskMemtableFlushWriter_0:1] 2023-03-14 22:42:02,981 Flushing.java:145 - Writing Memtable-columns@1286902457(37.780KiB serialized bytes, 250 ops, 180.076KiB (0%) on-heap, 0.000KiB (0%) off-heap), flushed range = [null, null)
code-cassandra-2-1  | INFO  [main] 2023-03-14 22:42:02,983 ColumnFamilyStore.java:1009 - Enqueuing flush of system_schema.columns, Reason: INTERNALLY_FORCED, Usage: 23.672KiB (0%) on-heap, 0.000KiB (0%) off-heap
code-cassandra-1-1  | INFO  [PerDiskMemtableFlushWriter_0:1] 2023-03-14 22:42:02,995 Flushing.java:145 - Writing Memtable-views@707843106(0.016KiB serialized bytes, 2 ops, 0.511KiB (0%) on-heap, 0.000KiB (0%) off-heap), flushed range = [null, null)
code-cassandra-1-1  | INFO  [PerDiskMemtableFlushWriter_0:1] 2023-03-14 22:42:02,996 Flushing.java:171 - Completed flushing /var/lib/cassandra/data/system_schema/views-9786ac1cdd583201a7cdad556410c985/nb-1-big-Data.db (0.048KiB) for commitlog position CommitLogPosition(segmentId=1678833664732, position=36768)
code-cassandra-3-1  | INFO  [PerDiskMemtableFlushWriter_0:1] 2023-03-14 22:42:03,006 Flushing.java:171 - Completed flushing /var/lib/cassandra/data/system_schema/columns-24101c25a2ae3af787c1b40ee1aca33f/nb-1-big-Data.db (18.605KiB) for commitlog position CommitLogPosition(segmentId=1678833664749, position=36760)
code-cassandra-1-1  | INFO  [MemtableFlushWriter:2] 2023-03-14 22:42:03,018 LogTransaction.java:242 - Unfinished transaction log, deleting /var/lib/cassandra/data/system_schema/views-9786ac1cdd583201a7cdad556410c985/nb_txn_flush_70753060-c2b9-11ed-aae5-df498e6badf7.log 
code-cassandra-2-1  | INFO  [PerDiskMemtableFlushWriter_0:1] 2023-03-14 22:42:03,021 Flushing.java:145 - Writing Memtable-columns@743165415(5.126KiB serialized bytes, 32 ops, 23.672KiB (0%) on-heap, 0.000KiB (0%) off-heap), flushed range = [null, null)
code-cassandra-1-1  | INFO  [main] 2023-03-14 22:42:03,021 ColumnFamilyStore.java:1009 - Enqueuing flush of system_schema.keyspaces, Reason: INTERNALLY_FORCED, Usage: 1.957KiB (0%) on-heap, 0.000KiB (0%) off-heap
code-cassandra-2-1  | INFO  [PerDiskMemtableFlushWriter_0:1] 2023-03-14 22:42:03,025 Flushing.java:171 - Completed flushing /var/lib/cassandra/data/system_schema/columns-24101c25a2ae3af787c1b40ee1aca33f/nb-2-big-Data.db (2.494KiB) for commitlog position CommitLogPosition(segmentId=1678833664771, position=41874)
code-cassandra-3-1  | INFO  [MemtableFlushWriter:2] 2023-03-14 22:42:03,035 LogTransaction.java:242 - Unfinished transaction log, deleting /var/lib/cassandra/data/system_schema/columns-24101c25a2ae3af787c1b40ee1aca33f/nb_txn_flush_707111b0-c2b9-11ed-b68b-898879ed5bfd.log 
code-cassandra-3-1  | INFO  [main] 2023-03-14 22:42:03,040 ColumnFamilyStore.java:1009 - Enqueuing flush of system_schema.dropped_columns, Reason: INTERNALLY_FORCED, Usage: 1.081KiB (0%) on-heap, 0.000KiB (0%) off-heap
code-cassandra-2-1  | INFO  [MemtableFlushWriter:2] 2023-03-14 22:42:03,042 LogTransaction.java:242 - Unfinished transaction log, deleting /var/lib/cassandra/data/system_schema/columns-24101c25a2ae3af787c1b40ee1aca33f/nb_txn_flush_70757e80-c2b9-11ed-9591-8fe43c53c788.log 
code-cassandra-2-1  | INFO  [main] 2023-03-14 22:42:03,048 ColumnFamilyStore.java:1009 - Enqueuing flush of system_schema.tables, Reason: INTERNALLY_FORCED, Usage: 9.696KiB (0%) on-heap, 0.000KiB (0%) off-heap
code-cassandra-1-1  | INFO  [PerDiskMemtableFlushWriter_0:2] 2023-03-14 22:42:03,049 Flushing.java:145 - Writing Memtable-keyspaces@823779952(0.382KiB serialized bytes, 5 ops, 1.957KiB (0%) on-heap, 0.000KiB (0%) off-heap), flushed range = [null, null)
code-cassandra-1-1  | INFO  [PerDiskMemtableFlushWriter_0:2] 2023-03-14 22:42:03,081 Flushing.java:171 - Completed flushing /var/lib/cassandra/data/system_schema/keyspaces-abac5682dea631c5b535b3d6cffd0fb6/nb-1-big-Data.db (0.311KiB) for commitlog position CommitLogPosition(segmentId=1678833664732, position=36768)
code-cassandra-2-1  | INFO  [PerDiskMemtableFlushWriter_0:2] 2023-03-14 22:42:03,088 Flushing.java:145 - Writing Memtable-tables@1498233781(3.006KiB serialized bytes, 4 ops, 9.696KiB (0%) on-heap, 0.000KiB (0%) off-heap), flushed range = [null, null)
code-cassandra-3-1  | INFO  [PerDiskMemtableFlushWriter_0:2] 2023-03-14 22:42:03,088 Flushing.java:145 - Writing Memtable-dropped_columns@2131960399(0.120KiB serialized bytes, 3 ops, 1.081KiB (0%) on-heap, 0.000KiB (0%) off-heap), flushed range = [null, null)
code-cassandra-3-1  | INFO  [PerDiskMemtableFlushWriter_0:2] 2023-03-14 22:42:03,089 Flushing.java:171 - Completed flushing /var/lib/cassandra/data/system_schema/dropped_columns-5e7583b5f3f43af19a39b7e1d6f5f11f/nb-1-big-Data.db (0.097KiB) for commitlog position CommitLogPosition(segmentId=1678833664749, position=36768)
code-cassandra-2-1  | INFO  [PerDiskMemtableFlushWriter_0:2] 2023-03-14 22:42:03,089 Flushing.java:171 - Completed flushing /var/lib/cassandra/data/system_schema/tables-afddfb9dbc1e30688056eed6c302ba09/nb-2-big-Data.db (1.910KiB) for commitlog position CommitLogPosition(segmentId=1678833664771, position=41882)
code-cassandra-1-1  | INFO  [MemtableFlushWriter:1] 2023-03-14 22:42:03,095 LogTransaction.java:242 - Unfinished transaction log, deleting /var/lib/cassandra/data/system_schema/keyspaces-abac5682dea631c5b535b3d6cffd0fb6/nb_txn_flush_707b4ae0-c2b9-11ed-aae5-df498e6badf7.log 
code-cassandra-2-1  | INFO  [MemtableFlushWriter:1] 2023-03-14 22:42:03,107 LogTransaction.java:242 - Unfinished transaction log, deleting /var/lib/cassandra/data/system_schema/tables-afddfb9dbc1e30688056eed6c302ba09/nb_txn_flush_707f6990-c2b9-11ed-9591-8fe43c53c788.log 
code-cassandra-3-1  | INFO  [MemtableFlushWriter:1] 2023-03-14 22:42:03,107 LogTransaction.java:242 - Unfinished transaction log, deleting /var/lib/cassandra/data/system_schema/dropped_columns-5e7583b5f3f43af19a39b7e1d6f5f11f/nb_txn_flush_707e3110-c2b9-11ed-b68b-898879ed5bfd.log 
code-cassandra-3-1  | INFO  [main] 2023-03-14 22:42:03,111 ColumnFamilyStore.java:1009 - Enqueuing flush of system_schema.triggers, Reason: INTERNALLY_FORCED, Usage: 0.513KiB (0%) on-heap, 0.000KiB (0%) off-heap
code-cassandra-2-1  | INFO  [main] 2023-03-14 22:42:03,111 ColumnFamilyStore.java:1009 - Enqueuing flush of system_schema.keyspaces, Reason: INTERNALLY_FORCED, Usage: 0.647KiB (0%) on-heap, 0.000KiB (0%) off-heap
code-cassandra-2-1  | INFO  [PerDiskMemtableFlushWriter_0:1] 2023-03-14 22:42:03,120 Flushing.java:145 - Writing Memtable-keyspaces@1388387003(0.146KiB serialized bytes, 1 ops, 0.647KiB (0%) on-heap, 0.000KiB (0%) off-heap), flushed range = [null, null)
code-cassandra-2-1  | INFO  [PerDiskMemtableFlushWriter_0:1] 2023-03-14 22:42:03,120 Flushing.java:171 - Completed flushing /var/lib/cassandra/data/system_schema/keyspaces-abac5682dea631c5b535b3d6cffd0fb6/nb-2-big-Data.db (0.125KiB) for commitlog position CommitLogPosition(segmentId=1678833664771, position=41882)
code-cassandra-3-1  | INFO  [PerDiskMemtableFlushWriter_0:1] 2023-03-14 22:42:03,126 Flushing.java:145 - Writing Memtable-triggers@134375722(0.016KiB serialized bytes, 2 ops, 0.513KiB (0%) on-heap, 0.000KiB (0%) off-heap), flushed range = [null, null)
code-cassandra-3-1  | INFO  [PerDiskMemtableFlushWriter_0:1] 2023-03-14 22:42:03,127 Flushing.java:171 - Completed flushing /var/lib/cassandra/data/system_schema/triggers-4df70b666b05325195a132b54005fd48/nb-1-big-Data.db (0.048KiB) for commitlog position CommitLogPosition(segmentId=1678833664749, position=36768)
code-cassandra-1-1  | INFO  [main] 2023-03-14 22:42:03,129 Keyspace.java:381 - Creating replication strategy system_traces params KeyspaceParams{durable_writes=true, replication=ReplicationParams{class=org.apache.cassandra.locator.SimpleStrategy, replication_factor=2}}
code-cassandra-2-1  | INFO  [MemtableFlushWriter:2] 2023-03-14 22:42:03,138 LogTransaction.java:242 - Unfinished transaction log, deleting /var/lib/cassandra/data/system_schema/keyspaces-abac5682dea631c5b535b3d6cffd0fb6/nb_txn_flush_70892d90-c2b9-11ed-9591-8fe43c53c788.log 
code-cassandra-3-1  | INFO  [MemtableFlushWriter:2] 2023-03-14 22:42:03,147 LogTransaction.java:242 - Unfinished transaction log, deleting /var/lib/cassandra/data/system_schema/triggers-4df70b666b05325195a132b54005fd48/nb_txn_flush_70890680-c2b9-11ed-b68b-898879ed5bfd.log 
code-cassandra-3-1  | INFO  [main] 2023-03-14 22:42:03,151 ColumnFamilyStore.java:1009 - Enqueuing flush of system_schema.types, Reason: INTERNALLY_FORCED, Usage: 0.513KiB (0%) on-heap, 0.000KiB (0%) off-heap
code-cassandra-1-1  | INFO  [main] 2023-03-14 22:42:03,151 ColumnFamilyStore.java:484 - Initializing system_traces.sessions
code-cassandra-2-1  | INFO  [main] 2023-03-14 22:42:03,166 Keyspace.java:381 - Creating replication strategy system_distributed params KeyspaceParams{durable_writes=true, replication=ReplicationParams{class=org.apache.cassandra.locator.SimpleStrategy, replication_factor=3}}
code-cassandra-3-1  | INFO  [PerDiskMemtableFlushWriter_0:2] 2023-03-14 22:42:03,168 Flushing.java:145 - Writing Memtable-types@974234569(0.016KiB serialized bytes, 2 ops, 0.513KiB (0%) on-heap, 0.000KiB (0%) off-heap), flushed range = [null, null)
code-cassandra-3-1  | INFO  [PerDiskMemtableFlushWriter_0:2] 2023-03-14 22:42:03,169 Flushing.java:171 - Completed flushing /var/lib/cassandra/data/system_schema/types-5a8b1ca866023f77a0459273d308917a/nb-1-big-Data.db (0.048KiB) for commitlog position CommitLogPosition(segmentId=1678833664749, position=36768)
code-cassandra-2-1  | INFO  [main] 2023-03-14 22:42:03,173 ColumnFamilyStore.java:484 - Initializing system_distributed.repair_history
code-cassandra-2-1  | INFO  [main] 2023-03-14 22:42:03,186 ColumnFamilyStore.java:484 - Initializing system_distributed.parent_repair_history
code-cassandra-1-1  | INFO  [main] 2023-03-14 22:42:03,193 ColumnFamilyStore.java:484 - Initializing system_traces.events
code-cassandra-3-1  | INFO  [MemtableFlushWriter:1] 2023-03-14 22:42:03,198 LogTransaction.java:242 - Unfinished transaction log, deleting /var/lib/cassandra/data/system_schema/types-5a8b1ca866023f77a0459273d308917a/nb_txn_flush_708f4810-c2b9-11ed-b68b-898879ed5bfd.log 
code-cassandra-3-1  | INFO  [main] 2023-03-14 22:42:03,203 ColumnFamilyStore.java:1009 - Enqueuing flush of system_schema.functions, Reason: INTERNALLY_FORCED, Usage: 0.513KiB (0%) on-heap, 0.000KiB (0%) off-heap
code-cassandra-2-1  | INFO  [main] 2023-03-14 22:42:03,203 ColumnFamilyStore.java:484 - Initializing system_distributed.view_build_status
code-cassandra-2-1  | INFO  [main] 2023-03-14 22:42:03,217 ColumnFamilyStore.java:484 - Initializing system_distributed.partition_denylist
code-cassandra-3-1  | INFO  [PerDiskMemtableFlushWriter_0:1] 2023-03-14 22:42:03,222 Flushing.java:145 - Writing Memtable-functions@975747867(0.016KiB serialized bytes, 2 ops, 0.513KiB (0%) on-heap, 0.000KiB (0%) off-heap), flushed range = [null, null)
code-cassandra-3-1  | INFO  [PerDiskMemtableFlushWriter_0:1] 2023-03-14 22:42:03,223 Flushing.java:171 - Completed flushing /var/lib/cassandra/data/system_schema/functions-96489b7980be3e14a70166a0b9159450/nb-1-big-Data.db (0.048KiB) for commitlog position CommitLogPosition(segmentId=1678833664749, position=36768)
code-cassandra-2-1  | INFO  [main] 2023-03-14 22:42:03,275 ColumnFamilyStore.java:1009 - Enqueuing flush of system_schema.columns, Reason: INTERNALLY_FORCED, Usage: 10.313KiB (0%) on-heap, 0.000KiB (0%) off-heap
code-cassandra-2-1  | INFO  [PerDiskMemtableFlushWriter_0:2] 2023-03-14 22:42:03,284 Flushing.java:145 - Writing Memtable-columns@666463312(2.092KiB serialized bytes, 14 ops, 10.313KiB (0%) on-heap, 0.000KiB (0%) off-heap), flushed range = [null, null)
code-cassandra-2-1  | INFO  [PerDiskMemtableFlushWriter_0:2] 2023-03-14 22:42:03,287 Flushing.java:171 - Completed flushing /var/lib/cassandra/data/system_schema/columns-24101c25a2ae3af787c1b40ee1aca33f/nb-3-big-Data.db (0.947KiB) for commitlog position CommitLogPosition(segmentId=1678833664771, position=45753)
code-cassandra-3-1  | INFO  [MemtableFlushWriter:2] 2023-03-14 22:42:03,291 LogTransaction.java:242 - Unfinished transaction log, deleting /var/lib/cassandra/data/system_schema/functions-96489b7980be3e14a70166a0b9159450/nb_txn_flush_70973750-c2b9-11ed-b68b-898879ed5bfd.log 
code-cassandra-3-1  | INFO  [main] 2023-03-14 22:42:03,296 ColumnFamilyStore.java:1009 - Enqueuing flush of system_schema.aggregates, Reason: INTERNALLY_FORCED, Usage: 0.513KiB (0%) on-heap, 0.000KiB (0%) off-heap
code-cassandra-1-1  | INFO  [MigrationStage:1] 2023-03-14 22:42:03,302 ColumnFamilyStore.java:1009 - Enqueuing flush of system_schema.columns, Reason: INTERNALLY_FORCED, Usage: 11.673KiB (0%) on-heap, 0.000KiB (0%) off-heap
code-cassandra-3-1  | INFO  [PerDiskMemtableFlushWriter_0:2] 2023-03-14 22:42:03,309 Flushing.java:145 - Writing Memtable-aggregates@354203397(0.016KiB serialized bytes, 2 ops, 0.513KiB (0%) on-heap, 0.000KiB (0%) off-heap), flushed range = [null, null)
code-cassandra-3-1  | INFO  [PerDiskMemtableFlushWriter_0:2] 2023-03-14 22:42:03,311 Flushing.java:171 - Completed flushing /var/lib/cassandra/data/system_schema/aggregates-924c55872e3a345bb10c12f37c1ba895/nb-1-big-Data.db (0.048KiB) for commitlog position CommitLogPosition(segmentId=1678833664749, position=36768)
code-cassandra-2-1  | INFO  [MemtableFlushWriter:1] 2023-03-14 22:42:03,313 LogTransaction.java:242 - Unfinished transaction log, deleting /var/lib/cassandra/data/system_schema/columns-24101c25a2ae3af787c1b40ee1aca33f/nb_txn_flush_70a20cc0-c2b9-11ed-9591-8fe43c53c788.log 
code-cassandra-1-1  | INFO  [PerDiskMemtableFlushWriter_0:1] 2023-03-14 22:42:03,320 Flushing.java:145 - Writing Memtable-columns@103352330(2.313KiB serialized bytes, 16 ops, 11.673KiB (0%) on-heap, 0.000KiB (0%) off-heap), flushed range = [null, null)
code-cassandra-1-1  | INFO  [PerDiskMemtableFlushWriter_0:1] 2023-03-14 22:42:03,324 Flushing.java:171 - Completed flushing /var/lib/cassandra/data/system_schema/columns-24101c25a2ae3af787c1b40ee1aca33f/nb-2-big-Data.db (1.004KiB) for commitlog position CommitLogPosition(segmentId=1678833664732, position=39294)
code-cassandra-2-1  | INFO  [main] 2023-03-14 22:42:03,327 ColumnFamilyStore.java:1009 - Enqueuing flush of system_schema.tables, Reason: INTERNALLY_FORCED, Usage: 11.907KiB (0%) on-heap, 0.000KiB (0%) off-heap
code-cassandra-3-1  | INFO  [MemtableFlushWriter:1] 2023-03-14 22:42:03,342 LogTransaction.java:242 - Unfinished transaction log, deleting /var/lib/cassandra/data/system_schema/aggregates-924c55872e3a345bb10c12f37c1ba895/nb_txn_flush_70a54110-c2b9-11ed-b68b-898879ed5bfd.log 
code-cassandra-3-1  | INFO  [main] 2023-03-14 22:42:03,347 ColumnFamilyStore.java:1009 - Enqueuing flush of system_schema.indexes, Reason: INTERNALLY_FORCED, Usage: 1.091KiB (0%) on-heap, 0.000KiB (0%) off-heap
code-cassandra-2-1  | INFO  [PerDiskMemtableFlushWriter_0:1] 2023-03-14 22:42:03,346 Flushing.java:145 - Writing Memtable-tables@1977460900(3.619KiB serialized bytes, 5 ops, 11.907KiB (0%) on-heap, 0.000KiB (0%) off-heap), flushed range = [null, null)
code-cassandra-2-1  | INFO  [PerDiskMemtableFlushWriter_0:1] 2023-03-14 22:42:03,352 Flushing.java:171 - Completed flushing /var/lib/cassandra/data/system_schema/tables-afddfb9dbc1e30688056eed6c302ba09/nb-3-big-Data.db (2.234KiB) for commitlog position CommitLogPosition(segmentId=1678833664771, position=45761)
code-cassandra-1-1  | INFO  [MemtableFlushWriter:2] 2023-03-14 22:42:03,362 LogTransaction.java:242 - Unfinished transaction log, deleting /var/lib/cassandra/data/system_schema/columns-24101c25a2ae3af787c1b40ee1aca33f/nb_txn_flush_70a65280-c2b9-11ed-aae5-df498e6badf7.log 
code-cassandra-3-1  | INFO  [PerDiskMemtableFlushWriter_0:1] 2023-03-14 22:42:03,369 Flushing.java:145 - Writing Memtable-indexes@2122923710(0.200KiB serialized bytes, 3 ops, 1.091KiB (0%) on-heap, 0.000KiB (0%) off-heap), flushed range = [null, null)
code-cassandra-3-1  | INFO  [PerDiskMemtableFlushWriter_0:1] 2023-03-14 22:42:03,370 Flushing.java:171 - Completed flushing /var/lib/cassandra/data/system_schema/indexes-0feb57ac311f382fba6d9024d305702f/nb-1-big-Data.db (0.191KiB) for commitlog position CommitLogPosition(segmentId=1678833664749, position=36768)
code-cassandra-1-1  | INFO  [MigrationStage:1] 2023-03-14 22:42:03,373 ColumnFamilyStore.java:1009 - Enqueuing flush of system_schema.tables, Reason: INTERNALLY_FORCED, Usage: 4.870KiB (0%) on-heap, 0.000KiB (0%) off-heap
code-cassandra-2-1  | INFO  [MemtableFlushWriter:2] 2023-03-14 22:42:03,389 LogTransaction.java:242 - Unfinished transaction log, deleting /var/lib/cassandra/data/system_schema/tables-afddfb9dbc1e30688056eed6c302ba09/nb_txn_flush_70a9fc00-c2b9-11ed-9591-8fe43c53c788.log 
code-cassandra-1-1  | INFO  [PerDiskMemtableFlushWriter_0:2] 2023-03-14 22:42:03,389 Flushing.java:145 - Writing Memtable-tables@1727382379(1.402KiB serialized bytes, 2 ops, 4.870KiB (0%) on-heap, 0.000KiB (0%) off-heap), flushed range = [null, null)
code-cassandra-1-1  | INFO  [PerDiskMemtableFlushWriter_0:2] 2023-03-14 22:42:03,391 Flushing.java:171 - Completed flushing /var/lib/cassandra/data/system_schema/tables-afddfb9dbc1e30688056eed6c302ba09/nb-2-big-Data.db (0.860KiB) for commitlog position CommitLogPosition(segmentId=1678833664732, position=39302)
code-cassandra-2-1  | INFO  [main] 2023-03-14 22:42:03,394 ColumnFamilyStore.java:1009 - Enqueuing flush of system_schema.keyspaces, Reason: INTERNALLY_FORCED, Usage: 0.641KiB (0%) on-heap, 0.000KiB (0%) off-heap
code-cassandra-3-1  | INFO  [MemtableFlushWriter:2] 2023-03-14 22:42:03,402 LogTransaction.java:242 - Unfinished transaction log, deleting /var/lib/cassandra/data/system_schema/indexes-0feb57ac311f382fba6d9024d305702f/nb_txn_flush_70ad0940-c2b9-11ed-b68b-898879ed5bfd.log 
code-cassandra-3-1  | INFO  [main] 2023-03-14 22:42:03,441 ColumnFamilyStore.java:1009 - Enqueuing flush of system_schema.tables, Reason: INTERNALLY_FORCED, Usage: 82.252KiB (0%) on-heap, 0.000KiB (0%) off-heap
code-cassandra-2-1  | INFO  [PerDiskMemtableFlushWriter_0:2] 2023-03-14 22:42:03,442 Flushing.java:145 - Writing Memtable-keyspaces@544052181(0.146KiB serialized bytes, 1 ops, 0.641KiB (0%) on-heap, 0.000KiB (0%) off-heap), flushed range = [null, null)
code-cassandra-2-1  | INFO  [PerDiskMemtableFlushWriter_0:2] 2023-03-14 22:42:03,443 Flushing.java:171 - Completed flushing /var/lib/cassandra/data/system_schema/keyspaces-abac5682dea631c5b535b3d6cffd0fb6/nb-3-big-Data.db (0.118KiB) for commitlog position CommitLogPosition(segmentId=1678833664771, position=45761)
code-cassandra-3-1  | INFO  [PerDiskMemtableFlushWriter_0:2] 2023-03-14 22:42:03,448 Flushing.java:145 - Writing Memtable-tables@190971757(25.119KiB serialized bytes, 37 ops, 82.252KiB (0%) on-heap, 0.000KiB (0%) off-heap), flushed range = [null, null)
code-cassandra-1-1  | INFO  [MemtableFlushWriter:1] 2023-03-14 22:42:03,448 LogTransaction.java:242 - Unfinished transaction log, deleting /var/lib/cassandra/data/system_schema/tables-afddfb9dbc1e30688056eed6c302ba09/nb_txn_flush_70b100e0-c2b9-11ed-aae5-df498e6badf7.log 
code-cassandra-3-1  | INFO  [PerDiskMemtableFlushWriter_0:2] 2023-03-14 22:42:03,450 Flushing.java:171 - Completed flushing /var/lib/cassandra/data/system_schema/tables-afddfb9dbc1e30688056eed6c302ba09/nb-1-big-Data.db (15.487KiB) for commitlog position CommitLogPosition(segmentId=1678833664749, position=36768)
code-cassandra-1-1  | INFO  [MigrationStage:1] 2023-03-14 22:42:03,452 ColumnFamilyStore.java:1009 - Enqueuing flush of system_schema.keyspaces, Reason: INTERNALLY_FORCED, Usage: 0.642KiB (0%) on-heap, 0.000KiB (0%) off-heap
code-cassandra-1-1  | INFO  [PerDiskMemtableFlushWriter_0:1] 2023-03-14 22:42:03,460 Flushing.java:145 - Writing Memtable-keyspaces@2031299216(0.146KiB serialized bytes, 1 ops, 0.642KiB (0%) on-heap, 0.000KiB (0%) off-heap), flushed range = [null, null)
code-cassandra-1-1  | INFO  [PerDiskMemtableFlushWriter_0:1] 2023-03-14 22:42:03,461 Flushing.java:171 - Completed flushing /var/lib/cassandra/data/system_schema/keyspaces-abac5682dea631c5b535b3d6cffd0fb6/nb-2-big-Data.db (0.120KiB) for commitlog position CommitLogPosition(segmentId=1678833664732, position=39302)
code-cassandra-3-1  | INFO  [MemtableFlushWriter:1] 2023-03-14 22:42:03,469 LogTransaction.java:242 - Unfinished transaction log, deleting /var/lib/cassandra/data/system_schema/tables-afddfb9dbc1e30688056eed6c302ba09/nb_txn_flush_70bb6120-c2b9-11ed-b68b-898879ed5bfd.log 
code-cassandra-3-1  | INFO  [main] 2023-03-14 22:42:03,472 ColumnFamilyStore.java:1009 - Enqueuing flush of system_schema.views, Reason: INTERNALLY_FORCED, Usage: 0.513KiB (0%) on-heap, 0.000KiB (0%) off-heap
code-cassandra-2-1  | INFO  [MemtableFlushWriter:1] 2023-03-14 22:42:03,472 LogTransaction.java:242 - Unfinished transaction log, deleting /var/lib/cassandra/data/system_schema/keyspaces-abac5682dea631c5b535b3d6cffd0fb6/nb_txn_flush_70b45c40-c2b9-11ed-9591-8fe43c53c788.log 
code-cassandra-1-1  | INFO  [MemtableFlushWriter:2] 2023-03-14 22:42:03,482 LogTransaction.java:242 - Unfinished transaction log, deleting /var/lib/cassandra/data/system_schema/keyspaces-abac5682dea631c5b535b3d6cffd0fb6/nb_txn_flush_70bd0ed0-c2b9-11ed-aae5-df498e6badf7.log 
code-cassandra-3-1  | INFO  [PerDiskMemtableFlushWriter_0:1] 2023-03-14 22:42:03,482 Flushing.java:145 - Writing Memtable-views@381700748(0.016KiB serialized bytes, 2 ops, 0.513KiB (0%) on-heap, 0.000KiB (0%) off-heap), flushed range = [null, null)
code-cassandra-3-1  | INFO  [PerDiskMemtableFlushWriter_0:1] 2023-03-14 22:42:03,484 Flushing.java:171 - Completed flushing /var/lib/cassandra/data/system_schema/views-9786ac1cdd583201a7cdad556410c985/nb-1-big-Data.db (0.048KiB) for commitlog position CommitLogPosition(segmentId=1678833664749, position=36768)
code-cassandra-3-1  | INFO  [MemtableFlushWriter:2] 2023-03-14 22:42:03,508 LogTransaction.java:242 - Unfinished transaction log, deleting /var/lib/cassandra/data/system_schema/views-9786ac1cdd583201a7cdad556410c985/nb_txn_flush_70c01c10-c2b9-11ed-b68b-898879ed5bfd.log 
code-cassandra-3-1  | INFO  [main] 2023-03-14 22:42:03,513 ColumnFamilyStore.java:1009 - Enqueuing flush of system_schema.keyspaces, Reason: INTERNALLY_FORCED, Usage: 1.960KiB (0%) on-heap, 0.000KiB (0%) off-heap
code-cassandra-2-1  | INFO  [main] 2023-03-14 22:42:03,516 Keyspace.java:381 - Creating replication strategy system_auth params KeyspaceParams{durable_writes=true, replication=ReplicationParams{class=org.apache.cassandra.locator.SimpleStrategy, replication_factor=1}}
code-cassandra-2-1  | INFO  [main] 2023-03-14 22:42:03,521 ColumnFamilyStore.java:484 - Initializing system_auth.roles
code-cassandra-3-1  | INFO  [PerDiskMemtableFlushWriter_0:2] 2023-03-14 22:42:03,541 Flushing.java:145 - Writing Memtable-keyspaces@1837544724(0.382KiB serialized bytes, 5 ops, 1.960KiB (0%) on-heap, 0.000KiB (0%) off-heap), flushed range = [null, null)
code-cassandra-3-1  | INFO  [PerDiskMemtableFlushWriter_0:2] 2023-03-14 22:42:03,543 Flushing.java:171 - Completed flushing /var/lib/cassandra/data/system_schema/keyspaces-abac5682dea631c5b535b3d6cffd0fb6/nb-1-big-Data.db (0.311KiB) for commitlog position CommitLogPosition(segmentId=1678833664749, position=36768)
code-cassandra-2-1  | INFO  [main] 2023-03-14 22:42:03,549 ColumnFamilyStore.java:484 - Initializing system_auth.role_members
code-cassandra-2-1  | INFO  [main] 2023-03-14 22:42:03,557 ColumnFamilyStore.java:484 - Initializing system_auth.role_permissions
code-cassandra-3-1  | INFO  [MemtableFlushWriter:1] 2023-03-14 22:42:03,566 LogTransaction.java:242 - Unfinished transaction log, deleting /var/lib/cassandra/data/system_schema/keyspaces-abac5682dea631c5b535b3d6cffd0fb6/nb_txn_flush_70c684b0-c2b9-11ed-b68b-898879ed5bfd.log 
code-cassandra-2-1  | INFO  [main] 2023-03-14 22:42:03,573 ColumnFamilyStore.java:484 - Initializing system_auth.resource_role_permissons_index
code-cassandra-2-1  | INFO  [main] 2023-03-14 22:42:03,586 ColumnFamilyStore.java:484 - Initializing system_auth.network_permissions
code-cassandra-1-1  | INFO  [MigrationStage:1] 2023-03-14 22:42:03,589 DefaultSchemaUpdateHandler.java:221 - Applying schema change due to received mutations: SchemaTransformationResult{cf09156c-73ae-3a44-9629-ce7193675e6b --> cf09156c-73ae-3a44-9629-ce7193675e6b, diff=KeyspacesDiff{created=[], dropped=[], altered=[]}}
