code-cassandra-3-1  | INFO  [PerDiskMemtableFlushWriter_0:4] 2023-03-15 00:03:08,867 Flushing.java:145 - Writing Memtable-size_estimates@1155984350(21.169KiB serialized bytes, 935 ops, 107.561KiB (0%) on-heap, 0.000KiB (0%) off-heap), flushed range = [min(-9223372036854775808), max(9223372036854775807))
code-cassandra-1-1  | INFO  [PerDiskMemtableFlushWriter_0:3] 2023-03-15 00:03:08,872 Flushing.java:171 - Completed flushing /var/lib/cassandra/data/system/size_estimates-618f817b005f3678b8a453f3930b8e86/nb-1-big-Data.db (16.045KiB) for commitlog position CommitLogPosition(segmentId=1678833664732, position=287830)
code-cassandra-3-1  | INFO  [PerDiskMemtableFlushWriter_0:4] 2023-03-15 00:03:08,882 Flushing.java:171 - Completed flushing /var/lib/cassandra/data/system/size_estimates-618f817b005f3678b8a453f3930b8e86/nb-1-big-Data.db (15.174KiB) for commitlog position CommitLogPosition(segmentId=1678833664749, position=322868)
code-cassandra-3-1  | INFO  [PerDiskMemtableFlushWriter_0:3] 2023-03-15 00:03:08,913 Flushing.java:145 - Writing Memtable-table_estimates@1582265281(45.752KiB serialized bytes, 1836 ops, 236.933KiB (0%) on-heap, 0.000KiB (0%) off-heap), flushed range = [min(-9223372036854775808), max(9223372036854775807))
code-cassandra-2-1  | INFO  [PerDiskMemtableFlushWriter_0:4] 2023-03-15 00:03:08,924 Flushing.java:145 - Writing Memtable-table_estimates@1395128066(45.730KiB serialized bytes, 1870 ops, 237.411KiB (0%) on-heap, 0.000KiB (0%) off-heap), flushed range = [min(-9223372036854775808), max(9223372036854775807))
code-cassandra-3-1  | INFO  [PerDiskMemtableFlushWriter_0:3] 2023-03-15 00:03:08,931 Flushing.java:171 - Completed flushing /var/lib/cassandra/data/system/table_estimates-176c39cdb93d33a5a2188eb06a56f66e/nb-1-big-Data.db (34.517KiB) for commitlog position CommitLogPosition(segmentId=1678833664749, position=322868)
code-cassandra-2-1  | INFO  [PerDiskMemtableFlushWriter_0:4] 2023-03-15 00:03:08,944 Flushing.java:171 - Completed flushing /var/lib/cassandra/data/system/table_estimates-176c39cdb93d33a5a2188eb06a56f66e/nb-1-big-Data.db (34.495KiB) for commitlog position CommitLogPosition(segmentId=1678833664771, position=325778)
code-cassandra-1-1  | INFO  [PerDiskMemtableFlushWriter_0:4] 2023-03-15 00:03:08,952 Flushing.java:145 - Writing Memtable-table_estimates@305995427(48.547KiB serialized bytes, 1584 ops, 245.883KiB (0%) on-heap, 0.000KiB (0%) off-heap), flushed range = [min(-9223372036854775808), max(9223372036854775807))
code-cassandra-1-1  | INFO  [PerDiskMemtableFlushWriter_0:4] 2023-03-15 00:03:08,968 Flushing.java:171 - Completed flushing /var/lib/cassandra/data/system/table_estimates-176c39cdb93d33a5a2188eb06a56f66e/nb-1-big-Data.db (36.495KiB) for commitlog position CommitLogPosition(segmentId=1678833664732, position=287830)
code-cassandra-1-1  | WARN  [Messaging-EventLoop-3-8] 2023-03-15 00:57:11,700 NoSpamLogger.java:108 - Bad timestamp 1678838599050 generated, overriding with currentTimeMillis = 1678841833811
code-cassandra-1-1  | WARN  [GossipTasks:1] 2023-03-15 00:57:11,702 FailureDetector.java:335 - Not marking nodes down due to local pause of 3238130947693ns > 5000000000ns
code-cassandra-3-1  | WARN  [GossipTasks:1] 2023-03-15 00:57:11,694 FailureDetector.java:335 - Not marking nodes down due to local pause of 3238228761835ns > 5000000000ns
code-cassandra-3-1  | WARN  [Messaging-EventLoop-3-1] 2023-03-15 00:57:11,705 NoSpamLogger.java:108 - Bad timestamp 1678841833811 generated, overriding with currentTimeMillis = 1678838599050
code-cassandra-2-1  | WARN  [GossipTasks:1] 2023-03-15 00:57:13,805 FailureDetector.java:335 - Not marking nodes down due to local pause of 3237781061836ns > 5000000000ns
code-cassandra-2-1  | WARN  [Messaging-EventLoop-3-3] 2023-03-15 00:57:11,704 NoSpamLogger.java:108 - cassandra-2/172.24.0.4:7000->cassandra-1/172.24.0.2:7000-URGENT_MESSAGES-4010bf02 dropping message of type GOSSIP_DIGEST_SYN whose timeout expired before reaching the network
code-cassandra-3-1  | INFO  [ScheduledTasks:1] 2023-03-15 00:57:16,344 MessagingMetrics.java:207 - GOSSIP_DIGEST_SYN messages were dropped in last 5000 ms: 0 internal and 1 cross node. Mean internal dropped latency: 0 ms and Mean cross-node dropped latency: 3449259 ms
code-cassandra-3-1  | INFO  [ScheduledTasks:1] 2023-03-15 00:57:16,348 StatusLogger.java:65 - Pool Name                       Active   Pending      Completed   Blocked  All Time Blocked
code-cassandra-3-1  | INFO  [ScheduledTasks:1] 2023-03-15 00:57:16,349 StatusLogger.java:69 - ReadStage                            0         0             21         0                 0
code-cassandra-3-1  | INFO  [ScheduledTasks:1] 2023-03-15 00:57:16,350 StatusLogger.java:69 - CompactionExecutor                   0         0            717         0                 0
code-cassandra-3-1  | INFO  [ScheduledTasks:1] 2023-03-15 00:57:16,350 StatusLogger.java:69 - MutationStage                        0         0              1         0                 0
code-cassandra-3-1  | INFO  [ScheduledTasks:1] 2023-03-15 00:57:16,350 StatusLogger.java:69 - MemtableReclaimMemory                0         0             47         0                 0
code-cassandra-3-1  | INFO  [ScheduledTasks:1] 2023-03-15 00:57:16,351 StatusLogger.java:69 - PendingRangeCalculator               0         0              4         0                 0
code-cassandra-3-1  | INFO  [ScheduledTasks:1] 2023-03-15 00:57:16,351 StatusLogger.java:69 - GossipStage                          0         0           3300         0                 0
code-cassandra-3-1  | INFO  [ScheduledTasks:1] 2023-03-15 00:57:16,352 StatusLogger.java:69 - SecondaryIndexManagement             0         0              1         0                 0
code-cassandra-3-1  | INFO  [ScheduledTasks:1] 2023-03-15 00:57:16,352 StatusLogger.java:69 - HintsDispatcher                      0         0              0         0                 0
code-cassandra-3-1  | INFO  [ScheduledTasks:1] 2023-03-15 00:57:16,352 StatusLogger.java:69 - Native-Transport-Requests            0         0              7         0                 0
code-cassandra-3-1  | INFO  [ScheduledTasks:1] 2023-03-15 00:57:16,352 StatusLogger.java:69 - MigrationStage                       0         0             12         0                 0
code-cassandra-3-1  | INFO  [ScheduledTasks:1] 2023-03-15 00:57:16,353 StatusLogger.java:69 - MemtableFlushWriter                  0         0             47         0                 0
code-cassandra-3-1  | INFO  [ScheduledTasks:1] 2023-03-15 00:57:16,353 StatusLogger.java:69 - MemtablePostFlush                    0         0             96         0                 0
code-cassandra-3-1  | INFO  [ScheduledTasks:1] 2023-03-15 00:57:16,353 StatusLogger.java:69 - PerDiskMemtableFlushWriter_0         0         0             44         0                 0
code-cassandra-3-1  | INFO  [ScheduledTasks:1] 2023-03-15 00:57:16,353 StatusLogger.java:69 - Sampler                              0         0              0         0                 0
code-cassandra-3-1  | INFO  [ScheduledTasks:1] 2023-03-15 00:57:16,354 StatusLogger.java:69 - ValidationExecutor                   0         0              0         0                 0
code-cassandra-3-1  | INFO  [ScheduledTasks:1] 2023-03-15 00:57:16,354 StatusLogger.java:69 - ViewBuildExecutor                    0         0              0         0                 0
code-cassandra-3-1  | INFO  [ScheduledTasks:1] 2023-03-15 00:57:16,354 StatusLogger.java:69 - CacheCleanupExecutor                 0         0              0         0                 0
code-cassandra-3-1  | INFO  [ScheduledTasks:1] 2023-03-15 00:57:16,357 StatusLogger.java:79 - CompactionManager                 0         0
code-cassandra-3-1  | INFO  [ScheduledTasks:1] 2023-03-15 00:57:16,358 StatusLogger.java:91 - MessagingService                n/a       0/0
code-cassandra-3-1  | INFO  [ScheduledTasks:1] 2023-03-15 00:57:16,359 StatusLogger.java:101 - Cache Type                     Size                 Capacity               KeysToSave
code-cassandra-3-1  | INFO  [ScheduledTasks:1] 2023-03-15 00:57:16,360 StatusLogger.java:103 - KeyCache                        896                104857600                      all
code-cassandra-3-1  | INFO  [ScheduledTasks:1] 2023-03-15 00:57:16,361 StatusLogger.java:109 - RowCache                          0                        0                      all
code-cassandra-3-1  | INFO  [ScheduledTasks:1] 2023-03-15 00:57:16,361 StatusLogger.java:116 - Table                       Memtable ops,data
code-cassandra-3-1  | INFO  [ScheduledTasks:1] 2023-03-15 00:57:16,362 StatusLogger.java:119 - system_schema.columns                     0,0
code-cassandra-3-1  | INFO  [ScheduledTasks:1] 2023-03-15 00:57:16,362 StatusLogger.java:119 - system_schema.types                       0,0
code-cassandra-3-1  | INFO  [ScheduledTasks:1] 2023-03-15 00:57:16,362 StatusLogger.java:119 - system_schema.indexes                     0,0
code-cassandra-3-1  | INFO  [ScheduledTasks:1] 2023-03-15 00:57:16,362 StatusLogger.java:119 - system_schema.keyspaces                   0,0
code-cassandra-3-1  | INFO  [ScheduledTasks:1] 2023-03-15 00:57:16,362 StatusLogger.java:119 - system_schema.dropped_columns                 0,0
code-cassandra-3-1  | INFO  [ScheduledTasks:1] 2023-03-15 00:57:16,363 StatusLogger.java:119 - system_schema.aggregates                  0,0
code-cassandra-3-1  | INFO  [ScheduledTasks:1] 2023-03-15 00:57:16,363 StatusLogger.java:119 - system_schema.triggers                    0,0
code-cassandra-3-1  | INFO  [ScheduledTasks:1] 2023-03-15 00:57:16,363 StatusLogger.java:119 - system_schema.tables                      0,0
code-cassandra-3-1  | INFO  [ScheduledTasks:1] 2023-03-15 00:57:16,363 StatusLogger.java:119 - system_schema.views                       0,0
code-cassandra-3-1  | INFO  [ScheduledTasks:1] 2023-03-15 00:57:16,363 StatusLogger.java:119 - system_schema.functions                   0,0
code-cassandra-3-1  | INFO  [ScheduledTasks:1] 2023-03-15 00:57:16,364 StatusLogger.java:119 - system.compaction_history                 0,0
code-cassandra-3-1  | INFO  [ScheduledTasks:1] 2023-03-15 00:57:16,364 StatusLogger.java:119 - system.IndexInfo                          0,0
code-cassandra-3-1  | INFO  [ScheduledTasks:1] 2023-03-15 00:57:16,364 StatusLogger.java:119 - system.repairs                            0,0
code-cassandra-3-1  | INFO  [ScheduledTasks:1] 2023-03-15 00:57:16,364 StatusLogger.java:119 - system.size_estimates               187,21677
code-cassandra-3-1  | INFO  [ScheduledTasks:1] 2023-03-15 00:57:16,365 StatusLogger.java:119 - system.table_estimates              408,46850
code-cassandra-3-1  | INFO  [ScheduledTasks:1] 2023-03-15 00:57:16,373 StatusLogger.java:119 - system.paxos                              0,0
code-cassandra-3-1  | INFO  [ScheduledTasks:1] 2023-03-15 00:57:16,373 StatusLogger.java:119 - system.sstable_activity_v2                 0,0
code-cassandra-3-1  | INFO  [ScheduledTasks:1] 2023-03-15 00:57:16,373 StatusLogger.java:119 - system.paxos_repair_history                 0,0
code-cassandra-3-1  | INFO  [ScheduledTasks:1] 2023-03-15 00:57:16,373 StatusLogger.java:119 - system.built_views                        0,0
code-cassandra-3-1  | INFO  [ScheduledTasks:1] 2023-03-15 00:57:16,374 StatusLogger.java:119 - system.peer_events                        0,0
code-cassandra-3-1  | INFO  [ScheduledTasks:1] 2023-03-15 00:57:16,374 StatusLogger.java:119 - system.peers_v2                           0,0
code-cassandra-3-1  | INFO  [ScheduledTasks:1] 2023-03-15 00:57:16,374 StatusLogger.java:119 - system.peers                              0,0
code-cassandra-3-1  | INFO  [ScheduledTasks:1] 2023-03-15 00:57:16,374 StatusLogger.java:119 - system.peer_events_v2                     0,0
code-cassandra-3-1  | INFO  [ScheduledTasks:1] 2023-03-15 00:57:16,375 StatusLogger.java:119 - system.batches                            0,0
code-cassandra-3-1  | INFO  [ScheduledTasks:1] 2023-03-15 00:57:16,375 StatusLogger.java:119 - system.transferred_ranges                 0,0
code-cassandra-3-1  | INFO  [ScheduledTasks:1] 2023-03-15 00:57:16,375 StatusLogger.java:119 - system.transferred_ranges_v2                 0,0
code-cassandra-3-1  | INFO  [ScheduledTasks:1] 2023-03-15 00:57:16,375 StatusLogger.java:119 - system.view_builds_in_progress                 0,0
code-cassandra-3-1  | INFO  [ScheduledTasks:1] 2023-03-15 00:57:16,375 StatusLogger.java:119 - system.local                              0,0
code-cassandra-3-1  | INFO  [ScheduledTasks:1] 2023-03-15 00:57:16,376 StatusLogger.java:119 - system.sstable_activity                   0,0
code-cassandra-3-1  | INFO  [ScheduledTasks:1] 2023-03-15 00:57:16,376 StatusLogger.java:119 - system.top_partitions                     0,0
code-cassandra-3-1  | INFO  [ScheduledTasks:1] 2023-03-15 00:57:16,376 StatusLogger.java:119 - system.available_ranges_v2                 0,0
code-cassandra-3-1  | INFO  [ScheduledTasks:1] 2023-03-15 00:57:16,376 StatusLogger.java:119 - system.available_ranges                   0,0
code-cassandra-3-1  | INFO  [ScheduledTasks:1] 2023-03-15 00:57:16,377 StatusLogger.java:119 - system.prepared_statements                 0,0
code-cassandra-3-1  | INFO  [ScheduledTasks:1] 2023-03-15 00:57:16,377 StatusLogger.java:119 - system_traces.sessions                    0,0
code-cassandra-3-1  | INFO  [ScheduledTasks:1] 2023-03-15 00:57:16,377 StatusLogger.java:119 - system_traces.events                      0,0
code-cassandra-3-1  | INFO  [ScheduledTasks:1] 2023-03-15 00:57:16,378 StatusLogger.java:119 - system_distributed.parent_repair_history                 0,0
code-cassandra-3-1  | INFO  [ScheduledTasks:1] 2023-03-15 00:57:16,378 StatusLogger.java:119 - system_distributed.repair_history                 0,0
code-cassandra-3-1  | INFO  [ScheduledTasks:1] 2023-03-15 00:57:16,378 StatusLogger.java:119 - system_distributed.partition_denylist                 0,0
code-cassandra-3-1  | INFO  [ScheduledTasks:1] 2023-03-15 00:57:16,378 StatusLogger.java:119 - system_distributed.view_build_status                 0,0
code-cassandra-3-1  | INFO  [ScheduledTasks:1] 2023-03-15 00:57:16,379 StatusLogger.java:119 - system_auth.roles                       1,139
code-cassandra-3-1  | INFO  [ScheduledTasks:1] 2023-03-15 00:57:16,379 StatusLogger.java:119 - system_auth.role_members                  0,0
code-cassandra-3-1  | INFO  [ScheduledTasks:1] 2023-03-15 00:57:16,380 StatusLogger.java:119 - system_auth.resource_role_permissons_index                 0,0
code-cassandra-3-1  | INFO  [ScheduledTasks:1] 2023-03-15 00:57:16,380 StatusLogger.java:119 - system_auth.network_permissions                 0,0
code-cassandra-3-1  | INFO  [ScheduledTasks:1] 2023-03-15 00:57:16,381 StatusLogger.java:119 - system_auth.role_permissions                 0,0
code-cassandra-1-1  | WARN  [GossipTasks:1] 2023-03-15 01:51:17,627 FailureDetector.java:335 - Not marking nodes down due to local pause of 3237916582400ns > 5000000000ns
code-cassandra-1-1  | INFO  [IndexSummaryManager:1] 2023-03-15 01:51:15,842 IndexSummaryRedistribution.java:87 - Redistributing index summaries
code-cassandra-1-1  | INFO  [IndexSummaryManager:1] 2023-03-15 01:51:15,845 IndexSummaryRedistribution.java:98 - Beginning redistribution of index summaries for 18 sstables with memory pool size 170 MiB; current spaced used is 4.3201446533203125E-4 MiB
code-cassandra-2-1  | WARN  [GossipTasks:1] 2023-03-15 01:51:17,625 FailureDetector.java:335 - Not marking nodes down due to local pause of 3237426202481ns > 5000000000ns
code-cassandra-2-1  | INFO  [IndexSummaryManager:1] 2023-03-15 01:51:15,513 IndexSummaryRedistribution.java:87 - Redistributing index summaries
code-cassandra-2-1  | INFO  [IndexSummaryManager:1] 2023-03-15 01:51:15,847 IndexSummaryRedistribution.java:98 - Beginning redistribution of index summaries for 18 sstables with memory pool size 170 MiB; current spaced used is 4.3201446533203125E-4 MiB
code-cassandra-2-1  | INFO  [IndexSummaryManager:1] 2023-03-15 01:51:15,849 IndexSummaryRedistribution.java:250 - index summaries: downsample: 0, force resample: 0, upsample: 0, force upsample: 0
code-cassandra-1-1  | INFO  [IndexSummaryManager:1] 2023-03-15 01:51:15,849 IndexSummaryRedistribution.java:250 - index summaries: downsample: 0, force resample: 0, upsample: 0, force upsample: 0
code-cassandra-3-1  | WARN  [GossipTasks:1] 2023-03-15 01:51:15,509 FailureDetector.java:335 - Not marking nodes down due to local pause of 3237930748464ns > 5000000000ns
code-cassandra-3-1  | WARN  [Messaging-EventLoop-3-8] 2023-03-15 01:51:15,509 NoSpamLogger.java:108 - cassandra-3/172.24.0.3:7000->cassandra-2/172.24.0.4:7000-URGENT_MESSAGES-c7f7e673 dropping message of type GOSSIP_DIGEST_SYN whose timeout expired before reaching the network
code-cassandra-2-1  | INFO  [IndexSummaryManager:1] 2023-03-15 01:51:15,863 IndexSummaryRedistribution.java:137 - Completed resizing of index summaries; current approximate memory used: 4.3201446533203125E-4 MiB, time spent: 350ms
code-cassandra-1-1  | INFO  [ScheduledTasks:1] 2023-03-15 01:51:15,850 ColumnFamilyStore.java:1009 - Enqueuing flush of system.size_estimates, Reason: MEMTABLE_PERIOD_EXPIRED, Usage: 104.997KiB (0%) on-heap, 0.000KiB (0%) off-heap
code-cassandra-3-1  | INFO  [IndexSummaryManager:1] 2023-03-15 01:51:15,864 IndexSummaryRedistribution.java:87 - Redistributing index summaries
code-cassandra-3-1  | INFO  [ScheduledTasks:1] 2023-03-15 01:51:15,873 ColumnFamilyStore.java:1009 - Enqueuing flush of system.size_estimates, Reason: MEMTABLE_PERIOD_EXPIRED, Usage: 97.100KiB (0%) on-heap, 0.000KiB (0%) off-heap
code-cassandra-3-1  | INFO  [IndexSummaryManager:1] 2023-03-15 01:51:15,877 IndexSummaryRedistribution.java:98 - Beginning redistribution of index summaries for 18 sstables with memory pool size 170 MiB; current spaced used is 4.3201446533203125E-4 MiB
code-cassandra-3-1  | INFO  [ScheduledTasks:1] 2023-03-15 01:51:15,877 ColumnFamilyStore.java:1009 - Enqueuing flush of system.table_estimates, Reason: MEMTABLE_PERIOD_EXPIRED, Usage: 216.769KiB (0%) on-heap, 0.000KiB (0%) off-heap
code-cassandra-2-1  | INFO  [ScheduledTasks:1] 2023-03-15 01:51:15,861 ColumnFamilyStore.java:1009 - Enqueuing flush of system.size_estimates, Reason: MEMTABLE_PERIOD_EXPIRED, Usage: 96.589KiB (0%) on-heap, 0.000KiB (0%) off-heap
code-cassandra-3-1  | INFO  [IndexSummaryManager:1] 2023-03-15 01:51:15,893 IndexSummaryRedistribution.java:250 - index summaries: downsample: 0, force resample: 0, upsample: 0, force upsample: 0
code-cassandra-1-1  | INFO  [ScheduledTasks:1] 2023-03-15 01:51:15,852 ColumnFamilyStore.java:1009 - Enqueuing flush of system.table_estimates, Reason: MEMTABLE_PERIOD_EXPIRED, Usage: 234.195KiB (0%) on-heap, 0.000KiB (0%) off-heap
code-cassandra-1-1  | INFO  [IndexSummaryManager:1] 2023-03-15 01:51:15,868 IndexSummaryRedistribution.java:137 - Completed resizing of index summaries; current approximate memory used: 4.3201446533203125E-4 MiB, time spent: 26ms
code-cassandra-1-1  | INFO  [PerDiskMemtableFlushWriter_0:5] 2023-03-15 01:51:15,878 Flushing.java:145 - Writing Memtable-size_estimates@1117729393(22.459KiB serialized bytes, 378 ops, 104.997KiB (0%) on-heap, 0.000KiB (0%) off-heap), flushed range = [min(-9223372036854775808), max(9223372036854775807))
code-cassandra-2-1  | INFO  [ScheduledTasks:1] 2023-03-15 01:51:15,872 ColumnFamilyStore.java:1009 - Enqueuing flush of system.table_estimates, Reason: MEMTABLE_PERIOD_EXPIRED, Usage: 216.560KiB (0%) on-heap, 0.000KiB (0%) off-heap
code-cassandra-3-1  | INFO  [PerDiskMemtableFlushWriter_0:5] 2023-03-15 01:51:15,901 Flushing.java:145 - Writing Memtable-size_estimates@557628641(21.169KiB serialized bytes, 221 ops, 97.100KiB (0%) on-heap, 0.000KiB (0%) off-heap), flushed range = [min(-9223372036854775808), max(9223372036854775807))
code-cassandra-2-1  | INFO  [PerDiskMemtableFlushWriter_0:5] 2023-03-15 01:51:15,893 Flushing.java:145 - Writing Memtable-size_estimates@2091860765(21.158KiB serialized bytes, 221 ops, 97.089KiB (0%) on-heap, 0.000KiB (0%) off-heap), flushed range = [min(-9223372036854775808), max(9223372036854775807))
code-cassandra-1-1  | INFO  [PerDiskMemtableFlushWriter_0:5] 2023-03-15 01:51:15,888 Flushing.java:171 - Completed flushing /var/lib/cassandra/data/system/size_estimates-618f817b005f3678b8a453f3930b8e86/nb-2-big-Data.db (16.045KiB) for commitlog position CommitLogPosition(segmentId=1678833664732, position=392517)
code-cassandra-3-1  | INFO  [PerDiskMemtableFlushWriter_0:5] 2023-03-15 01:51:15,904 Flushing.java:171 - Completed flushing /var/lib/cassandra/data/system/size_estimates-618f817b005f3678b8a453f3930b8e86/nb-2-big-Data.db (14.840KiB) for commitlog position CommitLogPosition(segmentId=1678833664749, position=384645)
code-cassandra-2-1  | INFO  [PerDiskMemtableFlushWriter_0:5] 2023-03-15 01:51:15,897 Flushing.java:171 - Completed flushing /var/lib/cassandra/data/system/size_estimates-618f817b005f3678b8a453f3930b8e86/nb-2-big-Data.db (14.829KiB) for commitlog position CommitLogPosition(segmentId=1678833664771, position=382824)
code-cassandra-1-1  | INFO  [PerDiskMemtableFlushWriter_0:6] 2023-03-15 01:51:15,895 Flushing.java:145 - Writing Memtable-table_estimates@408274807(48.547KiB serialized bytes, 792 ops, 234.195KiB (0%) on-heap, 0.000KiB (0%) off-heap), flushed range = [min(-9223372036854775808), max(9223372036854775807))
code-cassandra-1-1  | INFO  [PerDiskMemtableFlushWriter_0:6] 2023-03-15 01:51:15,909 Flushing.java:171 - Completed flushing /var/lib/cassandra/data/system/table_estimates-176c39cdb93d33a5a2188eb06a56f66e/nb-2-big-Data.db (36.495KiB) for commitlog position CommitLogPosition(segmentId=1678833664732, position=392517)
code-cassandra-2-1  | INFO  [PerDiskMemtableFlushWriter_0:6] 2023-03-15 01:51:15,907 Flushing.java:145 - Writing Memtable-table_estimates@1171630285(45.730KiB serialized bytes, 442 ops, 216.560KiB (0%) on-heap, 0.000KiB (0%) off-heap), flushed range = [min(-9223372036854775808), max(9223372036854775807))
code-cassandra-2-1  | INFO  [PerDiskMemtableFlushWriter_0:6] 2023-03-15 01:51:15,913 Flushing.java:171 - Completed flushing /var/lib/cassandra/data/system/table_estimates-176c39cdb93d33a5a2188eb06a56f66e/nb-2-big-Data.db (33.827KiB) for commitlog position CommitLogPosition(segmentId=1678833664771, position=385803)
code-cassandra-3-1  | INFO  [IndexSummaryManager:1] 2023-03-15 01:51:15,921 IndexSummaryRedistribution.java:137 - Completed resizing of index summaries; current approximate memory used: 4.3201446533203125E-4 MiB, time spent: 57ms
code-cassandra-3-1  | INFO  [PerDiskMemtableFlushWriter_0:6] 2023-03-15 01:51:15,922 Flushing.java:145 - Writing Memtable-table_estimates@571411318(45.752KiB serialized bytes, 476 ops, 217.003KiB (0%) on-heap, 0.000KiB (0%) off-heap), flushed range = [min(-9223372036854775808), max(9223372036854775807))
code-cassandra-3-1  | INFO  [PerDiskMemtableFlushWriter_0:6] 2023-03-15 01:51:15,936 Flushing.java:171 - Completed flushing /var/lib/cassandra/data/system/table_estimates-176c39cdb93d33a5a2188eb06a56f66e/nb-2-big-Data.db (34.517KiB) for commitlog position CommitLogPosition(segmentId=1678833664749, position=384645)
code-cassandra-2-1  | INFO  [Service Thread] 2023-03-15 01:51:16,499 GCInspector.java:296 - ParNew GC in 570ms.  CMS Old Gen: 0 -> 28200016; Par Eden Space: 733216768 -> 0; Par Survivor Space: 29015120 -> 29444704
code-cassandra-2-1  | WARN  [GossipTasks:1] 2023-03-15 02:09:38,279 FailureDetector.java:335 - Not marking nodes down due to local pause of 1090423492229ns > 5000000000ns
code-cassandra-1-1  | WARN  [GossipTasks:1] 2023-03-15 02:09:38,288 FailureDetector.java:335 - Not marking nodes down due to local pause of 1090433725322ns > 5000000000ns
code-cassandra-3-1  | WARN  [GossipTasks:1] 2023-03-15 02:09:38,292 FailureDetector.java:335 - Not marking nodes down due to local pause of 1090412126608ns > 5000000000ns
code-cassandra-2-1  | WARN  [Messaging-EventLoop-3-6] 2023-03-15 02:09:38,283 NoSpamLogger.java:108 - cassandra-2/172.24.0.4:7000->cassandra-3/172.24.0.3:7000-URGENT_MESSAGES-add2a0dc dropping message of type GOSSIP_DIGEST_SYN whose timeout expired before reaching the network
code-cassandra-3-1  | WARN  [GossipTasks:1] 2023-03-15 02:47:16,019 FailureDetector.java:335 - Not marking nodes down due to local pause of 37226188741ns > 5000000000ns
code-cassandra-1-1  | WARN  [GossipTasks:1] 2023-03-15 02:10:19,324 FailureDetector.java:335 - Not marking nodes down due to local pause of 37004683178ns > 5000000000ns
code-cassandra-2-1  | WARN  [GossipTasks:1] 2023-03-15 02:47:16,125 Gossiper.java:1066 - Gossip stage has 1 pending tasks; skipping status check (no nodes will be marked down)
code-cassandra-2-1  | WARN  [GossipTasks:1] 2023-03-15 02:47:17,140 FailureDetector.java:335 - Not marking nodes down due to local pause of 38359933741ns > 5000000000ns
code-cassandra-1-1  | INFO  [Service Thread] 2023-03-15 02:47:18,524 GCInspector.java:296 - ParNew GC in 556ms.  CMS Old Gen: 0 -> 28252848; Par Eden Space: 733216768 -> 0; Par Survivor Space: 28780008 -> 23362208
code-cassandra-1-1  | WARN  [GossipTasks:1] 2023-03-15 02:47:29,595 FailureDetector.java:335 - Not marking nodes down due to local pause of 5663194043ns > 5000000000ns
code-cassandra-3-1  | WARN  [GossipTasks:1] 2023-03-15 02:47:29,608 FailureDetector.java:335 - Not marking nodes down due to local pause of 5546351649ns > 5000000000ns
code-cassandra-2-1  | WARN  [GossipTasks:1] 2023-03-15 02:47:29,792 Gossiper.java:1066 - Gossip stage has 1 pending tasks; skipping status check (no nodes will be marked down)
code-cassandra-1-1  | WARN  [Messaging-EventLoop-3-8] 2023-03-15 02:47:29,815 NoSpamLogger.java:108 - Bad timestamp 1678848449587 generated, overriding with currentTimeMillis = 1678846233156
code-cassandra-3-1  | WARN  [Messaging-EventLoop-3-2] 2023-03-15 02:47:29,843 NoSpamLogger.java:108 - Bad timestamp 1678846238737 generated, overriding with currentTimeMillis = 1678848449717
code-cassandra-2-1  | WARN  [Messaging-EventLoop-3-8] 2023-03-15 02:47:30,068 NoSpamLogger.java:108 - Bad timestamp 1678848449982 generated, overriding with currentTimeMillis = 1678846239129
code-cassandra-2-1  | WARN  [GossipTasks:1] 2023-03-15 02:47:30,847 FailureDetector.java:335 - Not marking nodes down due to local pause of 6697219645ns > 5000000000ns
code-cassandra-2-1  | WARN  [GossipTasks:1] 2023-03-15 06:24:18,019 FailureDetector.java:335 - Not marking nodes down due to local pause of 5821468918ns > 5000000000ns
code-cassandra-1-1  | WARN  [GossipTasks:1] 2023-03-15 06:24:17,834 FailureDetector.java:335 - Not marking nodes down due to local pause of 5615723783ns > 5000000000ns
code-cassandra-3-1  | WARN  [GossipTasks:1] 2023-03-15 06:24:17,832 FailureDetector.java:335 - Not marking nodes down due to local pause of 5675949199ns > 5000000000ns
code-cassandra-2-1  | WARN  [Messaging-EventLoop-3-8] 2023-03-15 10:54:46,547 NoSpamLogger.java:108 - Bad timestamp 1678877686459 generated, overriding with currentTimeMillis = 1678861510515
code-cassandra-3-1  | WARN  [Messaging-EventLoop-3-1] 2023-03-15 10:54:46,546 NoSpamLogger.java:108 - Bad timestamp 1678861510453 generated, overriding with currentTimeMillis = 1678877686516
code-cassandra-1-1  | WARN  [Messaging-EventLoop-3-8] 2023-03-15 10:54:46,667 NoSpamLogger.java:108 - Bad timestamp 1678877686659 generated, overriding with currentTimeMillis = 1678861510654
code-cassandra-1-1  | WARN  [GossipTasks:1] 2023-03-15 11:11:14,397 FailureDetector.java:335 - Not marking nodes down due to local pause of 5079933129ns > 5000000000ns
code-cassandra-3-1  | WARN  [GossipTasks:1] 2023-03-15 11:11:14,451 FailureDetector.java:335 - Not marking nodes down due to local pause of 5141616265ns > 5000000000ns
code-cassandra-2-1  | WARN  [GossipTasks:1] 2023-03-15 11:11:14,471 FailureDetector.java:335 - Not marking nodes down due to local pause of 5097494394ns > 5000000000ns
code-cassandra-3-1  | INFO  [Service Thread] 2023-03-15 11:11:17,648 GCInspector.java:296 - ParNew GC in 902ms.  CMS Old Gen: 0 -> 28257360; Par Eden Space: 733216768 -> 0; Par Survivor Space: 29082336 -> 25242944
code-cassandra-3-1  | INFO  [CompactionExecutor:13] 2023-03-15 13:37:43,721 AutoSavingCache.java:391 - Saved KeyCache (10 items) in 13 ms
code-cassandra-2-1  | INFO  [CompactionExecutor:18] 2023-03-15 13:37:43,736 AutoSavingCache.java:391 - Saved KeyCache (10 items) in 11 ms
code-cassandra-1-1  | INFO  [CompactionExecutor:15] 2023-03-15 13:37:43,775 AutoSavingCache.java:391 - Saved KeyCache (10 items) in 13 ms
code-cassandra-1-1  | INFO  [ScheduledTasks:1] 2023-03-15 13:47:56,120 ColumnFamilyStore.java:1009 - Enqueuing flush of system.size_estimates, Reason: MEMTABLE_PERIOD_EXPIRED, Usage: 128.638KiB (0%) on-heap, 0.000KiB (0%) off-heap
code-cassandra-1-1  | INFO  [ScheduledTasks:1] 2023-03-15 13:47:56,123 ColumnFamilyStore.java:1009 - Enqueuing flush of system.table_estimates, Reason: MEMTABLE_PERIOD_EXPIRED, Usage: 280.945KiB (0%) on-heap, 0.000KiB (0%) off-heap
code-cassandra-2-1  | INFO  [IndexSummaryManager:1] 2023-03-15 13:47:56,138 IndexSummaryRedistribution.java:87 - Redistributing index summaries
code-cassandra-2-1  | INFO  [ScheduledTasks:1] 2023-03-15 13:47:56,139 ColumnFamilyStore.java:1009 - Enqueuing flush of system.size_estimates, Reason: MEMTABLE_PERIOD_EXPIRED, Usage: 120.800KiB (0%) on-heap, 0.000KiB (0%) off-heap
code-cassandra-1-1  | INFO  [PerDiskMemtableFlushWriter_0:7] 2023-03-15 13:47:56,140 Flushing.java:145 - Writing Memtable-table_estimates@1297367375(48.547KiB serialized bytes, 3960 ops, 280.945KiB (0%) on-heap, 0.000KiB (0%) off-heap), flushed range = [min(-9223372036854775808), max(9223372036854775807))
code-cassandra-1-1  | INFO  [PerDiskMemtableFlushWriter_0:8] 2023-03-15 13:47:56,141 Flushing.java:145 - Writing Memtable-size_estimates@429131327(22.459KiB serialized bytes, 1980 ops, 128.638KiB (0%) on-heap, 0.000KiB (0%) off-heap), flushed range = [min(-9223372036854775808), max(9223372036854775807))
code-cassandra-2-1  | INFO  [IndexSummaryManager:1] 2023-03-15 13:47:56,140 IndexSummaryRedistribution.java:98 - Beginning redistribution of index summaries for 20 sstables with memory pool size 170 MiB; current spaced used is 4.7588348388671875E-4 MiB
code-cassandra-2-1  | INFO  [IndexSummaryManager:1] 2023-03-15 13:47:56,143 IndexSummaryRedistribution.java:250 - index summaries: downsample: 0, force resample: 0, upsample: 0, force upsample: 0
code-cassandra-1-1  | INFO  [IndexSummaryManager:1] 2023-03-15 13:47:56,143 IndexSummaryRedistribution.java:87 - Redistributing index summaries
code-cassandra-1-1  | INFO  [IndexSummaryManager:1] 2023-03-15 13:47:56,143 IndexSummaryRedistribution.java:98 - Beginning redistribution of index summaries for 20 sstables with memory pool size 170 MiB; current spaced used is 4.7588348388671875E-4 MiB
code-cassandra-1-1  | INFO  [PerDiskMemtableFlushWriter_0:8] 2023-03-15 13:47:56,144 Flushing.java:171 - Completed flushing /var/lib/cassandra/data/system/size_estimates-618f817b005f3678b8a453f3930b8e86/nb-3-big-Data.db (16.271KiB) for commitlog position CommitLogPosition(segmentId=1678833664732, position=922599)
code-cassandra-1-1  | INFO  [IndexSummaryManager:1] 2023-03-15 13:47:56,145 IndexSummaryRedistribution.java:250 - index summaries: downsample: 0, force resample: 0, upsample: 0, force upsample: 0
code-cassandra-2-1  | INFO  [ScheduledTasks:1] 2023-03-15 13:47:56,144 ColumnFamilyStore.java:1009 - Enqueuing flush of system.table_estimates, Reason: MEMTABLE_PERIOD_EXPIRED, Usage: 263.911KiB (0%) on-heap, 0.000KiB (0%) off-heap
code-cassandra-1-1  | INFO  [PerDiskMemtableFlushWriter_0:7] 2023-03-15 13:47:56,146 Flushing.java:171 - Completed flushing /var/lib/cassandra/data/system/table_estimates-176c39cdb93d33a5a2188eb06a56f66e/nb-3-big-Data.db (36.946KiB) for commitlog position CommitLogPosition(segmentId=1678833664732, position=922599)
code-cassandra-3-1  | INFO  [ScheduledTasks:1] 2023-03-15 13:47:56,147 ColumnFamilyStore.java:1009 - Enqueuing flush of system.size_estimates, Reason: MEMTABLE_PERIOD_EXPIRED, Usage: 120.811KiB (0%) on-heap, 0.000KiB (0%) off-heap
code-cassandra-3-1  | INFO  [ScheduledTasks:1] 2023-03-15 13:47:56,150 ColumnFamilyStore.java:1009 - Enqueuing flush of system.table_estimates, Reason: MEMTABLE_PERIOD_EXPIRED, Usage: 263.933KiB (0%) on-heap, 0.000KiB (0%) off-heap
code-cassandra-1-1  | INFO  [IndexSummaryManager:1] 2023-03-15 13:47:56,155 IndexSummaryRedistribution.java:137 - Completed resizing of index summaries; current approximate memory used: 4.7588348388671875E-4 MiB, time spent: 11ms
code-cassandra-2-1  | INFO  [IndexSummaryManager:1] 2023-03-15 13:47:56,158 IndexSummaryRedistribution.java:137 - Completed resizing of index summaries; current approximate memory used: 4.7588348388671875E-4 MiB, time spent: 19ms
code-cassandra-2-1  | INFO  [PerDiskMemtableFlushWriter_0:7] 2023-03-15 13:47:56,164 Flushing.java:145 - Writing Memtable-size_estimates@1829756946(21.158KiB serialized bytes, 1836 ops, 120.800KiB (0%) on-heap, 0.000KiB (0%) off-heap), flushed range = [min(-9223372036854775808), max(9223372036854775807))
code-cassandra-2-1  | INFO  [PerDiskMemtableFlushWriter_0:7] 2023-03-15 13:47:56,168 Flushing.java:171 - Completed flushing /var/lib/cassandra/data/system/size_estimates-618f817b005f3678b8a453f3930b8e86/nb-3-big-Data.db (15.378KiB) for commitlog position CommitLogPosition(segmentId=1678833664771, position=878582)
code-cassandra-2-1  | INFO  [PerDiskMemtableFlushWriter_0:8] 2023-03-15 13:47:56,168 Flushing.java:145 - Writing Memtable-table_estimates@843738693(45.730KiB serialized bytes, 3672 ops, 263.911KiB (0%) on-heap, 0.000KiB (0%) off-heap), flushed range = [min(-9223372036854775808), max(9223372036854775807))
code-cassandra-3-1  | INFO  [PerDiskMemtableFlushWriter_0:7] 2023-03-15 13:47:56,173 Flushing.java:145 - Writing Memtable-size_estimates@1734283353(21.169KiB serialized bytes, 1836 ops, 120.811KiB (0%) on-heap, 0.000KiB (0%) off-heap), flushed range = [min(-9223372036854775808), max(9223372036854775807))
code-cassandra-2-1  | INFO  [PerDiskMemtableFlushWriter_0:8] 2023-03-15 13:47:56,173 Flushing.java:171 - Completed flushing /var/lib/cassandra/data/system/table_estimates-176c39cdb93d33a5a2188eb06a56f66e/nb-3-big-Data.db (34.925KiB) for commitlog position CommitLogPosition(segmentId=1678833664771, position=878582)
code-cassandra-3-1  | INFO  [PerDiskMemtableFlushWriter_0:8] 2023-03-15 13:47:56,173 Flushing.java:145 - Writing Memtable-table_estimates@569040766(45.752KiB serialized bytes, 3672 ops, 263.933KiB (0%) on-heap, 0.000KiB (0%) off-heap), flushed range = [min(-9223372036854775808), max(9223372036854775807))
code-cassandra-3-1  | INFO  [PerDiskMemtableFlushWriter_0:7] 2023-03-15 13:47:56,176 Flushing.java:171 - Completed flushing /var/lib/cassandra/data/system/size_estimates-618f817b005f3678b8a453f3930b8e86/nb-3-big-Data.db (15.389KiB) for commitlog position CommitLogPosition(segmentId=1678833664749, position=879257)
code-cassandra-3-1  | INFO  [PerDiskMemtableFlushWriter_0:8] 2023-03-15 13:47:56,178 Flushing.java:171 - Completed flushing /var/lib/cassandra/data/system/table_estimates-176c39cdb93d33a5a2188eb06a56f66e/nb-3-big-Data.db (34.946KiB) for commitlog position CommitLogPosition(segmentId=1678833664749, position=879257)
code-cassandra-3-1  | INFO  [IndexSummaryManager:1] 2023-03-15 13:47:56,200 IndexSummaryRedistribution.java:87 - Redistributing index summaries
code-cassandra-3-1  | INFO  [IndexSummaryManager:1] 2023-03-15 13:47:56,201 IndexSummaryRedistribution.java:98 - Beginning redistribution of index summaries for 20 sstables with memory pool size 170 MiB; current spaced used is 4.7588348388671875E-4 MiB
code-cassandra-3-1  | INFO  [IndexSummaryManager:1] 2023-03-15 13:47:56,202 IndexSummaryRedistribution.java:250 - index summaries: downsample: 0, force resample: 0, upsample: 0, force upsample: 0
code-cassandra-3-1  | INFO  [IndexSummaryManager:1] 2023-03-15 13:47:56,209 IndexSummaryRedistribution.java:137 - Completed resizing of index summaries; current approximate memory used: 4.7588348388671875E-4 MiB, time spent: 8ms
code-cassandra-1-1  | INFO  [Native-Transport-Requests-1] 2023-03-15 14:46:59,996 ColumnFamilyStore.java:1009 - Enqueuing flush of system_schema.keyspaces, Reason: INTERNALLY_FORCED, Usage: 0.633KiB (0%) on-heap, 0.000KiB (0%) off-heap
code-cassandra-1-1  | INFO  [PerDiskMemtableFlushWriter_0:9] 2023-03-15 14:47:00,013 Flushing.java:145 - Writing Memtable-keyspaces@1378080063(0.146KiB serialized bytes, 1 ops, 0.633KiB (0%) on-heap, 0.000KiB (0%) off-heap), flushed range = [min(-9223372036854775808), max(9223372036854775807))
code-cassandra-1-1  | INFO  [PerDiskMemtableFlushWriter_0:9] 2023-03-15 14:47:00,014 Flushing.java:171 - Completed flushing /var/lib/cassandra/data/system_schema/keyspaces-abac5682dea631c5b535b3d6cffd0fb6/nb-10-big-Data.db (0.111KiB) for commitlog position CommitLogPosition(segmentId=1678833664732, position=1558866)
code-cassandra-1-1  | INFO  [Native-Transport-Requests-1] 2023-03-15 14:47:00,047 Keyspace.java:381 - Creating replication strategy data params KeyspaceParams{durable_writes=true, replication=ReplicationParams{class=org.apache.cassandra.locator.SimpleStrategy, replication_factor=3}}
code-cassandra-1-1  | INFO  [Messaging-EventLoop-3-1] 2023-03-15 14:47:00,062 OutboundConnection.java:1153 - cassandra-1/172.24.0.2:7000(/172.24.0.2:40024)->cassandra-3/172.24.0.3:7000-SMALL_MESSAGES-3f69ca05 successfully connected, version = 12, framing = CRC, encryption = unencrypted
code-cassandra-3-1  | INFO  [Messaging-EventLoop-3-1] 2023-03-15 14:47:00,062 InboundConnectionInitiator.java:529 - /172.24.0.2:7000(/172.24.0.2:40024)->/172.24.0.3:7000-SMALL_MESSAGES-ef8886e4 messaging connection established, version = 12, framing = CRC, encryption = unencrypted
code-cassandra-2-1  | INFO  [Messaging-EventLoop-3-1] 2023-03-15 14:47:00,063 InboundConnectionInitiator.java:529 - /172.24.0.2:7000(/172.24.0.2:47812)->/172.24.0.4:7000-SMALL_MESSAGES-3c5f7f3b messaging connection established, version = 12, framing = CRC, encryption = unencrypted
code-cassandra-1-1  | INFO  [Messaging-EventLoop-3-4] 2023-03-15 14:47:00,064 OutboundConnection.java:1153 - cassandra-1/172.24.0.2:7000(/172.24.0.2:47812)->cassandra-2/172.24.0.4:7000-SMALL_MESSAGES-f072c9d7 successfully connected, version = 12, framing = CRC, encryption = unencrypted
code-cassandra-3-1  | INFO  [MigrationStage:1] 2023-03-15 14:47:00,082 ColumnFamilyStore.java:1009 - Enqueuing flush of system_schema.keyspaces, Reason: INTERNALLY_FORCED, Usage: 0.634KiB (0%) on-heap, 0.000KiB (0%) off-heap
code-cassandra-2-1  | INFO  [MigrationStage:1] 2023-03-15 14:47:00,082 ColumnFamilyStore.java:1009 - Enqueuing flush of system_schema.keyspaces, Reason: INTERNALLY_FORCED, Usage: 0.634KiB (0%) on-heap, 0.000KiB (0%) off-heap
code-cassandra-2-1  | INFO  [PerDiskMemtableFlushWriter_0:9] 2023-03-15 14:47:00,118 Flushing.java:145 - Writing Memtable-keyspaces@1145277421(0.146KiB serialized bytes, 1 ops, 0.634KiB (0%) on-heap, 0.000KiB (0%) off-heap), flushed range = [min(-9223372036854775808), max(9223372036854775807))
code-cassandra-2-1  | INFO  [PerDiskMemtableFlushWriter_0:9] 2023-03-15 14:47:00,119 Flushing.java:171 - Completed flushing /var/lib/cassandra/data/system_schema/keyspaces-abac5682dea631c5b535b3d6cffd0fb6/nb-10-big-Data.db (0.111KiB) for commitlog position CommitLogPosition(segmentId=1678833664771, position=1481805)
code-cassandra-3-1  | INFO  [PerDiskMemtableFlushWriter_0:9] 2023-03-15 14:47:00,119 Flushing.java:145 - Writing Memtable-keyspaces@1481994021(0.146KiB serialized bytes, 1 ops, 0.634KiB (0%) on-heap, 0.000KiB (0%) off-heap), flushed range = [min(-9223372036854775808), max(9223372036854775807))
code-cassandra-3-1  | INFO  [PerDiskMemtableFlushWriter_0:9] 2023-03-15 14:47:00,120 Flushing.java:171 - Completed flushing /var/lib/cassandra/data/system_schema/keyspaces-abac5682dea631c5b535b3d6cffd0fb6/nb-10-big-Data.db (0.111KiB) for commitlog position CommitLogPosition(segmentId=1678833664749, position=1482884)
code-cassandra-2-1  | INFO  [MigrationStage:1] 2023-03-15 14:47:00,161 DefaultSchemaUpdateHandler.java:221 - Applying schema change due to received mutations: SchemaTransformationResult{54e17321-3f2e-37ca-9b08-d91ba7bdd369 --> 90df760a-b052-3f5c-ab3c-7a5b2e91c19c, diff=KeyspacesDiff{created=[KeyspaceMetadata{name=data, kind=REGULAR, params=KeyspaceParams{durable_writes=true, replication=ReplicationParams{class=org.apache.cassandra.locator.SimpleStrategy, replication_factor=3}}, tables=[], views=[], functions=[], types=[]}], dropped=[], altered=[]}}
code-cassandra-3-1  | INFO  [MigrationStage:1] 2023-03-15 14:47:00,171 DefaultSchemaUpdateHandler.java:221 - Applying schema change due to received mutations: SchemaTransformationResult{54e17321-3f2e-37ca-9b08-d91ba7bdd369 --> 90df760a-b052-3f5c-ab3c-7a5b2e91c19c, diff=KeyspacesDiff{created=[KeyspaceMetadata{name=data, kind=REGULAR, params=KeyspaceParams{durable_writes=true, replication=ReplicationParams{class=org.apache.cassandra.locator.SimpleStrategy, replication_factor=3}}, tables=[], views=[], functions=[], types=[]}], dropped=[], altered=[]}}
code-cassandra-2-1  | INFO  [MigrationStage:1] 2023-03-15 14:47:00,174 Keyspace.java:381 - Creating replication strategy data params KeyspaceParams{durable_writes=true, replication=ReplicationParams{class=org.apache.cassandra.locator.SimpleStrategy, replication_factor=3}}
code-cassandra-3-1  | INFO  [MigrationStage:1] 2023-03-15 14:47:00,184 Keyspace.java:381 - Creating replication strategy data params KeyspaceParams{durable_writes=true, replication=ReplicationParams{class=org.apache.cassandra.locator.SimpleStrategy, replication_factor=3}}
code-cassandra-1-1  | INFO  [Native-Transport-Requests-1] 2023-03-15 14:47:08,933 ColumnFamilyStore.java:1009 - Enqueuing flush of system_schema.columns, Reason: INTERNALLY_FORCED, Usage: 8.081KiB (0%) on-heap, 0.000KiB (0%) off-heap
code-cassandra-1-1  | INFO  [PerDiskMemtableFlushWriter_0:10] 2023-03-15 14:47:08,951 Flushing.java:145 - Writing Memtable-columns@1841695397(1.580KiB serialized bytes, 11 ops, 8.081KiB (0%) on-heap, 0.000KiB (0%) off-heap), flushed range = [min(-9223372036854775808), max(9223372036854775807))
code-cassandra-1-1  | INFO  [PerDiskMemtableFlushWriter_0:10] 2023-03-15 14:47:08,952 Flushing.java:171 - Completed flushing /var/lib/cassandra/data/system_schema/columns-24101c25a2ae3af787c1b40ee1aca33f/nb-10-big-Data.db (0.678KiB) for commitlog position CommitLogPosition(segmentId=1678833664732, position=1560967)
code-cassandra-1-1  | INFO  [Native-Transport-Requests-1] 2023-03-15 14:47:08,967 ColumnFamilyStore.java:1009 - Enqueuing flush of system_schema.tables, Reason: INTERNALLY_FORCED, Usage: 2.551KiB (0%) on-heap, 0.000KiB (0%) off-heap
code-cassandra-1-1  | INFO  [PerDiskMemtableFlushWriter_0:9] 2023-03-15 14:47:08,978 Flushing.java:145 - Writing Memtable-tables@1558454539(0.688KiB serialized bytes, 1 ops, 2.551KiB (0%) on-heap, 0.000KiB (0%) off-heap), flushed range = [min(-9223372036854775808), max(9223372036854775807))
code-cassandra-1-1  | INFO  [PerDiskMemtableFlushWriter_0:9] 2023-03-15 14:47:08,979 Flushing.java:171 - Completed flushing /var/lib/cassandra/data/system_schema/tables-afddfb9dbc1e30688056eed6c302ba09/nb-10-big-Data.db (0.417KiB) for commitlog position CommitLogPosition(segmentId=1678833664732, position=1560975)
code-cassandra-1-1  | INFO  [Native-Transport-Requests-1] 2023-03-15 14:47:08,992 ColumnFamilyStore.java:1009 - Enqueuing flush of system_schema.keyspaces, Reason: INTERNALLY_FORCED, Usage: 0.633KiB (0%) on-heap, 0.000KiB (0%) off-heap
code-cassandra-1-1  | INFO  [PerDiskMemtableFlushWriter_0:10] 2023-03-15 14:47:09,003 Flushing.java:145 - Writing Memtable-keyspaces@1661069677(0.146KiB serialized bytes, 1 ops, 0.633KiB (0%) on-heap, 0.000KiB (0%) off-heap), flushed range = [min(-9223372036854775808), max(9223372036854775807))
code-cassandra-1-1  | INFO  [PerDiskMemtableFlushWriter_0:10] 2023-03-15 14:47:09,004 Flushing.java:171 - Completed flushing /var/lib/cassandra/data/system_schema/keyspaces-abac5682dea631c5b535b3d6cffd0fb6/nb-11-big-Data.db (0.111KiB) for commitlog position CommitLogPosition(segmentId=1678833664732, position=1560975)
code-cassandra-1-1  | INFO  [Native-Transport-Requests-1] 2023-03-15 14:47:09,024 Keyspace.java:381 - Creating replication strategy data params KeyspaceParams{durable_writes=true, replication=ReplicationParams{class=org.apache.cassandra.locator.SimpleStrategy, replication_factor=3}}
code-cassandra-1-1  | INFO  [Native-Transport-Requests-1] 2023-03-15 14:47:09,027 ColumnFamilyStore.java:484 - Initializing data.ddata
code-cassandra-3-1  | INFO  [MigrationStage:1] 2023-03-15 14:47:09,101 ColumnFamilyStore.java:1009 - Enqueuing flush of system_schema.columns, Reason: INTERNALLY_FORCED, Usage: 8.082KiB (0%) on-heap, 0.000KiB (0%) off-heap
code-cassandra-2-1  | INFO  [MigrationStage:1] 2023-03-15 14:47:09,104 ColumnFamilyStore.java:1009 - Enqueuing flush of system_schema.columns, Reason: INTERNALLY_FORCED, Usage: 8.082KiB (0%) on-heap, 0.000KiB (0%) off-heap
code-cassandra-2-1  | INFO  [PerDiskMemtableFlushWriter_0:10] 2023-03-15 14:47:09,133 Flushing.java:145 - Writing Memtable-columns@837334961(1.580KiB serialized bytes, 11 ops, 8.082KiB (0%) on-heap, 0.000KiB (0%) off-heap), flushed range = [min(-9223372036854775808), max(9223372036854775807))
code-cassandra-2-1  | INFO  [PerDiskMemtableFlushWriter_0:10] 2023-03-15 14:47:09,134 Flushing.java:171 - Completed flushing /var/lib/cassandra/data/system_schema/columns-24101c25a2ae3af787c1b40ee1aca33f/nb-10-big-Data.db (0.678KiB) for commitlog position CommitLogPosition(segmentId=1678833664771, position=1483906)
code-cassandra-3-1  | INFO  [PerDiskMemtableFlushWriter_0:10] 2023-03-15 14:47:09,134 Flushing.java:145 - Writing Memtable-columns@1530009758(1.580KiB serialized bytes, 11 ops, 8.082KiB (0%) on-heap, 0.000KiB (0%) off-heap), flushed range = [min(-9223372036854775808), max(9223372036854775807))
code-cassandra-3-1  | INFO  [PerDiskMemtableFlushWriter_0:10] 2023-03-15 14:47:09,135 Flushing.java:171 - Completed flushing /var/lib/cassandra/data/system_schema/columns-24101c25a2ae3af787c1b40ee1aca33f/nb-10-big-Data.db (0.678KiB) for commitlog position CommitLogPosition(segmentId=1678833664749, position=1484977)
code-cassandra-2-1  | INFO  [MigrationStage:1] 2023-03-15 14:47:09,152 ColumnFamilyStore.java:1009 - Enqueuing flush of system_schema.tables, Reason: INTERNALLY_FORCED, Usage: 2.505KiB (0%) on-heap, 0.000KiB (0%) off-heap
code-cassandra-3-1  | INFO  [MigrationStage:1] 2023-03-15 14:47:09,156 ColumnFamilyStore.java:1009 - Enqueuing flush of system_schema.tables, Reason: INTERNALLY_FORCED, Usage: 2.505KiB (0%) on-heap, 0.000KiB (0%) off-heap
code-cassandra-2-1  | INFO  [PerDiskMemtableFlushWriter_0:9] 2023-03-15 14:47:09,179 Flushing.java:145 - Writing Memtable-tables@1250192661(0.688KiB serialized bytes, 1 ops, 2.505KiB (0%) on-heap, 0.000KiB (0%) off-heap), flushed range = [min(-9223372036854775808), max(9223372036854775807))
code-cassandra-2-1  | INFO  [PerDiskMemtableFlushWriter_0:9] 2023-03-15 14:47:09,179 Flushing.java:171 - Completed flushing /var/lib/cassandra/data/system_schema/tables-afddfb9dbc1e30688056eed6c302ba09/nb-10-big-Data.db (0.417KiB) for commitlog position CommitLogPosition(segmentId=1678833664771, position=1483914)
code-cassandra-3-1  | INFO  [PerDiskMemtableFlushWriter_0:9] 2023-03-15 14:47:09,182 Flushing.java:145 - Writing Memtable-tables@1452448351(0.688KiB serialized bytes, 1 ops, 2.505KiB (0%) on-heap, 0.000KiB (0%) off-heap), flushed range = [min(-9223372036854775808), max(9223372036854775807))
code-cassandra-3-1  | INFO  [PerDiskMemtableFlushWriter_0:9] 2023-03-15 14:47:09,183 Flushing.java:171 - Completed flushing /var/lib/cassandra/data/system_schema/tables-afddfb9dbc1e30688056eed6c302ba09/nb-10-big-Data.db (0.417KiB) for commitlog position CommitLogPosition(segmentId=1678833664749, position=1484985)
code-cassandra-2-1  | INFO  [MigrationStage:1] 2023-03-15 14:47:09,196 ColumnFamilyStore.java:1009 - Enqueuing flush of system_schema.keyspaces, Reason: INTERNALLY_FORCED, Usage: 0.634KiB (0%) on-heap, 0.000KiB (0%) off-heap
code-cassandra-3-1  | INFO  [MigrationStage:1] 2023-03-15 14:47:09,198 ColumnFamilyStore.java:1009 - Enqueuing flush of system_schema.keyspaces, Reason: INTERNALLY_FORCED, Usage: 0.634KiB (0%) on-heap, 0.000KiB (0%) off-heap
code-cassandra-2-1  | INFO  [PerDiskMemtableFlushWriter_0:10] 2023-03-15 14:47:09,223 Flushing.java:145 - Writing Memtable-keyspaces@1060069372(0.146KiB serialized bytes, 1 ops, 0.634KiB (0%) on-heap, 0.000KiB (0%) off-heap), flushed range = [min(-9223372036854775808), max(9223372036854775807))
code-cassandra-2-1  | INFO  [PerDiskMemtableFlushWriter_0:10] 2023-03-15 14:47:09,223 Flushing.java:171 - Completed flushing /var/lib/cassandra/data/system_schema/keyspaces-abac5682dea631c5b535b3d6cffd0fb6/nb-11-big-Data.db (0.111KiB) for commitlog position CommitLogPosition(segmentId=1678833664771, position=1483914)
code-cassandra-3-1  | INFO  [PerDiskMemtableFlushWriter_0:10] 2023-03-15 14:47:09,228 Flushing.java:145 - Writing Memtable-keyspaces@1442184584(0.146KiB serialized bytes, 1 ops, 0.634KiB (0%) on-heap, 0.000KiB (0%) off-heap), flushed range = [min(-9223372036854775808), max(9223372036854775807))
code-cassandra-3-1  | INFO  [PerDiskMemtableFlushWriter_0:10] 2023-03-15 14:47:09,229 Flushing.java:171 - Completed flushing /var/lib/cassandra/data/system_schema/keyspaces-abac5682dea631c5b535b3d6cffd0fb6/nb-11-big-Data.db (0.111KiB) for commitlog position CommitLogPosition(segmentId=1678833664749, position=1484985)
