code-cassandra-2-1  | INFO  [MigrationStage:1] 2023-03-15 14:47:09,262 DefaultSchemaUpdateHandler.java:221 - Applying schema change due to received mutations: SchemaTransformationResult{90df760a-b052-3f5c-ab3c-7a5b2e91c19c --> f13df99e-3c41-30cf-a0b5-9bdb15e1a138, diff=KeyspacesDiff{created=[], dropped=[], altered=[KeyspaceDiff{before=KeyspaceMetadata{name=data, kind=REGULAR, params=KeyspaceParams{durable_writes=true, replication=ReplicationParams{class=org.apache.cassandra.locator.SimpleStrategy, replication_factor=3}}, tables=[], views=[], functions=[], types=[]}, after=KeyspaceMetadata{name=data, kind=REGULAR, params=KeyspaceParams{durable_writes=true, replication=ReplicationParams{class=org.apache.cassandra.locator.SimpleStrategy, replication_factor=3}}, tables=[data.ddata], views=[], functions=[], types=[]}, tables=Diff{created=[data.ddata], dropped=[], altered=[]}, views=Diff{created=[], dropped=[], altered=[]}, types=Diff{created=[], dropped=[], altered=[]}, udfs=Diff{created=[], dropped=[], altered=[]}, udas=Diff{created=[], dropped=[], altered=[]}}]}}
code-cassandra-2-1  | INFO  [MigrationStage:1] 2023-03-15 14:47:09,270 Keyspace.java:381 - Creating replication strategy data params KeyspaceParams{durable_writes=true, replication=ReplicationParams{class=org.apache.cassandra.locator.SimpleStrategy, replication_factor=3}}
code-cassandra-3-1  | INFO  [MigrationStage:1] 2023-03-15 14:47:09,275 DefaultSchemaUpdateHandler.java:221 - Applying schema change due to received mutations: SchemaTransformationResult{90df760a-b052-3f5c-ab3c-7a5b2e91c19c --> f13df99e-3c41-30cf-a0b5-9bdb15e1a138, diff=KeyspacesDiff{created=[], dropped=[], altered=[KeyspaceDiff{before=KeyspaceMetadata{name=data, kind=REGULAR, params=KeyspaceParams{durable_writes=true, replication=ReplicationParams{class=org.apache.cassandra.locator.SimpleStrategy, replication_factor=3}}, tables=[], views=[], functions=[], types=[]}, after=KeyspaceMetadata{name=data, kind=REGULAR, params=KeyspaceParams{durable_writes=true, replication=ReplicationParams{class=org.apache.cassandra.locator.SimpleStrategy, replication_factor=3}}, tables=[data.ddata], views=[], functions=[], types=[]}, tables=Diff{created=[data.ddata], dropped=[], altered=[]}, views=Diff{created=[], dropped=[], altered=[]}, types=Diff{created=[], dropped=[], altered=[]}, udfs=Diff{created=[], dropped=[], altered=[]}, udas=Diff{created=[], dropped=[], altered=[]}}]}}
code-cassandra-2-1  | INFO  [MigrationStage:1] 2023-03-15 14:47:09,277 ColumnFamilyStore.java:484 - Initializing data.ddata
code-cassandra-3-1  | INFO  [MigrationStage:1] 2023-03-15 14:47:09,281 Keyspace.java:381 - Creating replication strategy data params KeyspaceParams{durable_writes=true, replication=ReplicationParams{class=org.apache.cassandra.locator.SimpleStrategy, replication_factor=3}}
code-cassandra-3-1  | INFO  [MigrationStage:1] 2023-03-15 14:47:09,285 ColumnFamilyStore.java:484 - Initializing data.ddata
code-cassandra-1-1  | INFO  [ScheduledTasks:1] 2023-03-15 14:47:53,447 ColumnFamilyStore.java:1009 - Enqueuing flush of system.local, Reason: MEMTABLE_PERIOD_EXPIRED, Usage: 0.485KiB (0%) on-heap, 0.000KiB (0%) off-heap
code-cassandra-1-1  | INFO  [ScheduledTasks:1] 2023-03-15 14:47:53,450 ColumnFamilyStore.java:1009 - Enqueuing flush of system.peers_v2, Reason: MEMTABLE_PERIOD_EXPIRED, Usage: 1.086KiB (0%) on-heap, 0.000KiB (0%) off-heap
code-cassandra-1-1  | INFO  [ScheduledTasks:1] 2023-03-15 14:47:53,451 ColumnFamilyStore.java:1009 - Enqueuing flush of system.peers, Reason: MEMTABLE_PERIOD_EXPIRED, Usage: 0.969KiB (0%) on-heap, 0.000KiB (0%) off-heap
code-cassandra-1-1  | INFO  [ScheduledTasks:1] 2023-03-15 14:47:53,452 ColumnFamilyStore.java:1009 - Enqueuing flush of system.size_estimates, Reason: MEMTABLE_PERIOD_EXPIRED, Usage: 134.481KiB (0%) on-heap, 0.000KiB (0%) off-heap
code-cassandra-1-1  | INFO  [ScheduledTasks:1] 2023-03-15 14:47:53,453 ColumnFamilyStore.java:1009 - Enqueuing flush of system.table_estimates, Reason: MEMTABLE_PERIOD_EXPIRED, Usage: 292.633KiB (0%) on-heap, 0.000KiB (0%) off-heap
code-cassandra-2-1  | INFO  [ScheduledTasks:1] 2023-03-15 14:47:53,457 ColumnFamilyStore.java:1009 - Enqueuing flush of system.local, Reason: MEMTABLE_PERIOD_EXPIRED, Usage: 0.486KiB (0%) on-heap, 0.000KiB (0%) off-heap
code-cassandra-2-1  | INFO  [ScheduledTasks:1] 2023-03-15 14:47:53,459 ColumnFamilyStore.java:1009 - Enqueuing flush of system.peers_v2, Reason: MEMTABLE_PERIOD_EXPIRED, Usage: 1.088KiB (0%) on-heap, 0.000KiB (0%) off-heap
code-cassandra-2-1  | INFO  [ScheduledTasks:1] 2023-03-15 14:47:53,460 ColumnFamilyStore.java:1009 - Enqueuing flush of system.peers, Reason: MEMTABLE_PERIOD_EXPIRED, Usage: 0.971KiB (0%) on-heap, 0.000KiB (0%) off-heap
code-cassandra-2-1  | INFO  [ScheduledTasks:1] 2023-03-15 14:47:53,467 ColumnFamilyStore.java:1009 - Enqueuing flush of system.size_estimates, Reason: MEMTABLE_PERIOD_EXPIRED, Usage: 126.800KiB (0%) on-heap, 0.000KiB (0%) off-heap
code-cassandra-3-1  | INFO  [ScheduledTasks:1] 2023-03-15 14:47:53,468 ColumnFamilyStore.java:1009 - Enqueuing flush of system.local, Reason: MEMTABLE_PERIOD_EXPIRED, Usage: 0.486KiB (0%) on-heap, 0.000KiB (0%) off-heap
code-cassandra-3-1  | INFO  [ScheduledTasks:1] 2023-03-15 14:47:53,469 ColumnFamilyStore.java:1009 - Enqueuing flush of system.peers_v2, Reason: MEMTABLE_PERIOD_EXPIRED, Usage: 1.088KiB (0%) on-heap, 0.000KiB (0%) off-heap
code-cassandra-3-1  | INFO  [ScheduledTasks:1] 2023-03-15 14:47:53,470 ColumnFamilyStore.java:1009 - Enqueuing flush of system.peers, Reason: MEMTABLE_PERIOD_EXPIRED, Usage: 0.971KiB (0%) on-heap, 0.000KiB (0%) off-heap
code-cassandra-2-1  | INFO  [ScheduledTasks:1] 2023-03-15 14:47:53,473 ColumnFamilyStore.java:1009 - Enqueuing flush of system.table_estimates, Reason: MEMTABLE_PERIOD_EXPIRED, Usage: 275.911KiB (0%) on-heap, 0.000KiB (0%) off-heap
code-cassandra-3-1  | INFO  [ScheduledTasks:1] 2023-03-15 14:47:53,476 ColumnFamilyStore.java:1009 - Enqueuing flush of system.size_estimates, Reason: MEMTABLE_PERIOD_EXPIRED, Usage: 126.811KiB (0%) on-heap, 0.000KiB (0%) off-heap
code-cassandra-3-1  | INFO  [ScheduledTasks:1] 2023-03-15 14:47:53,478 ColumnFamilyStore.java:1009 - Enqueuing flush of system.table_estimates, Reason: MEMTABLE_PERIOD_EXPIRED, Usage: 275.933KiB (0%) on-heap, 0.000KiB (0%) off-heap
code-cassandra-1-1  | INFO  [IndexSummaryManager:1] 2023-03-15 14:47:53,493 IndexSummaryRedistribution.java:87 - Redistributing index summaries
code-cassandra-1-1  | INFO  [IndexSummaryManager:1] 2023-03-15 14:47:53,495 IndexSummaryRedistribution.java:98 - Beginning redistribution of index summaries for 26 sstables with memory pool size 170 MiB; current spaced used is 5.807876586914062E-4 MiB
code-cassandra-2-1  | INFO  [IndexSummaryManager:1] 2023-03-15 14:47:53,495 IndexSummaryRedistribution.java:87 - Redistributing index summaries
code-cassandra-2-1  | INFO  [IndexSummaryManager:1] 2023-03-15 14:47:53,497 IndexSummaryRedistribution.java:98 - Beginning redistribution of index summaries for 26 sstables with memory pool size 170 MiB; current spaced used is 5.807876586914062E-4 MiB
code-cassandra-1-1  | INFO  [IndexSummaryManager:1] 2023-03-15 14:47:53,499 IndexSummaryRedistribution.java:250 - index summaries: downsample: 0, force resample: 0, upsample: 0, force upsample: 0
code-cassandra-2-1  | INFO  [IndexSummaryManager:1] 2023-03-15 14:47:53,502 IndexSummaryRedistribution.java:250 - index summaries: downsample: 0, force resample: 0, upsample: 0, force upsample: 0
code-cassandra-1-1  | INFO  [IndexSummaryManager:1] 2023-03-15 14:47:53,514 IndexSummaryRedistribution.java:137 - Completed resizing of index summaries; current approximate memory used: 5.807876586914062E-4 MiB, time spent: 20ms
code-cassandra-2-1  | INFO  [IndexSummaryManager:1] 2023-03-15 14:47:53,526 IndexSummaryRedistribution.java:137 - Completed resizing of index summaries; current approximate memory used: 5.807876586914062E-4 MiB, time spent: 30ms
code-cassandra-1-1  | INFO  [PerDiskMemtableFlushWriter_0:9] 2023-03-15 14:47:53,534 Flushing.java:145 - Writing Memtable-peers_v2@1490796111(0.127KiB serialized bytes, 4 ops, 1.086KiB (0%) on-heap, 0.000KiB (0%) off-heap), flushed range = [min(-9223372036854775808), max(9223372036854775807))
code-cassandra-1-1  | INFO  [PerDiskMemtableFlushWriter_0:9] 2023-03-15 14:47:53,535 Flushing.java:171 - Completed flushing /var/lib/cassandra/data/system/peers_v2-c4325fbb8e5e3bafbd070f9250ed818e/nb-2-big-Data.db (0.094KiB) for commitlog position CommitLogPosition(segmentId=1678833664732, position=1561407)
code-cassandra-3-1  | INFO  [PerDiskMemtableFlushWriter_0:9] 2023-03-15 14:47:53,538 Flushing.java:145 - Writing Memtable-peers_v2@1387070549(0.127KiB serialized bytes, 4 ops, 1.088KiB (0%) on-heap, 0.000KiB (0%) off-heap), flushed range = [min(-9223372036854775808), max(9223372036854775807))
code-cassandra-3-1  | INFO  [PerDiskMemtableFlushWriter_0:9] 2023-03-15 14:47:53,540 Flushing.java:171 - Completed flushing /var/lib/cassandra/data/system/peers_v2-c4325fbb8e5e3bafbd070f9250ed818e/nb-2-big-Data.db (0.094KiB) for commitlog position CommitLogPosition(segmentId=1678833664749, position=1485425)
code-cassandra-3-1  | INFO  [IndexSummaryManager:1] 2023-03-15 14:47:53,543 IndexSummaryRedistribution.java:87 - Redistributing index summaries
code-cassandra-3-1  | INFO  [IndexSummaryManager:1] 2023-03-15 14:47:53,543 IndexSummaryRedistribution.java:98 - Beginning redistribution of index summaries for 26 sstables with memory pool size 170 MiB; current spaced used is 5.807876586914062E-4 MiB
code-cassandra-3-1  | INFO  [IndexSummaryManager:1] 2023-03-15 14:47:53,544 IndexSummaryRedistribution.java:250 - index summaries: downsample: 0, force resample: 0, upsample: 0, force upsample: 0
code-cassandra-1-1  | INFO  [PerDiskMemtableFlushWriter_0:10] 2023-03-15 14:47:53,545 Flushing.java:145 - Writing Memtable-local@1732141525(0.060KiB serialized bytes, 2 ops, 0.485KiB (0%) on-heap, 0.000KiB (0%) off-heap), flushed range = [min(-9223372036854775808), max(9223372036854775807))
code-cassandra-1-1  | INFO  [PerDiskMemtableFlushWriter_0:10] 2023-03-15 14:47:53,546 Flushing.java:171 - Completed flushing /var/lib/cassandra/data/system/local-7ad54392bcdd35a684174e047860b377/nb-8-big-Data.db (0.043KiB) for commitlog position CommitLogPosition(segmentId=1678833664732, position=1561407)
code-cassandra-3-1  | INFO  [PerDiskMemtableFlushWriter_0:10] 2023-03-15 14:47:53,546 Flushing.java:145 - Writing Memtable-local@1372222446(0.060KiB serialized bytes, 2 ops, 0.486KiB (0%) on-heap, 0.000KiB (0%) off-heap), flushed range = [min(-9223372036854775808), max(9223372036854775807))
code-cassandra-3-1  | INFO  [PerDiskMemtableFlushWriter_0:10] 2023-03-15 14:47:53,548 Flushing.java:171 - Completed flushing /var/lib/cassandra/data/system/local-7ad54392bcdd35a684174e047860b377/nb-8-big-Data.db (0.043KiB) for commitlog position CommitLogPosition(segmentId=1678833664749, position=1485425)
code-cassandra-3-1  | INFO  [IndexSummaryManager:1] 2023-03-15 14:47:53,549 IndexSummaryRedistribution.java:137 - Completed resizing of index summaries; current approximate memory used: 5.807876586914062E-4 MiB, time spent: 6ms
code-cassandra-2-1  | INFO  [PerDiskMemtableFlushWriter_0:9] 2023-03-15 14:47:53,551 Flushing.java:145 - Writing Memtable-local@1320935581(0.060KiB serialized bytes, 2 ops, 0.486KiB (0%) on-heap, 0.000KiB (0%) off-heap), flushed range = [min(-9223372036854775808), max(9223372036854775807))
code-cassandra-2-1  | INFO  [PerDiskMemtableFlushWriter_0:9] 2023-03-15 14:47:53,553 Flushing.java:171 - Completed flushing /var/lib/cassandra/data/system/local-7ad54392bcdd35a684174e047860b377/nb-8-big-Data.db (0.043KiB) for commitlog position CommitLogPosition(segmentId=1678833664771, position=1484354)
code-cassandra-2-1  | INFO  [PerDiskMemtableFlushWriter_0:10] 2023-03-15 14:47:53,554 Flushing.java:145 - Writing Memtable-peers_v2@990960833(0.127KiB serialized bytes, 4 ops, 1.088KiB (0%) on-heap, 0.000KiB (0%) off-heap), flushed range = [min(-9223372036854775808), max(9223372036854775807))
code-cassandra-2-1  | INFO  [PerDiskMemtableFlushWriter_0:10] 2023-03-15 14:47:53,555 Flushing.java:171 - Completed flushing /var/lib/cassandra/data/system/peers_v2-c4325fbb8e5e3bafbd070f9250ed818e/nb-2-big-Data.db (0.094KiB) for commitlog position CommitLogPosition(segmentId=1678833664771, position=1484354)
code-cassandra-3-1  | INFO  [PerDiskMemtableFlushWriter_0:9] 2023-03-15 14:47:53,585 Flushing.java:145 - Writing Memtable-peers@397381732(0.119KiB serialized bytes, 4 ops, 0.971KiB (0%) on-heap, 0.000KiB (0%) off-heap), flushed range = [min(-9223372036854775808), max(9223372036854775807))
code-cassandra-3-1  | INFO  [PerDiskMemtableFlushWriter_0:9] 2023-03-15 14:47:53,585 Flushing.java:171 - Completed flushing /var/lib/cassandra/data/system/peers-37f71aca7dc2383ba70672528af04d4f/nb-2-big-Data.db (0.084KiB) for commitlog position CommitLogPosition(segmentId=1678833664749, position=1485425)
code-cassandra-3-1  | INFO  [PerDiskMemtableFlushWriter_0:10] 2023-03-15 14:47:53,616 Flushing.java:145 - Writing Memtable-size_estimates@348714931(21.169KiB serialized bytes, 2244 ops, 126.811KiB (0%) on-heap, 0.000KiB (0%) off-heap), flushed range = [min(-9223372036854775808), max(9223372036854775807))
code-cassandra-3-1  | INFO  [PerDiskMemtableFlushWriter_0:10] 2023-03-15 14:47:53,620 Flushing.java:171 - Completed flushing /var/lib/cassandra/data/system/size_estimates-618f817b005f3678b8a453f3930b8e86/nb-4-big-Data.db (15.174KiB) for commitlog position CommitLogPosition(segmentId=1678833664749, position=1485425)
code-cassandra-1-1  | INFO  [PerDiskMemtableFlushWriter_0:9] 2023-03-15 14:47:53,631 Flushing.java:145 - Writing Memtable-peers@500771632(0.119KiB serialized bytes, 4 ops, 0.969KiB (0%) on-heap, 0.000KiB (0%) off-heap), flushed range = [min(-9223372036854775808), max(9223372036854775807))
code-cassandra-1-1  | INFO  [PerDiskMemtableFlushWriter_0:9] 2023-03-15 14:47:53,632 Flushing.java:171 - Completed flushing /var/lib/cassandra/data/system/peers-37f71aca7dc2383ba70672528af04d4f/nb-2-big-Data.db (0.084KiB) for commitlog position CommitLogPosition(segmentId=1678833664732, position=1561407)
code-cassandra-2-1  | INFO  [PerDiskMemtableFlushWriter_0:9] 2023-03-15 14:47:53,642 Flushing.java:145 - Writing Memtable-peers@196699950(0.119KiB serialized bytes, 4 ops, 0.971KiB (0%) on-heap, 0.000KiB (0%) off-heap), flushed range = [min(-9223372036854775808), max(9223372036854775807))
code-cassandra-2-1  | INFO  [PerDiskMemtableFlushWriter_0:9] 2023-03-15 14:47:53,643 Flushing.java:171 - Completed flushing /var/lib/cassandra/data/system/peers-37f71aca7dc2383ba70672528af04d4f/nb-2-big-Data.db (0.084KiB) for commitlog position CommitLogPosition(segmentId=1678833664771, position=1484354)
code-cassandra-2-1  | INFO  [PerDiskMemtableFlushWriter_0:10] 2023-03-15 14:47:53,644 Flushing.java:145 - Writing Memtable-size_estimates@2115130823(21.158KiB serialized bytes, 2244 ops, 126.800KiB (0%) on-heap, 0.000KiB (0%) off-heap), flushed range = [min(-9223372036854775808), max(9223372036854775807))
code-cassandra-2-1  | INFO  [PerDiskMemtableFlushWriter_0:10] 2023-03-15 14:47:53,646 Flushing.java:171 - Completed flushing /var/lib/cassandra/data/system/size_estimates-618f817b005f3678b8a453f3930b8e86/nb-4-big-Data.db (15.163KiB) for commitlog position CommitLogPosition(segmentId=1678833664771, position=1484354)
code-cassandra-3-1  | INFO  [CompactionExecutor:16] 2023-03-15 14:47:53,658 CompactionTask.java:158 - Compacting (5dc04b80-c340-11ed-b68b-898879ed5bfd) [/var/lib/cassandra/data/system/size_estimates-618f817b005f3678b8a453f3930b8e86/nb-4-big-Data.db:level=0, /var/lib/cassandra/data/system/size_estimates-618f817b005f3678b8a453f3930b8e86/nb-1-big-Data.db:level=0, /var/lib/cassandra/data/system/size_estimates-618f817b005f3678b8a453f3930b8e86/nb-2-big-Data.db:level=0, /var/lib/cassandra/data/system/size_estimates-618f817b005f3678b8a453f3930b8e86/nb-3-big-Data.db:level=0, ]
code-cassandra-3-1  | INFO  [PerDiskMemtableFlushWriter_0:9] 2023-03-15 14:47:53,658 Flushing.java:145 - Writing Memtable-table_estimates@1685121523(45.752KiB serialized bytes, 4488 ops, 275.933KiB (0%) on-heap, 0.000KiB (0%) off-heap), flushed range = [min(-9223372036854775808), max(9223372036854775807))
code-cassandra-3-1  | INFO  [PerDiskMemtableFlushWriter_0:9] 2023-03-15 14:47:53,668 Flushing.java:171 - Completed flushing /var/lib/cassandra/data/system/table_estimates-176c39cdb93d33a5a2188eb06a56f66e/nb-4-big-Data.db (34.517KiB) for commitlog position CommitLogPosition(segmentId=1678833664749, position=1485425)
code-cassandra-2-1  | INFO  [CompactionExecutor:19] 2023-03-15 14:47:53,692 CompactionTask.java:158 - Compacting (5dc57ba0-c340-11ed-9591-8fe43c53c788) [/var/lib/cassandra/data/system/size_estimates-618f817b005f3678b8a453f3930b8e86/nb-2-big-Data.db:level=0, /var/lib/cassandra/data/system/size_estimates-618f817b005f3678b8a453f3930b8e86/nb-1-big-Data.db:level=0, /var/lib/cassandra/data/system/size_estimates-618f817b005f3678b8a453f3930b8e86/nb-3-big-Data.db:level=0, /var/lib/cassandra/data/system/size_estimates-618f817b005f3678b8a453f3930b8e86/nb-4-big-Data.db:level=0, ]
code-cassandra-3-1  | INFO  [CompactionExecutor:15] 2023-03-15 14:47:53,748 CompactionTask.java:158 - Compacting (5dce2e30-c340-11ed-b68b-898879ed5bfd) [/var/lib/cassandra/data/system/table_estimates-176c39cdb93d33a5a2188eb06a56f66e/nb-3-big-Data.db:level=0, /var/lib/cassandra/data/system/table_estimates-176c39cdb93d33a5a2188eb06a56f66e/nb-4-big-Data.db:level=0, /var/lib/cassandra/data/system/table_estimates-176c39cdb93d33a5a2188eb06a56f66e/nb-2-big-Data.db:level=0, /var/lib/cassandra/data/system/table_estimates-176c39cdb93d33a5a2188eb06a56f66e/nb-1-big-Data.db:level=0, ]
code-cassandra-1-1  | INFO  [PerDiskMemtableFlushWriter_0:10] 2023-03-15 14:47:53,757 Flushing.java:145 - Writing Memtable-size_estimates@574415702(22.459KiB serialized bytes, 2376 ops, 134.481KiB (0%) on-heap, 0.000KiB (0%) off-heap), flushed range = [min(-9223372036854775808), max(9223372036854775807))
code-cassandra-1-1  | INFO  [PerDiskMemtableFlushWriter_0:10] 2023-03-15 14:47:53,759 Flushing.java:171 - Completed flushing /var/lib/cassandra/data/system/size_estimates-618f817b005f3678b8a453f3930b8e86/nb-4-big-Data.db (16.045KiB) for commitlog position CommitLogPosition(segmentId=1678833664732, position=1561407)
code-cassandra-2-1  | INFO  [PerDiskMemtableFlushWriter_0:9] 2023-03-15 14:47:53,780 Flushing.java:145 - Writing Memtable-table_estimates@1400740183(45.730KiB serialized bytes, 4488 ops, 275.911KiB (0%) on-heap, 0.000KiB (0%) off-heap), flushed range = [min(-9223372036854775808), max(9223372036854775807))
code-cassandra-2-1  | INFO  [PerDiskMemtableFlushWriter_0:9] 2023-03-15 14:47:53,787 Flushing.java:171 - Completed flushing /var/lib/cassandra/data/system/table_estimates-176c39cdb93d33a5a2188eb06a56f66e/nb-4-big-Data.db (34.495KiB) for commitlog position CommitLogPosition(segmentId=1678833664771, position=1484354)
code-cassandra-1-1  | INFO  [PerDiskMemtableFlushWriter_0:9] 2023-03-15 14:47:53,795 Flushing.java:145 - Writing Memtable-table_estimates@1361026969(48.547KiB serialized bytes, 4752 ops, 292.633KiB (0%) on-heap, 0.000KiB (0%) off-heap), flushed range = [min(-9223372036854775808), max(9223372036854775807))
code-cassandra-1-1  | INFO  [PerDiskMemtableFlushWriter_0:9] 2023-03-15 14:47:53,803 Flushing.java:171 - Completed flushing /var/lib/cassandra/data/system/table_estimates-176c39cdb93d33a5a2188eb06a56f66e/nb-4-big-Data.db (36.495KiB) for commitlog position CommitLogPosition(segmentId=1678833664732, position=1561407)
code-cassandra-1-1  | INFO  [CompactionExecutor:15] 2023-03-15 14:47:53,817 CompactionTask.java:158 - Compacting (5dd88e70-c340-11ed-aae5-df498e6badf7) [/var/lib/cassandra/data/system/size_estimates-618f817b005f3678b8a453f3930b8e86/nb-3-big-Data.db:level=0, /var/lib/cassandra/data/system/size_estimates-618f817b005f3678b8a453f3930b8e86/nb-4-big-Data.db:level=0, /var/lib/cassandra/data/system/size_estimates-618f817b005f3678b8a453f3930b8e86/nb-1-big-Data.db:level=0, /var/lib/cassandra/data/system/size_estimates-618f817b005f3678b8a453f3930b8e86/nb-2-big-Data.db:level=0, ]
code-cassandra-2-1  | INFO  [CompactionExecutor:20] 2023-03-15 14:47:53,838 CompactionTask.java:158 - Compacting (5ddbc2c0-c340-11ed-9591-8fe43c53c788) [/var/lib/cassandra/data/system/table_estimates-176c39cdb93d33a5a2188eb06a56f66e/nb-1-big-Data.db:level=0, /var/lib/cassandra/data/system/table_estimates-176c39cdb93d33a5a2188eb06a56f66e/nb-2-big-Data.db:level=0, /var/lib/cassandra/data/system/table_estimates-176c39cdb93d33a5a2188eb06a56f66e/nb-3-big-Data.db:level=0, /var/lib/cassandra/data/system/table_estimates-176c39cdb93d33a5a2188eb06a56f66e/nb-4-big-Data.db:level=0, ]
code-cassandra-1-1  | INFO  [CompactionExecutor:14] 2023-03-15 14:47:53,860 CompactionTask.java:158 - Compacting (5ddf1e20-c340-11ed-aae5-df498e6badf7) [/var/lib/cassandra/data/system/table_estimates-176c39cdb93d33a5a2188eb06a56f66e/nb-1-big-Data.db:level=0, /var/lib/cassandra/data/system/table_estimates-176c39cdb93d33a5a2188eb06a56f66e/nb-4-big-Data.db:level=0, /var/lib/cassandra/data/system/table_estimates-176c39cdb93d33a5a2188eb06a56f66e/nb-2-big-Data.db:level=0, /var/lib/cassandra/data/system/table_estimates-176c39cdb93d33a5a2188eb06a56f66e/nb-3-big-Data.db:level=0, ]
code-cassandra-3-1  | INFO  [CompactionExecutor:16] 2023-03-15 14:47:53,903 CompactionTask.java:247 - Compacted (5dc04b80-c340-11ed-b68b-898879ed5bfd) 4 sstables to [/var/lib/cassandra/data/system/size_estimates-618f817b005f3678b8a453f3930b8e86/nb-5-big,] to level=0.  10.430KiB to 2.346KiB (~22% of original) in 193ms.  Read Throughput = 53.990KiB/s, Write Throughput = 12.143KiB/s, Row Throughput = ~201/s.  12 total partitions merged to 3.  Partition merge counts were {4:3, }. Time spent writing keys = 127ms
code-cassandra-3-1  | INFO  [NonPeriodicTasks:1] 2023-03-15 14:47:53,946 SSTable.java:127 - Deleting sstable: /var/lib/cassandra/data/system/size_estimates-618f817b005f3678b8a453f3930b8e86/nb-4-big
code-cassandra-3-1  | INFO  [NonPeriodicTasks:1] 2023-03-15 14:47:53,952 SSTable.java:127 - Deleting sstable: /var/lib/cassandra/data/system/size_estimates-618f817b005f3678b8a453f3930b8e86/nb-1-big
code-cassandra-3-1  | INFO  [NonPeriodicTasks:1] 2023-03-15 14:47:53,957 SSTable.java:127 - Deleting sstable: /var/lib/cassandra/data/system/size_estimates-618f817b005f3678b8a453f3930b8e86/nb-2-big
code-cassandra-3-1  | INFO  [NonPeriodicTasks:1] 2023-03-15 14:47:53,963 SSTable.java:127 - Deleting sstable: /var/lib/cassandra/data/system/size_estimates-618f817b005f3678b8a453f3930b8e86/nb-3-big
code-cassandra-2-1  | INFO  [CompactionExecutor:19] 2023-03-15 14:47:53,966 CompactionTask.java:247 - Compacted (5dc57ba0-c340-11ed-9591-8fe43c53c788) 4 sstables to [/var/lib/cassandra/data/system/size_estimates-618f817b005f3678b8a453f3930b8e86/nb-5-big,] to level=0.  10.463KiB to 2.343KiB (~22% of original) in 231ms.  Read Throughput = 45.269KiB/s, Write Throughput = 10.136KiB/s, Row Throughput = ~201/s.  12 total partitions merged to 3.  Partition merge counts were {4:3, }. Time spent writing keys = 121ms
code-cassandra-3-1  | INFO  [CompactionExecutor:15] 2023-03-15 14:47:53,986 CompactionTask.java:247 - Compacted (5dce2e30-c340-11ed-b68b-898879ed5bfd) 4 sstables to [/var/lib/cassandra/data/system/table_estimates-176c39cdb93d33a5a2188eb06a56f66e/nb-5-big,] to level=0.  23.231KiB to 5.103KiB (~21% of original) in 236ms.  Read Throughput = 98.138KiB/s, Write Throughput = 21.555KiB/s, Row Throughput = ~399/s.  12 total partitions merged to 3.  Partition merge counts were {4:3, }. Time spent writing keys = 110ms
code-cassandra-3-1  | INFO  [NonPeriodicTasks:1] 2023-03-15 14:47:53,987 SSTable.java:127 - Deleting sstable: /var/lib/cassandra/data/system/table_estimates-176c39cdb93d33a5a2188eb06a56f66e/nb-2-big
code-cassandra-3-1  | INFO  [NonPeriodicTasks:1] 2023-03-15 14:47:53,993 SSTable.java:127 - Deleting sstable: /var/lib/cassandra/data/system/table_estimates-176c39cdb93d33a5a2188eb06a56f66e/nb-1-big
code-cassandra-2-1  | INFO  [NonPeriodicTasks:1] 2023-03-15 14:47:53,995 SSTable.java:127 - Deleting sstable: /var/lib/cassandra/data/system/size_estimates-618f817b005f3678b8a453f3930b8e86/nb-2-big
code-cassandra-3-1  | INFO  [NonPeriodicTasks:1] 2023-03-15 14:47:53,998 SSTable.java:127 - Deleting sstable: /var/lib/cassandra/data/system/table_estimates-176c39cdb93d33a5a2188eb06a56f66e/nb-3-big
code-cassandra-2-1  | INFO  [NonPeriodicTasks:1] 2023-03-15 14:47:54,001 SSTable.java:127 - Deleting sstable: /var/lib/cassandra/data/system/size_estimates-618f817b005f3678b8a453f3930b8e86/nb-1-big
code-cassandra-3-1  | INFO  [NonPeriodicTasks:1] 2023-03-15 14:47:54,004 SSTable.java:127 - Deleting sstable: /var/lib/cassandra/data/system/table_estimates-176c39cdb93d33a5a2188eb06a56f66e/nb-4-big
code-cassandra-2-1  | INFO  [NonPeriodicTasks:1] 2023-03-15 14:47:54,005 SSTable.java:127 - Deleting sstable: /var/lib/cassandra/data/system/size_estimates-618f817b005f3678b8a453f3930b8e86/nb-3-big
code-cassandra-2-1  | INFO  [NonPeriodicTasks:1] 2023-03-15 14:47:54,010 SSTable.java:127 - Deleting sstable: /var/lib/cassandra/data/system/size_estimates-618f817b005f3678b8a453f3930b8e86/nb-4-big
code-cassandra-2-1  | INFO  [CompactionExecutor:20] 2023-03-15 14:47:54,069 CompactionTask.java:247 - Compacted (5ddbc2c0-c340-11ed-9591-8fe43c53c788) 4 sstables to [/var/lib/cassandra/data/system/table_estimates-176c39cdb93d33a5a2188eb06a56f66e/nb-5-big,] to level=0.  23.192KiB to 5.132KiB (~22% of original) in 227ms.  Read Throughput = 101.771KiB/s, Write Throughput = 22.519KiB/s, Row Throughput = ~399/s.  12 total partitions merged to 3.  Partition merge counts were {4:3, }. Time spent writing keys = 173ms
code-cassandra-2-1  | INFO  [NonPeriodicTasks:1] 2023-03-15 14:47:54,069 SSTable.java:127 - Deleting sstable: /var/lib/cassandra/data/system/table_estimates-176c39cdb93d33a5a2188eb06a56f66e/nb-2-big
code-cassandra-2-1  | INFO  [NonPeriodicTasks:1] 2023-03-15 14:47:54,073 SSTable.java:127 - Deleting sstable: /var/lib/cassandra/data/system/table_estimates-176c39cdb93d33a5a2188eb06a56f66e/nb-3-big
code-cassandra-1-1  | INFO  [CompactionExecutor:15] 2023-03-15 14:47:54,075 CompactionTask.java:247 - Compacted (5dd88e70-c340-11ed-aae5-df498e6badf7) 4 sstables to [/var/lib/cassandra/data/system/size_estimates-618f817b005f3678b8a453f3930b8e86/nb-5-big,] to level=0.  11.167KiB to 2.438KiB (~21% of original) in 222ms.  Read Throughput = 50.081KiB/s, Write Throughput = 10.931KiB/s, Row Throughput = ~212/s.  12 total partitions merged to 3.  Partition merge counts were {4:3, }. Time spent writing keys = 166ms
code-cassandra-2-1  | INFO  [NonPeriodicTasks:1] 2023-03-15 14:47:54,079 SSTable.java:127 - Deleting sstable: /var/lib/cassandra/data/system/table_estimates-176c39cdb93d33a5a2188eb06a56f66e/nb-4-big
code-cassandra-2-1  | INFO  [NonPeriodicTasks:1] 2023-03-15 14:47:54,083 SSTable.java:127 - Deleting sstable: /var/lib/cassandra/data/system/table_estimates-176c39cdb93d33a5a2188eb06a56f66e/nb-1-big
code-cassandra-1-1  | INFO  [CompactionExecutor:14] 2023-03-15 14:47:54,083 CompactionTask.java:247 - Compacted (5ddf1e20-c340-11ed-aae5-df498e6badf7) 4 sstables to [/var/lib/cassandra/data/system/table_estimates-176c39cdb93d33a5a2188eb06a56f66e/nb-5-big,] to level=0.  24.160KiB to 5.429KiB (~22% of original) in 219ms.  Read Throughput = 109.986KiB/s, Write Throughput = 24.713KiB/s, Row Throughput = ~421/s.  12 total partitions merged to 3.  Partition merge counts were {4:3, }. Time spent writing keys = 159ms
code-cassandra-1-1  | INFO  [NonPeriodicTasks:1] 2023-03-15 14:47:54,086 SSTable.java:127 - Deleting sstable: /var/lib/cassandra/data/system/size_estimates-618f817b005f3678b8a453f3930b8e86/nb-3-big
code-cassandra-1-1  | INFO  [NonPeriodicTasks:1] 2023-03-15 14:47:54,089 SSTable.java:127 - Deleting sstable: /var/lib/cassandra/data/system/size_estimates-618f817b005f3678b8a453f3930b8e86/nb-4-big
code-cassandra-1-1  | INFO  [NonPeriodicTasks:1] 2023-03-15 14:47:54,091 SSTable.java:127 - Deleting sstable: /var/lib/cassandra/data/system/size_estimates-618f817b005f3678b8a453f3930b8e86/nb-1-big
code-cassandra-1-1  | INFO  [NonPeriodicTasks:1] 2023-03-15 14:47:54,093 SSTable.java:127 - Deleting sstable: /var/lib/cassandra/data/system/size_estimates-618f817b005f3678b8a453f3930b8e86/nb-2-big
code-cassandra-1-1  | INFO  [NonPeriodicTasks:1] 2023-03-15 14:47:54,098 SSTable.java:127 - Deleting sstable: /var/lib/cassandra/data/system/table_estimates-176c39cdb93d33a5a2188eb06a56f66e/nb-4-big
code-cassandra-1-1  | INFO  [NonPeriodicTasks:1] 2023-03-15 14:47:54,100 SSTable.java:127 - Deleting sstable: /var/lib/cassandra/data/system/table_estimates-176c39cdb93d33a5a2188eb06a56f66e/nb-1-big
code-cassandra-1-1  | INFO  [NonPeriodicTasks:1] 2023-03-15 14:47:54,101 SSTable.java:127 - Deleting sstable: /var/lib/cassandra/data/system/table_estimates-176c39cdb93d33a5a2188eb06a56f66e/nb-2-big
code-cassandra-1-1  | INFO  [NonPeriodicTasks:1] 2023-03-15 14:47:54,103 SSTable.java:127 - Deleting sstable: /var/lib/cassandra/data/system/table_estimates-176c39cdb93d33a5a2188eb06a56f66e/nb-3-big
code-cassandra-1-1  | INFO  [Native-Transport-Requests-2] 2023-03-15 14:55:10,765 QueryProcessor.java:650 - Fully upgraded to at least 4.1.0
code-cassandra-2-1  | INFO  [Native-Transport-Requests-1] 2023-03-15 14:55:10,796 QueryProcessor.java:650 - Fully upgraded to at least 4.1.0
code-cassandra-3-1  | INFO  [Native-Transport-Requests-1] 2023-03-15 14:55:10,883 QueryProcessor.java:650 - Fully upgraded to at least 4.1.0
code-cassandra-2-1  | INFO  [Messaging-EventLoop-3-2] 2023-03-15 14:55:10,999 InboundConnectionInitiator.java:529 - /172.24.0.3:7000(/172.24.0.3:54718)->/172.24.0.4:7000-SMALL_MESSAGES-e59b81ff messaging connection established, version = 12, framing = CRC, encryption = unencrypted
code-cassandra-1-1  | INFO  [Messaging-EventLoop-3-1] 2023-03-15 14:55:11,001 InboundConnectionInitiator.java:529 - /172.24.0.3:7000(/172.24.0.3:39586)->/172.24.0.2:7000-SMALL_MESSAGES-c5aee75f messaging connection established, version = 12, framing = CRC, encryption = unencrypted
code-cassandra-3-1  | INFO  [Messaging-EventLoop-3-6] 2023-03-15 14:55:10,999 OutboundConnection.java:1153 - cassandra-3/172.24.0.3:7000(/172.24.0.3:54718)->cassandra-2/172.24.0.4:7000-SMALL_MESSAGES-369e4a24 successfully connected, version = 12, framing = CRC, encryption = unencrypted
code-cassandra-3-1  | INFO  [Messaging-EventLoop-3-3] 2023-03-15 14:55:11,002 OutboundConnection.java:1153 - cassandra-3/172.24.0.3:7000(/172.24.0.3:39586)->cassandra-1/172.24.0.2:7000-SMALL_MESSAGES-81eeb319 successfully connected, version = 12, framing = CRC, encryption = unencrypted
code-cassandra-3-1  | INFO  [Messaging-EventLoop-3-2] 2023-03-15 14:55:11,034 InboundConnectionInitiator.java:529 - /172.24.0.4:7000(/172.24.0.4:52570)->/172.24.0.3:7000-SMALL_MESSAGES-47cf8fd4 messaging connection established, version = 12, framing = CRC, encryption = unencrypted
code-cassandra-2-1  | INFO  [Messaging-EventLoop-3-4] 2023-03-15 14:55:11,035 OutboundConnection.java:1153 - cassandra-2/172.24.0.4:7000(/172.24.0.4:52570)->cassandra-3/172.24.0.3:7000-SMALL_MESSAGES-a67a1731 successfully connected, version = 12, framing = CRC, encryption = unencrypted
code-cassandra-1-1  | INFO  [Messaging-EventLoop-3-2] 2023-03-15 14:55:11,047 InboundConnectionInitiator.java:529 - /172.24.0.4:7000(/172.24.0.4:57198)->/172.24.0.2:7000-SMALL_MESSAGES-4d620f54 messaging connection established, version = 12, framing = CRC, encryption = unencrypted
code-cassandra-2-1  | INFO  [Messaging-EventLoop-3-1] 2023-03-15 14:55:11,047 OutboundConnection.java:1153 - cassandra-2/172.24.0.4:7000(/172.24.0.4:57198)->cassandra-1/172.24.0.2:7000-SMALL_MESSAGES-14069491 successfully connected, version = 12, framing = CRC, encryption = unencrypted
code-cassandra-2-1  | WARN  [ScheduledTasks:1] 2023-03-15 14:55:38,460 QueryProcessor.java:124 - 313 prepared statements discarded in the last minute because cache limit reached (13 MiB)
code-cassandra-1-1  | WARN  [ScheduledTasks:1] 2023-03-15 14:55:38,492 QueryProcessor.java:124 - 231 prepared statements discarded in the last minute because cache limit reached (13 MiB)
code-cassandra-3-1  | WARN  [ScheduledTasks:1] 2023-03-15 14:55:38,584 QueryProcessor.java:124 - 313 prepared statements discarded in the last minute because cache limit reached (13 MiB)
code-cassandra-3-1  | WARN  [ScheduledTasks:1] 2023-03-15 14:56:38,388 QueryProcessor.java:124 - 17248 prepared statements discarded in the last minute because cache limit reached (13 MiB)
code-cassandra-2-1  | WARN  [ScheduledTasks:1] 2023-03-15 14:56:38,415 QueryProcessor.java:124 - 17251 prepared statements discarded in the last minute because cache limit reached (13 MiB)
code-cassandra-1-1  | WARN  [ScheduledTasks:1] 2023-03-15 14:56:38,447 QueryProcessor.java:124 - 17214 prepared statements discarded in the last minute because cache limit reached (13 MiB)
code-cassandra-3-1  | WARN  [ScheduledTasks:1] 2023-03-15 14:57:38,344 QueryProcessor.java:124 - 17528 prepared statements discarded in the last minute because cache limit reached (13 MiB)
code-cassandra-2-1  | WARN  [ScheduledTasks:1] 2023-03-15 14:57:38,371 QueryProcessor.java:124 - 17508 prepared statements discarded in the last minute because cache limit reached (13 MiB)
code-cassandra-1-1  | WARN  [ScheduledTasks:1] 2023-03-15 14:57:38,403 QueryProcessor.java:124 - 17496 prepared statements discarded in the last minute because cache limit reached (13 MiB)
code-cassandra-3-1  | WARN  [ScheduledTasks:1] 2023-03-15 14:58:38,299 QueryProcessor.java:124 - 19072 prepared statements discarded in the last minute because cache limit reached (13 MiB)
code-cassandra-2-1  | WARN  [ScheduledTasks:1] 2023-03-15 14:58:38,326 QueryProcessor.java:124 - 19072 prepared statements discarded in the last minute because cache limit reached (13 MiB)
code-cassandra-1-1  | WARN  [ScheduledTasks:1] 2023-03-15 14:58:38,358 QueryProcessor.java:124 - 19074 prepared statements discarded in the last minute because cache limit reached (13 MiB)
code-cassandra-3-1  | WARN  [ScheduledTasks:1] 2023-03-15 14:59:38,255 QueryProcessor.java:124 - 18463 prepared statements discarded in the last minute because cache limit reached (13 MiB)
code-cassandra-2-1  | WARN  [ScheduledTasks:1] 2023-03-15 14:59:38,282 QueryProcessor.java:124 - 18460 prepared statements discarded in the last minute because cache limit reached (13 MiB)
code-cassandra-1-1  | WARN  [ScheduledTasks:1] 2023-03-15 14:59:38,314 QueryProcessor.java:124 - 18459 prepared statements discarded in the last minute because cache limit reached (13 MiB)
code-cassandra-3-1  | WARN  [ScheduledTasks:1] 2023-03-15 15:00:38,210 QueryProcessor.java:124 - 2267 prepared statements discarded in the last minute because cache limit reached (13 MiB)
code-cassandra-2-1  | WARN  [ScheduledTasks:1] 2023-03-15 15:00:38,238 QueryProcessor.java:124 - 2261 prepared statements discarded in the last minute because cache limit reached (13 MiB)
code-cassandra-1-1  | WARN  [ScheduledTasks:1] 2023-03-15 15:00:38,269 QueryProcessor.java:124 - 2251 prepared statements discarded in the last minute because cache limit reached (13 MiB)
code-cassandra-3-1  | WARN  [ScheduledTasks:1] 2023-03-15 15:11:37,852 QueryProcessor.java:124 - 372 prepared statements discarded in the last minute because cache limit reached (13 MiB)
code-cassandra-2-1  | WARN  [ScheduledTasks:1] 2023-03-15 15:11:37,880 QueryProcessor.java:124 - 382 prepared statements discarded in the last minute because cache limit reached (13 MiB)
code-cassandra-1-1  | WARN  [ScheduledTasks:1] 2023-03-15 15:11:37,911 QueryProcessor.java:124 - 394 prepared statements discarded in the last minute because cache limit reached (13 MiB)
code-cassandra-3-1  | WARN  [ScheduledTasks:1] 2023-03-15 15:12:37,810 QueryProcessor.java:124 - 3992 prepared statements discarded in the last minute because cache limit reached (13 MiB)
code-cassandra-2-1  | WARN  [ScheduledTasks:1] 2023-03-15 15:12:37,837 QueryProcessor.java:124 - 3982 prepared statements discarded in the last minute because cache limit reached (13 MiB)
code-cassandra-1-1  | WARN  [ScheduledTasks:1] 2023-03-15 15:12:37,869 QueryProcessor.java:124 - 3970 prepared statements discarded in the last minute because cache limit reached (13 MiB)
code-cassandra-3-1  | WARN  [ScheduledTasks:1] 2023-03-15 15:24:37,300 QueryProcessor.java:124 - 2766 prepared statements discarded in the last minute because cache limit reached (13 MiB)
code-cassandra-2-1  | WARN  [ScheduledTasks:1] 2023-03-15 15:24:37,327 QueryProcessor.java:124 - 2626 prepared statements discarded in the last minute because cache limit reached (13 MiB)
code-cassandra-1-1  | WARN  [ScheduledTasks:1] 2023-03-15 15:24:37,359 QueryProcessor.java:124 - 2813 prepared statements discarded in the last minute because cache limit reached (13 MiB)
code-cassandra-3-1  | WARN  [ScheduledTasks:1] 2023-03-15 15:25:37,258 QueryProcessor.java:124 - 21638 prepared statements discarded in the last minute because cache limit reached (13 MiB)
code-cassandra-2-1  | WARN  [ScheduledTasks:1] 2023-03-15 15:25:37,285 QueryProcessor.java:124 - 21638 prepared statements discarded in the last minute because cache limit reached (13 MiB)
code-cassandra-1-1  | WARN  [ScheduledTasks:1] 2023-03-15 15:25:37,317 QueryProcessor.java:124 - 21638 prepared statements discarded in the last minute because cache limit reached (13 MiB)
code-cassandra-3-1  | WARN  [ScheduledTasks:1] 2023-03-15 15:26:37,215 QueryProcessor.java:124 - 5294 prepared statements discarded in the last minute because cache limit reached (13 MiB)
code-cassandra-2-1  | WARN  [ScheduledTasks:1] 2023-03-15 15:26:37,243 QueryProcessor.java:124 - 5280 prepared statements discarded in the last minute because cache limit reached (13 MiB)
code-cassandra-1-1  | WARN  [ScheduledTasks:1] 2023-03-15 15:26:37,274 QueryProcessor.java:124 - 5266 prepared statements discarded in the last minute because cache limit reached (13 MiB)
code-cassandra-1-1  | INFO  [ScheduledTasks:1] 2023-03-15 15:47:50,939 ColumnFamilyStore.java:1009 - Enqueuing flush of system.compaction_history, Reason: MEMTABLE_PERIOD_EXPIRED, Usage: 2.181KiB (0%) on-heap, 0.000KiB (0%) off-heap
code-cassandra-1-1  | INFO  [ScheduledTasks:1] 2023-03-15 15:47:50,943 ColumnFamilyStore.java:1009 - Enqueuing flush of system.sstable_activity, Reason: MEMTABLE_PERIOD_EXPIRED, Usage: 2.230KiB (0%) on-heap, 0.000KiB (0%) off-heap
code-cassandra-1-1  | INFO  [ScheduledTasks:1] 2023-03-15 15:47:50,944 ColumnFamilyStore.java:1009 - Enqueuing flush of system.sstable_activity_v2, Reason: MEMTABLE_PERIOD_EXPIRED, Usage: 2.207KiB (0%) on-heap, 0.000KiB (0%) off-heap
code-cassandra-1-1  | INFO  [ScheduledTasks:1] 2023-03-15 15:47:50,944 ColumnFamilyStore.java:1009 - Enqueuing flush of system.size_estimates, Reason: MEMTABLE_PERIOD_EXPIRED, Usage: 146.810KiB (0%) on-heap, 0.000KiB (0%) off-heap
code-cassandra-1-1  | INFO  [ScheduledTasks:1] 2023-03-15 15:47:50,945 ColumnFamilyStore.java:1009 - Enqueuing flush of system.table_estimates, Reason: MEMTABLE_PERIOD_EXPIRED, Usage: 319.043KiB (0%) on-heap, 0.000KiB (0%) off-heap
code-cassandra-1-1  | INFO  [ScheduledTasks:1] 2023-03-15 15:47:50,945 ColumnFamilyStore.java:1009 - Enqueuing flush of system.prepared_statements, Reason: MEMTABLE_PERIOD_EXPIRED, Usage: 85.170MiB (10%) on-heap, 0.000KiB (0%) off-heap
code-cassandra-2-1  | INFO  [ScheduledTasks:1] 2023-03-15 15:47:50,949 ColumnFamilyStore.java:1009 - Enqueuing flush of system.compaction_history, Reason: MEMTABLE_PERIOD_EXPIRED, Usage: 2.183KiB (0%) on-heap, 0.000KiB (0%) off-heap
code-cassandra-3-1  | INFO  [ScheduledTasks:1] 2023-03-15 15:47:50,957 ColumnFamilyStore.java:1009 - Enqueuing flush of system.compaction_history, Reason: MEMTABLE_PERIOD_EXPIRED, Usage: 2.183KiB (0%) on-heap, 0.000KiB (0%) off-heap
code-cassandra-1-1  | INFO  [PerDiskMemtableFlushWriter_0:11] 2023-03-15 15:47:50,954 Flushing.java:145 - Writing Memtable-compaction_history@1146931394(0.394KiB serialized bytes, 2 ops, 2.181KiB (0%) on-heap, 0.000KiB (0%) off-heap), flushed range = [min(-9223372036854775808), max(9223372036854775807))
code-cassandra-3-1  | INFO  [ScheduledTasks:1] 2023-03-15 15:47:50,959 ColumnFamilyStore.java:1009 - Enqueuing flush of system.sstable_activity, Reason: MEMTABLE_PERIOD_EXPIRED, Usage: 2.238KiB (0%) on-heap, 0.000KiB (0%) off-heap
code-cassandra-1-1  | INFO  [PerDiskMemtableFlushWriter_0:11] 2023-03-15 15:47:50,955 Flushing.java:171 - Completed flushing /var/lib/cassandra/data/system/compaction_history-b4dbb7b4dc493fb5b3bfce6e434832ca/nb-2-big-Data.db (0.216KiB) for commitlog position CommitLogPosition(segmentId=1678833664734, position=19033042)
code-cassandra-1-1  | INFO  [PerDiskMemtableFlushWriter_0:12] 2023-03-15 15:47:50,955 Flushing.java:145 - Writing Memtable-sstable_activity@949566841(0.063KiB serialized bytes, 8 ops, 2.230KiB (0%) on-heap, 0.000KiB (0%) off-heap), flushed range = [min(-9223372036854775808), max(9223372036854775807))
code-cassandra-3-1  | INFO  [ScheduledTasks:1] 2023-03-15 15:47:50,961 ColumnFamilyStore.java:1009 - Enqueuing flush of system.sstable_activity_v2, Reason: MEMTABLE_PERIOD_EXPIRED, Usage: 2.215KiB (0%) on-heap, 0.000KiB (0%) off-heap
code-cassandra-1-1  | INFO  [PerDiskMemtableFlushWriter_0:12] 2023-03-15 15:47:50,956 Flushing.java:171 - Completed flushing /var/lib/cassandra/data/system/sstable_activity-5a1ff267ace03f128563cfae6103c65e/nb-2-big-Data.db (0.379KiB) for commitlog position CommitLogPosition(segmentId=1678833664734, position=19033042)
code-cassandra-2-1  | INFO  [ScheduledTasks:1] 2023-03-15 15:47:50,952 ColumnFamilyStore.java:1009 - Enqueuing flush of system.sstable_activity, Reason: MEMTABLE_PERIOD_EXPIRED, Usage: 2.238KiB (0%) on-heap, 0.000KiB (0%) off-heap
code-cassandra-2-1  | INFO  [ScheduledTasks:1] 2023-03-15 15:47:50,953 ColumnFamilyStore.java:1009 - Enqueuing flush of system.sstable_activity_v2, Reason: MEMTABLE_PERIOD_EXPIRED, Usage: 2.215KiB (0%) on-heap, 0.000KiB (0%) off-heap
code-cassandra-2-1  | INFO  [ScheduledTasks:1] 2023-03-15 15:47:50,957 ColumnFamilyStore.java:1009 - Enqueuing flush of system.size_estimates, Reason: MEMTABLE_PERIOD_EXPIRED, Usage: 138.447KiB (0%) on-heap, 0.000KiB (0%) off-heap
code-cassandra-2-1  | INFO  [ScheduledTasks:1] 2023-03-15 15:47:50,960 ColumnFamilyStore.java:1009 - Enqueuing flush of system.table_estimates, Reason: MEMTABLE_PERIOD_EXPIRED, Usage: 300.846KiB (0%) on-heap, 0.000KiB (0%) off-heap
code-cassandra-2-1  | INFO  [PerDiskMemtableFlushWriter_0:11] 2023-03-15 15:47:50,963 Flushing.java:145 - Writing Memtable-compaction_history@882021248(0.394KiB serialized bytes, 2 ops, 2.183KiB (0%) on-heap, 0.000KiB (0%) off-heap), flushed range = [min(-9223372036854775808), max(9223372036854775807))
code-cassandra-3-1  | INFO  [ScheduledTasks:1] 2023-03-15 15:47:50,964 ColumnFamilyStore.java:1009 - Enqueuing flush of system.size_estimates, Reason: MEMTABLE_PERIOD_EXPIRED, Usage: 138.459KiB (0%) on-heap, 0.000KiB (0%) off-heap
code-cassandra-2-1  | INFO  [PerDiskMemtableFlushWriter_0:11] 2023-03-15 15:47:50,965 Flushing.java:171 - Completed flushing /var/lib/cassandra/data/system/compaction_history-b4dbb7b4dc493fb5b3bfce6e434832ca/nb-2-big-Data.db (0.216KiB) for commitlog position CommitLogPosition(segmentId=1678833664773, position=18854829)
code-cassandra-3-1  | INFO  [ScheduledTasks:1] 2023-03-15 15:47:50,966 ColumnFamilyStore.java:1009 - Enqueuing flush of system.table_estimates, Reason: MEMTABLE_PERIOD_EXPIRED, Usage: 300.869KiB (0%) on-heap, 0.000KiB (0%) off-heap
code-cassandra-2-1  | INFO  [ScheduledTasks:1] 2023-03-15 15:47:50,967 ColumnFamilyStore.java:1009 - Enqueuing flush of system.prepared_statements, Reason: MEMTABLE_PERIOD_EXPIRED, Usage: 85.214MiB (10%) on-heap, 0.000KiB (0%) off-heap
code-cassandra-3-1  | INFO  [ScheduledTasks:1] 2023-03-15 15:47:50,969 ColumnFamilyStore.java:1009 - Enqueuing flush of system.prepared_statements, Reason: MEMTABLE_PERIOD_EXPIRED, Usage: 85.277MiB (10%) on-heap, 0.000KiB (0%) off-heap
code-cassandra-1-1  | INFO  [PerDiskMemtableFlushWriter_0:11] 2023-03-15 15:47:50,988 Flushing.java:145 - Writing Memtable-sstable_activity_v2@1251687993(0.063KiB serialized bytes, 8 ops, 2.207KiB (0%) on-heap, 0.000KiB (0%) off-heap), flushed range = [min(-9223372036854775808), max(9223372036854775807))
code-cassandra-2-1  | INFO  [PerDiskMemtableFlushWriter_0:12] 2023-03-15 15:47:50,968 Flushing.java:145 - Writing Memtable-sstable_activity@1460841380(0.063KiB serialized bytes, 8 ops, 2.238KiB (0%) on-heap, 0.000KiB (0%) off-heap), flushed range = [min(-9223372036854775808), max(9223372036854775807))
code-cassandra-2-1  | INFO  [PerDiskMemtableFlushWriter_0:12] 2023-03-15 15:47:50,969 Flushing.java:171 - Completed flushing /var/lib/cassandra/data/system/sstable_activity-5a1ff267ace03f128563cfae6103c65e/nb-2-big-Data.db (0.379KiB) for commitlog position CommitLogPosition(segmentId=1678833664773, position=18854829)
code-cassandra-2-1  | INFO  [PerDiskMemtableFlushWriter_0:11] 2023-03-15 15:47:50,996 Flushing.java:145 - Writing Memtable-sstable_activity_v2@978680674(0.063KiB serialized bytes, 8 ops, 2.215KiB (0%) on-heap, 0.000KiB (0%) off-heap), flushed range = [min(-9223372036854775808), max(9223372036854775807))
code-cassandra-3-1  | INFO  [PerDiskMemtableFlushWriter_0:11] 2023-03-15 15:47:50,972 Flushing.java:145 - Writing Memtable-compaction_history@1928552327(0.394KiB serialized bytes, 2 ops, 2.183KiB (0%) on-heap, 0.000KiB (0%) off-heap), flushed range = [min(-9223372036854775808), max(9223372036854775807))
code-cassandra-3-1  | INFO  [PerDiskMemtableFlushWriter_0:11] 2023-03-15 15:47:50,973 Flushing.java:171 - Completed flushing /var/lib/cassandra/data/system/compaction_history-b4dbb7b4dc493fb5b3bfce6e434832ca/nb-2-big-Data.db (0.216KiB) for commitlog position CommitLogPosition(segmentId=1678833664751, position=18971647)
code-cassandra-3-1  | INFO  [PerDiskMemtableFlushWriter_0:12] 2023-03-15 15:47:50,976 Flushing.java:145 - Writing Memtable-sstable_activity@1348352457(0.063KiB serialized bytes, 8 ops, 2.238KiB (0%) on-heap, 0.000KiB (0%) off-heap), flushed range = [min(-9223372036854775808), max(9223372036854775807))
code-cassandra-1-1  | INFO  [PerDiskMemtableFlushWriter_0:11] 2023-03-15 15:47:50,989 Flushing.java:171 - Completed flushing /var/lib/cassandra/data/system/sstable_activity_v2-62efe31f3be8310c8d298963439c1288/nb-2-big-Data.db (0.355KiB) for commitlog position CommitLogPosition(segmentId=1678833664734, position=19033042)
code-cassandra-3-1  | INFO  [PerDiskMemtableFlushWriter_0:12] 2023-03-15 15:47:50,977 Flushing.java:171 - Completed flushing /var/lib/cassandra/data/system/sstable_activity-5a1ff267ace03f128563cfae6103c65e/nb-2-big-Data.db (0.379KiB) for commitlog position CommitLogPosition(segmentId=1678833664751, position=18971647)
code-cassandra-3-1  | INFO  [PerDiskMemtableFlushWriter_0:11] 2023-03-15 15:47:51,006 Flushing.java:145 - Writing Memtable-sstable_activity_v2@2083827625(0.063KiB serialized bytes, 8 ops, 2.215KiB (0%) on-heap, 0.000KiB (0%) off-heap), flushed range = [min(-9223372036854775808), max(9223372036854775807))
code-cassandra-3-1  | INFO  [PerDiskMemtableFlushWriter_0:11] 2023-03-15 15:47:51,006 Flushing.java:171 - Completed flushing /var/lib/cassandra/data/system/sstable_activity_v2-62efe31f3be8310c8d298963439c1288/nb-2-big-Data.db (0.355KiB) for commitlog position CommitLogPosition(segmentId=1678833664751, position=18971647)
code-cassandra-1-1  | INFO  [PerDiskMemtableFlushWriter_0:12] 2023-03-15 15:47:50,991 Flushing.java:145 - Writing Memtable-size_estimates@912184346(24.339KiB serialized bytes, 2592 ops, 146.810KiB (0%) on-heap, 0.000KiB (0%) off-heap), flushed range = [min(-9223372036854775808), max(9223372036854775807))
code-cassandra-3-1  | INFO  [PerDiskMemtableFlushWriter_0:12] 2023-03-15 15:47:51,011 Flushing.java:145 - Writing Memtable-size_estimates@1587137970(22.941KiB serialized bytes, 2448 ops, 138.459KiB (0%) on-heap, 0.000KiB (0%) off-heap), flushed range = [min(-9223372036854775808), max(9223372036854775807))
code-cassandra-1-1  | INFO  [PerDiskMemtableFlushWriter_0:12] 2023-03-15 15:47:50,994 Flushing.java:171 - Completed flushing /var/lib/cassandra/data/system/size_estimates-618f817b005f3678b8a453f3930b8e86/nb-6-big-Data.db (17.327KiB) for commitlog position CommitLogPosition(segmentId=1678833664734, position=19033042)
code-cassandra-1-1  | INFO  [IndexSummaryManager:1] 2023-03-15 15:47:51,005 IndexSummaryRedistribution.java:87 - Redistributing index summaries
code-cassandra-3-1  | INFO  [PerDiskMemtableFlushWriter_0:12] 2023-03-15 15:47:51,013 Flushing.java:171 - Completed flushing /var/lib/cassandra/data/system/size_estimates-618f817b005f3678b8a453f3930b8e86/nb-6-big-Data.db (16.387KiB) for commitlog position CommitLogPosition(segmentId=1678833664751, position=18971647)
code-cassandra-2-1  | INFO  [PerDiskMemtableFlushWriter_0:11] 2023-03-15 15:47:50,996 Flushing.java:171 - Completed flushing /var/lib/cassandra/data/system/sstable_activity_v2-62efe31f3be8310c8d298963439c1288/nb-2-big-Data.db (0.355KiB) for commitlog position CommitLogPosition(segmentId=1678833664773, position=18854829)
code-cassandra-1-1  | INFO  [IndexSummaryManager:1] 2023-03-15 15:47:51,005 IndexSummaryRedistribution.java:98 - Beginning redistribution of index summaries for 27 sstables with memory pool size 170 MiB; current spaced used is 6.103515625E-4 MiB
code-cassandra-1-1  | INFO  [IndexSummaryManager:1] 2023-03-15 15:47:51,006 IndexSummaryRedistribution.java:250 - index summaries: downsample: 0, force resample: 0, upsample: 0, force upsample: 0
