code-cassandra-1-1  | INFO  [main] 2023-03-14 22:42:03,596 ColumnFamilyStore.java:1009 - Enqueuing flush of system_schema.columns, Reason: INTERNALLY_FORCED, Usage: 23.671KiB (0%) on-heap, 0.000KiB (0%) off-heap
code-cassandra-2-1  | INFO  [main] 2023-03-14 22:42:03,594 StorageService.java:1789 - JOINING: Finish joining ring
code-cassandra-1-1  | INFO  [PerDiskMemtableFlushWriter_0:2] 2023-03-14 22:42:03,607 Flushing.java:145 - Writing Memtable-columns@1468165759(5.126KiB serialized bytes, 32 ops, 23.671KiB (0%) on-heap, 0.000KiB (0%) off-heap), flushed range = [null, null)
code-cassandra-2-1  | INFO  [main] 2023-03-14 22:42:03,609 ColumnFamilyStore.java:1009 - Enqueuing flush of system.local, Reason: INTERNALLY_FORCED, Usage: 0.597KiB (0%) on-heap, 0.000KiB (0%) off-heap
code-cassandra-1-1  | INFO  [PerDiskMemtableFlushWriter_0:2] 2023-03-14 22:42:03,611 Flushing.java:171 - Completed flushing /var/lib/cassandra/data/system_schema/columns-24101c25a2ae3af787c1b40ee1aca33f/nb-3-big-Data.db (2.494KiB) for commitlog position CommitLogPosition(segmentId=1678833664732, position=44310)
code-cassandra-3-1  | INFO  [main] 2023-03-14 22:42:03,626 Keyspace.java:381 - Creating replication strategy system_traces params KeyspaceParams{durable_writes=true, replication=ReplicationParams{class=org.apache.cassandra.locator.SimpleStrategy, replication_factor=2}}
code-cassandra-3-1  | INFO  [Messaging-EventLoop-3-10] 2023-03-14 22:42:03,629 InboundConnectionInitiator.java:529 - /172.24.0.2:7000(/172.24.0.2:33610)->/172.24.0.3:7000-SMALL_MESSAGES-bf64aa59 messaging connection established, version = 12, framing = CRC, encryption = unencrypted
code-cassandra-1-1  | INFO  [Messaging-EventLoop-3-1] 2023-03-14 22:42:03,631 OutboundConnection.java:1153 - cassandra-1/172.24.0.2:7000(/172.24.0.2:33610)->cassandra-3/172.24.0.3:7000-SMALL_MESSAGES-08b720b5 successfully connected, version = 12, framing = CRC, encryption = unencrypted
code-cassandra-1-1  | INFO  [MemtableFlushWriter:1] 2023-03-14 22:42:03,632 LogTransaction.java:242 - Unfinished transaction log, deleting /var/lib/cassandra/data/system_schema/columns-24101c25a2ae3af787c1b40ee1aca33f/nb_txn_flush_70d307d0-c2b9-11ed-aae5-df498e6badf7.log 
code-cassandra-1-1  | INFO  [main] 2023-03-14 22:42:03,637 ColumnFamilyStore.java:1009 - Enqueuing flush of system_schema.tables, Reason: INTERNALLY_FORCED, Usage: 9.695KiB (0%) on-heap, 0.000KiB (0%) off-heap
code-cassandra-2-1  | INFO  [Messaging-EventLoop-3-9] 2023-03-14 22:42:03,637 InboundConnectionInitiator.java:529 - /172.24.0.2:7000(/172.24.0.2:55302)->/172.24.0.4:7000-SMALL_MESSAGES-cd0d4bf5 messaging connection established, version = 12, framing = CRC, encryption = unencrypted
code-cassandra-1-1  | INFO  [Messaging-EventLoop-3-4] 2023-03-14 22:42:03,638 OutboundConnection.java:1153 - cassandra-1/172.24.0.2:7000(/172.24.0.2:55302)->cassandra-2/172.24.0.4:7000-SMALL_MESSAGES-42aa3355 successfully connected, version = 12, framing = CRC, encryption = unencrypted
code-cassandra-2-1  | INFO  [PerDiskMemtableFlushWriter_0:1] 2023-03-14 22:42:03,647 Flushing.java:145 - Writing Memtable-local@124260505(0.084KiB serialized bytes, 4 ops, 0.597KiB (0%) on-heap, 0.000KiB (0%) off-heap), flushed range = [null, null)
code-cassandra-2-1  | INFO  [PerDiskMemtableFlushWriter_0:1] 2023-03-14 22:42:03,649 Flushing.java:171 - Completed flushing /var/lib/cassandra/data/system/local-7ad54392bcdd35a684174e047860b377/nb-5-big-Data.db (0.056KiB) for commitlog position CommitLogPosition(segmentId=1678833664771, position=45925)
code-cassandra-3-1  | INFO  [main] 2023-03-14 22:42:03,653 ColumnFamilyStore.java:484 - Initializing system_traces.sessions
code-cassandra-1-1  | INFO  [PerDiskMemtableFlushWriter_0:1] 2023-03-14 22:42:03,659 Flushing.java:145 - Writing Memtable-tables@1014610610(3.006KiB serialized bytes, 4 ops, 9.695KiB (0%) on-heap, 0.000KiB (0%) off-heap), flushed range = [null, null)
code-cassandra-1-1  | INFO  [PerDiskMemtableFlushWriter_0:1] 2023-03-14 22:42:03,661 Flushing.java:171 - Completed flushing /var/lib/cassandra/data/system_schema/tables-afddfb9dbc1e30688056eed6c302ba09/nb-3-big-Data.db (1.910KiB) for commitlog position CommitLogPosition(segmentId=1678833664732, position=44310)
code-cassandra-2-1  | INFO  [MigrationStage:1] 2023-03-14 22:42:03,685 ColumnFamilyStore.java:1009 - Enqueuing flush of system_schema.columns, Reason: INTERNALLY_FORCED, Usage: 11.674KiB (0%) on-heap, 0.000KiB (0%) off-heap
code-cassandra-2-1  | INFO  [MemtableFlushWriter:2] 2023-03-14 22:42:03,692 LogTransaction.java:242 - Unfinished transaction log, deleting /var/lib/cassandra/data/system/local-7ad54392bcdd35a684174e047860b377/nb_txn_flush_70d551c0-c2b9-11ed-9591-8fe43c53c788.log 
code-cassandra-2-1  | INFO  [PerDiskMemtableFlushWriter_0:2] 2023-03-14 22:42:03,697 Flushing.java:145 - Writing Memtable-columns@1831049419(2.313KiB serialized bytes, 16 ops, 11.674KiB (0%) on-heap, 0.000KiB (0%) off-heap), flushed range = [null, null)
code-cassandra-2-1  | INFO  [PerDiskMemtableFlushWriter_0:2] 2023-03-14 22:42:03,699 Flushing.java:171 - Completed flushing /var/lib/cassandra/data/system_schema/columns-24101c25a2ae3af787c1b40ee1aca33f/nb-4-big-Data.db (1.004KiB) for commitlog position CommitLogPosition(segmentId=1678833664771, position=48369)
code-cassandra-3-1  | INFO  [main] 2023-03-14 22:42:03,698 ColumnFamilyStore.java:484 - Initializing system_traces.events
code-cassandra-1-1  | INFO  [MemtableFlushWriter:2] 2023-03-14 22:42:03,699 LogTransaction.java:242 - Unfinished transaction log, deleting /var/lib/cassandra/data/system_schema/tables-afddfb9dbc1e30688056eed6c302ba09/nb_txn_flush_70d94960-c2b9-11ed-aae5-df498e6badf7.log 
code-cassandra-1-1  | INFO  [main] 2023-03-14 22:42:03,707 ColumnFamilyStore.java:1009 - Enqueuing flush of system_schema.keyspaces, Reason: INTERNALLY_FORCED, Usage: 0.646KiB (0%) on-heap, 0.000KiB (0%) off-heap
code-cassandra-1-1  | INFO  [PerDiskMemtableFlushWriter_0:2] 2023-03-14 22:42:03,719 Flushing.java:145 - Writing Memtable-keyspaces@1424579347(0.146KiB serialized bytes, 1 ops, 0.646KiB (0%) on-heap, 0.000KiB (0%) off-heap), flushed range = [null, null)
code-cassandra-1-1  | INFO  [PerDiskMemtableFlushWriter_0:2] 2023-03-14 22:42:03,720 Flushing.java:171 - Completed flushing /var/lib/cassandra/data/system_schema/keyspaces-abac5682dea631c5b535b3d6cffd0fb6/nb-3-big-Data.db (0.125KiB) for commitlog position CommitLogPosition(segmentId=1678833664732, position=44318)
code-cassandra-2-1  | INFO  [main] 2023-03-14 22:42:03,721 ColumnFamilyStore.java:1009 - Enqueuing flush of system.local, Reason: INTERNALLY_FORCED, Usage: 3.425KiB (0%) on-heap, 0.000KiB (0%) off-heap
code-cassandra-2-1  | INFO  [MemtableFlushWriter:1] 2023-03-14 22:42:03,723 LogTransaction.java:242 - Unfinished transaction log, deleting /var/lib/cassandra/data/system_schema/columns-24101c25a2ae3af787c1b40ee1aca33f/nb_txn_flush_70e0c370-c2b9-11ed-9591-8fe43c53c788.log 
code-cassandra-2-1  | INFO  [PerDiskMemtableFlushWriter_0:1] 2023-03-14 22:42:03,752 Flushing.java:145 - Writing Memtable-local@1967047014(0.594KiB serialized bytes, 1 ops, 3.425KiB (0%) on-heap, 0.000KiB (0%) off-heap), flushed range = [null, null)
code-cassandra-2-1  | INFO  [PerDiskMemtableFlushWriter_0:1] 2023-03-14 22:42:03,753 Flushing.java:171 - Completed flushing /var/lib/cassandra/data/system/local-7ad54392bcdd35a684174e047860b377/nb-6-big-Data.db (0.362KiB) for commitlog position CommitLogPosition(segmentId=1678833664771, position=48783)
code-cassandra-1-1  | INFO  [MemtableFlushWriter:1] 2023-03-14 22:42:03,755 LogTransaction.java:242 - Unfinished transaction log, deleting /var/lib/cassandra/data/system_schema/keyspaces-abac5682dea631c5b535b3d6cffd0fb6/nb_txn_flush_70e3d0b0-c2b9-11ed-aae5-df498e6badf7.log 
code-cassandra-2-1  | INFO  [MemtableFlushWriter:2] 2023-03-14 22:42:03,801 LogTransaction.java:242 - Unfinished transaction log, deleting /var/lib/cassandra/data/system/local-7ad54392bcdd35a684174e047860b377/nb_txn_flush_70e641b0-c2b9-11ed-9591-8fe43c53c788.log 
code-cassandra-3-1  | INFO  [MigrationStage:1] 2023-03-14 22:42:03,801 ColumnFamilyStore.java:1009 - Enqueuing flush of system_schema.columns, Reason: INTERNALLY_FORCED, Usage: 11.674KiB (0%) on-heap, 0.000KiB (0%) off-heap
code-cassandra-2-1  | INFO  [MigrationStage:1] 2023-03-14 22:42:03,805 ColumnFamilyStore.java:1009 - Enqueuing flush of system_schema.tables, Reason: INTERNALLY_FORCED, Usage: 4.871KiB (0%) on-heap, 0.000KiB (0%) off-heap
code-cassandra-1-1  | INFO  [main] 2023-03-14 22:42:03,810 Keyspace.java:381 - Creating replication strategy system_distributed params KeyspaceParams{durable_writes=true, replication=ReplicationParams{class=org.apache.cassandra.locator.SimpleStrategy, replication_factor=3}}
code-cassandra-2-1  | INFO  [PerDiskMemtableFlushWriter_0:2] 2023-03-14 22:42:03,816 Flushing.java:145 - Writing Memtable-tables@1560512073(1.402KiB serialized bytes, 2 ops, 4.871KiB (0%) on-heap, 0.000KiB (0%) off-heap), flushed range = [null, null)
code-cassandra-2-1  | INFO  [PerDiskMemtableFlushWriter_0:2] 2023-03-14 22:42:03,817 Flushing.java:171 - Completed flushing /var/lib/cassandra/data/system_schema/tables-afddfb9dbc1e30688056eed6c302ba09/nb-4-big-Data.db (0.860KiB) for commitlog position CommitLogPosition(segmentId=1678833664771, position=48783)
code-cassandra-1-1  | INFO  [main] 2023-03-14 22:42:03,818 ColumnFamilyStore.java:484 - Initializing system_distributed.repair_history
code-cassandra-2-1  | INFO  [main] 2023-03-14 22:42:03,821 StorageService.java:2971 - Node cassandra-2/172.24.0.4:7000 state jump to NORMAL
code-cassandra-3-1  | INFO  [PerDiskMemtableFlushWriter_0:1] 2023-03-14 22:42:03,825 Flushing.java:145 - Writing Memtable-columns@227555911(2.313KiB serialized bytes, 16 ops, 11.674KiB (0%) on-heap, 0.000KiB (0%) off-heap), flushed range = [null, null)
code-cassandra-3-1  | INFO  [PerDiskMemtableFlushWriter_0:1] 2023-03-14 22:42:03,828 Flushing.java:171 - Completed flushing /var/lib/cassandra/data/system_schema/columns-24101c25a2ae3af787c1b40ee1aca33f/nb-2-big-Data.db (1.004KiB) for commitlog position CommitLogPosition(segmentId=1678833664749, position=39294)
code-cassandra-2-1  | INFO  [main] 2023-03-14 22:42:03,832 Gossiper.java:2281 - Waiting for gossip to settle...
code-cassandra-1-1  | INFO  [main] 2023-03-14 22:42:03,841 ColumnFamilyStore.java:484 - Initializing system_distributed.parent_repair_history
code-cassandra-2-1  | INFO  [MemtableFlushWriter:1] 2023-03-14 22:42:03,853 LogTransaction.java:242 - Unfinished transaction log, deleting /var/lib/cassandra/data/system_schema/tables-afddfb9dbc1e30688056eed6c302ba09/nb_txn_flush_70f2ebe0-c2b9-11ed-9591-8fe43c53c788.log 
code-cassandra-3-1  | INFO  [MemtableFlushWriter:2] 2023-03-14 22:42:03,861 LogTransaction.java:242 - Unfinished transaction log, deleting /var/lib/cassandra/data/system_schema/columns-24101c25a2ae3af787c1b40ee1aca33f/nb_txn_flush_70f2ebe0-c2b9-11ed-b68b-898879ed5bfd.log 
code-cassandra-3-1  | INFO  [MigrationStage:1] 2023-03-14 22:42:03,867 ColumnFamilyStore.java:1009 - Enqueuing flush of system_schema.tables, Reason: INTERNALLY_FORCED, Usage: 4.871KiB (0%) on-heap, 0.000KiB (0%) off-heap
code-cassandra-2-1  | INFO  [MigrationStage:1] 2023-03-14 22:42:03,871 ColumnFamilyStore.java:1009 - Enqueuing flush of system_schema.keyspaces, Reason: INTERNALLY_FORCED, Usage: 0.643KiB (0%) on-heap, 0.000KiB (0%) off-heap
code-cassandra-3-1  | INFO  [PerDiskMemtableFlushWriter_0:2] 2023-03-14 22:42:03,877 Flushing.java:145 - Writing Memtable-tables@1514036358(1.402KiB serialized bytes, 2 ops, 4.871KiB (0%) on-heap, 0.000KiB (0%) off-heap), flushed range = [null, null)
code-cassandra-3-1  | INFO  [PerDiskMemtableFlushWriter_0:2] 2023-03-14 22:42:03,880 Flushing.java:171 - Completed flushing /var/lib/cassandra/data/system_schema/tables-afddfb9dbc1e30688056eed6c302ba09/nb-2-big-Data.db (0.860KiB) for commitlog position CommitLogPosition(segmentId=1678833664749, position=39294)
code-cassandra-1-1  | INFO  [main] 2023-03-14 22:42:03,883 ColumnFamilyStore.java:484 - Initializing system_distributed.view_build_status
code-cassandra-2-1  | INFO  [PerDiskMemtableFlushWriter_0:1] 2023-03-14 22:42:03,901 Flushing.java:145 - Writing Memtable-keyspaces@804264376(0.146KiB serialized bytes, 1 ops, 0.643KiB (0%) on-heap, 0.000KiB (0%) off-heap), flushed range = [min(-9223372036854775808), max(9223372036854775807))
code-cassandra-2-1  | INFO  [PerDiskMemtableFlushWriter_0:1] 2023-03-14 22:42:03,902 Flushing.java:171 - Completed flushing /var/lib/cassandra/data/system_schema/keyspaces-abac5682dea631c5b535b3d6cffd0fb6/nb-4-big-Data.db (0.120KiB) for commitlog position CommitLogPosition(segmentId=1678833664771, position=48783)
code-cassandra-3-1  | INFO  [MemtableFlushWriter:1] 2023-03-14 22:42:03,905 LogTransaction.java:242 - Unfinished transaction log, deleting /var/lib/cassandra/data/system_schema/tables-afddfb9dbc1e30688056eed6c302ba09/nb_txn_flush_70fc61c0-c2b9-11ed-b68b-898879ed5bfd.log 
code-cassandra-3-1  | INFO  [MigrationStage:1] 2023-03-14 22:42:03,909 ColumnFamilyStore.java:1009 - Enqueuing flush of system_schema.keyspaces, Reason: INTERNALLY_FORCED, Usage: 0.643KiB (0%) on-heap, 0.000KiB (0%) off-heap
code-cassandra-1-1  | INFO  [main] 2023-03-14 22:42:03,916 ColumnFamilyStore.java:484 - Initializing system_distributed.partition_denylist
code-cassandra-2-1  | INFO  [MemtableFlushWriter:2] 2023-03-14 22:42:03,929 LogTransaction.java:242 - Unfinished transaction log, deleting /var/lib/cassandra/data/system_schema/keyspaces-abac5682dea631c5b535b3d6cffd0fb6/nb_txn_flush_70fd7330-c2b9-11ed-9591-8fe43c53c788.log 
code-cassandra-3-1  | INFO  [PerDiskMemtableFlushWriter_0:1] 2023-03-14 22:42:03,980 Flushing.java:145 - Writing Memtable-keyspaces@1923065997(0.146KiB serialized bytes, 1 ops, 0.643KiB (0%) on-heap, 0.000KiB (0%) off-heap), flushed range = [null, null)
code-cassandra-3-1  | INFO  [PerDiskMemtableFlushWriter_0:1] 2023-03-14 22:42:03,981 Flushing.java:171 - Completed flushing /var/lib/cassandra/data/system_schema/keyspaces-abac5682dea631c5b535b3d6cffd0fb6/nb-2-big-Data.db (0.120KiB) for commitlog position CommitLogPosition(segmentId=1678833664749, position=39302)
code-cassandra-1-1  | INFO  [MigrationStage:1] 2023-03-14 22:42:03,982 ColumnFamilyStore.java:1009 - Enqueuing flush of system_schema.columns, Reason: INTERNALLY_FORCED, Usage: 23.671KiB (0%) on-heap, 0.000KiB (0%) off-heap
code-cassandra-1-1  | INFO  [PerDiskMemtableFlushWriter_0:1] 2023-03-14 22:42:03,998 Flushing.java:145 - Writing Memtable-columns@272951515(5.126KiB serialized bytes, 32 ops, 23.671KiB (0%) on-heap, 0.000KiB (0%) off-heap), flushed range = [null, null)
code-cassandra-1-1  | INFO  [PerDiskMemtableFlushWriter_0:1] 2023-03-14 22:42:03,999 Flushing.java:171 - Completed flushing /var/lib/cassandra/data/system_schema/columns-24101c25a2ae3af787c1b40ee1aca33f/nb-4-big-Data.db (2.494KiB) for commitlog position CommitLogPosition(segmentId=1678833664732, position=49416)
code-cassandra-3-1  | INFO  [MemtableFlushWriter:2] 2023-03-14 22:42:04,001 LogTransaction.java:242 - Unfinished transaction log, deleting /var/lib/cassandra/data/system_schema/keyspaces-abac5682dea631c5b535b3d6cffd0fb6/nb_txn_flush_7102ca60-c2b9-11ed-b68b-898879ed5bfd.log 
code-cassandra-2-1  | INFO  [MigrationStage:1] 2023-03-14 22:42:04,038 DefaultSchemaUpdateHandler.java:221 - Applying schema change due to received mutations: SchemaTransformationResult{54e17321-3f2e-37ca-9b08-d91ba7bdd369 --> 54e17321-3f2e-37ca-9b08-d91ba7bdd369, diff=KeyspacesDiff{created=[], dropped=[], altered=[]}}
code-cassandra-1-1  | INFO  [MemtableFlushWriter:2] 2023-03-14 22:42:04,046 LogTransaction.java:242 - Unfinished transaction log, deleting /var/lib/cassandra/data/system_schema/columns-24101c25a2ae3af787c1b40ee1aca33f/nb_txn_flush_710dedf0-c2b9-11ed-aae5-df498e6badf7.log 
code-cassandra-1-1  | INFO  [MigrationStage:1] 2023-03-14 22:42:04,050 ColumnFamilyStore.java:1009 - Enqueuing flush of system_schema.tables, Reason: INTERNALLY_FORCED, Usage: 9.695KiB (0%) on-heap, 0.000KiB (0%) off-heap
code-cassandra-1-1  | INFO  [PerDiskMemtableFlushWriter_0:2] 2023-03-14 22:42:04,064 Flushing.java:145 - Writing Memtable-tables@706554268(3.006KiB serialized bytes, 4 ops, 9.695KiB (0%) on-heap, 0.000KiB (0%) off-heap), flushed range = [null, null)
code-cassandra-1-1  | INFO  [PerDiskMemtableFlushWriter_0:2] 2023-03-14 22:42:04,066 Flushing.java:171 - Completed flushing /var/lib/cassandra/data/system_schema/tables-afddfb9dbc1e30688056eed6c302ba09/nb-4-big-Data.db (1.910KiB) for commitlog position CommitLogPosition(segmentId=1678833664732, position=49424)
code-cassandra-1-1  | INFO  [MemtableFlushWriter:1] 2023-03-14 22:42:04,091 LogTransaction.java:242 - Unfinished transaction log, deleting /var/lib/cassandra/data/system_schema/tables-afddfb9dbc1e30688056eed6c302ba09/nb_txn_flush_71184e30-c2b9-11ed-aae5-df498e6badf7.log 
code-cassandra-1-1  | INFO  [MigrationStage:1] 2023-03-14 22:42:04,096 ColumnFamilyStore.java:1009 - Enqueuing flush of system_schema.keyspaces, Reason: INTERNALLY_FORCED, Usage: 0.646KiB (0%) on-heap, 0.000KiB (0%) off-heap
code-cassandra-3-1  | INFO  [MigrationStage:1] 2023-03-14 22:42:04,101 DefaultSchemaUpdateHandler.java:221 - Applying schema change due to received mutations: SchemaTransformationResult{cf09156c-73ae-3a44-9629-ce7193675e6b --> cf09156c-73ae-3a44-9629-ce7193675e6b, diff=KeyspacesDiff{created=[], dropped=[], altered=[]}}
code-cassandra-1-1  | INFO  [PerDiskMemtableFlushWriter_0:1] 2023-03-14 22:42:04,108 Flushing.java:145 - Writing Memtable-keyspaces@1583598465(0.146KiB serialized bytes, 1 ops, 0.646KiB (0%) on-heap, 0.000KiB (0%) off-heap), flushed range = [null, null)
code-cassandra-1-1  | INFO  [PerDiskMemtableFlushWriter_0:1] 2023-03-14 22:42:04,109 Flushing.java:171 - Completed flushing /var/lib/cassandra/data/system_schema/keyspaces-abac5682dea631c5b535b3d6cffd0fb6/nb-4-big-Data.db (0.125KiB) for commitlog position CommitLogPosition(segmentId=1678833664732, position=49424)
code-cassandra-3-1  | INFO  [main] 2023-03-14 22:42:04,116 ColumnFamilyStore.java:1009 - Enqueuing flush of system_schema.columns, Reason: INTERNALLY_FORCED, Usage: 23.672KiB (0%) on-heap, 0.000KiB (0%) off-heap
code-cassandra-1-1  | INFO  [MemtableFlushWriter:2] 2023-03-14 22:42:04,127 LogTransaction.java:242 - Unfinished transaction log, deleting /var/lib/cassandra/data/system_schema/keyspaces-abac5682dea631c5b535b3d6cffd0fb6/nb_txn_flush_711f5310-c2b9-11ed-aae5-df498e6badf7.log 
code-cassandra-3-1  | INFO  [PerDiskMemtableFlushWriter_0:2] 2023-03-14 22:42:04,129 Flushing.java:145 - Writing Memtable-columns@720010331(5.126KiB serialized bytes, 32 ops, 23.672KiB (0%) on-heap, 0.000KiB (0%) off-heap), flushed range = [min(-9223372036854775808), max(9223372036854775807))
code-cassandra-3-1  | INFO  [PerDiskMemtableFlushWriter_0:2] 2023-03-14 22:42:04,131 Flushing.java:171 - Completed flushing /var/lib/cassandra/data/system_schema/columns-24101c25a2ae3af787c1b40ee1aca33f/nb-3-big-Data.db (2.494KiB) for commitlog position CommitLogPosition(segmentId=1678833664749, position=46208)
code-cassandra-3-1  | INFO  [MemtableFlushWriter:1] 2023-03-14 22:42:04,148 LogTransaction.java:242 - Unfinished transaction log, deleting /var/lib/cassandra/data/system_schema/columns-24101c25a2ae3af787c1b40ee1aca33f/nb_txn_flush_712323a0-c2b9-11ed-b68b-898879ed5bfd.log 
code-cassandra-3-1  | INFO  [main] 2023-03-14 22:42:04,164 ColumnFamilyStore.java:1009 - Enqueuing flush of system_schema.tables, Reason: INTERNALLY_FORCED, Usage: 9.696KiB (0%) on-heap, 0.000KiB (0%) off-heap
code-cassandra-3-1  | INFO  [PerDiskMemtableFlushWriter_0:1] 2023-03-14 22:42:04,185 Flushing.java:145 - Writing Memtable-tables@1171522734(3.006KiB serialized bytes, 4 ops, 9.696KiB (0%) on-heap, 0.000KiB (0%) off-heap), flushed range = [min(-9223372036854775808), max(9223372036854775807))
code-cassandra-3-1  | INFO  [PerDiskMemtableFlushWriter_0:1] 2023-03-14 22:42:04,187 Flushing.java:171 - Completed flushing /var/lib/cassandra/data/system_schema/tables-afddfb9dbc1e30688056eed6c302ba09/nb-3-big-Data.db (1.910KiB) for commitlog position CommitLogPosition(segmentId=1678833664749, position=46208)
code-cassandra-1-1  | INFO  [MigrationStage:1] 2023-03-14 22:42:04,192 DefaultSchemaUpdateHandler.java:221 - Applying schema change due to received mutations: SchemaTransformationResult{3f3cf1b6-376c-307d-a0c4-ddbe2a2bb857 --> 3f3cf1b6-376c-307d-a0c4-ddbe2a2bb857, diff=KeyspacesDiff{created=[], dropped=[], altered=[]}}
code-cassandra-1-1  | INFO  [MigrationStage:1] 2023-03-14 22:42:04,201 ColumnFamilyStore.java:1009 - Enqueuing flush of system_schema.columns, Reason: INTERNALLY_FORCED, Usage: 10.312KiB (0%) on-heap, 0.000KiB (0%) off-heap
code-cassandra-3-1  | INFO  [MemtableFlushWriter:2] 2023-03-14 22:42:04,215 LogTransaction.java:242 - Unfinished transaction log, deleting /var/lib/cassandra/data/system_schema/tables-afddfb9dbc1e30688056eed6c302ba09/nb_txn_flush_7129da60-c2b9-11ed-b68b-898879ed5bfd.log 
code-cassandra-3-1  | INFO  [main] 2023-03-14 22:42:04,218 ColumnFamilyStore.java:1009 - Enqueuing flush of system_schema.keyspaces, Reason: INTERNALLY_FORCED, Usage: 0.647KiB (0%) on-heap, 0.000KiB (0%) off-heap
code-cassandra-1-1  | INFO  [PerDiskMemtableFlushWriter_0:2] 2023-03-14 22:42:04,223 Flushing.java:145 - Writing Memtable-columns@1656445231(2.092KiB serialized bytes, 14 ops, 10.312KiB (0%) on-heap, 0.000KiB (0%) off-heap), flushed range = [null, null)
code-cassandra-1-1  | INFO  [PerDiskMemtableFlushWriter_0:2] 2023-03-14 22:42:04,225 Flushing.java:171 - Completed flushing /var/lib/cassandra/data/system_schema/columns-24101c25a2ae3af787c1b40ee1aca33f/nb-5-big-Data.db (0.947KiB) for commitlog position CommitLogPosition(segmentId=1678833664732, position=53205)
code-cassandra-3-1  | INFO  [PerDiskMemtableFlushWriter_0:2] 2023-03-14 22:42:04,260 Flushing.java:145 - Writing Memtable-keyspaces@1988254243(0.146KiB serialized bytes, 1 ops, 0.647KiB (0%) on-heap, 0.000KiB (0%) off-heap), flushed range = [min(-9223372036854775808), max(9223372036854775807))
code-cassandra-3-1  | INFO  [PerDiskMemtableFlushWriter_0:2] 2023-03-14 22:42:04,262 Flushing.java:171 - Completed flushing /var/lib/cassandra/data/system_schema/keyspaces-abac5682dea631c5b535b3d6cffd0fb6/nb-3-big-Data.db (0.125KiB) for commitlog position CommitLogPosition(segmentId=1678833664749, position=46216)
code-cassandra-1-1  | INFO  [MemtableFlushWriter:1] 2023-03-14 22:42:04,308 LogTransaction.java:242 - Unfinished transaction log, deleting /var/lib/cassandra/data/system_schema/columns-24101c25a2ae3af787c1b40ee1aca33f/nb_txn_flush_712f58a0-c2b9-11ed-aae5-df498e6badf7.log 
code-cassandra-1-1  | INFO  [MigrationStage:1] 2023-03-14 22:42:04,310 ColumnFamilyStore.java:1009 - Enqueuing flush of system_schema.tables, Reason: INTERNALLY_FORCED, Usage: 11.906KiB (0%) on-heap, 0.000KiB (0%) off-heap
code-cassandra-3-1  | INFO  [MemtableFlushWriter:1] 2023-03-14 22:42:04,314 LogTransaction.java:242 - Unfinished transaction log, deleting /var/lib/cassandra/data/system_schema/keyspaces-abac5682dea631c5b535b3d6cffd0fb6/nb_txn_flush_713217c0-c2b9-11ed-b68b-898879ed5bfd.log 
code-cassandra-1-1  | INFO  [PerDiskMemtableFlushWriter_0:1] 2023-03-14 22:42:04,317 Flushing.java:145 - Writing Memtable-tables@1053048183(3.619KiB serialized bytes, 5 ops, 11.906KiB (0%) on-heap, 0.000KiB (0%) off-heap), flushed range = [null, null)
code-cassandra-1-1  | INFO  [PerDiskMemtableFlushWriter_0:1] 2023-03-14 22:42:04,317 Flushing.java:171 - Completed flushing /var/lib/cassandra/data/system_schema/tables-afddfb9dbc1e30688056eed6c302ba09/nb-5-big-Data.db (2.234KiB) for commitlog position CommitLogPosition(segmentId=1678833664732, position=53213)
code-cassandra-3-1  | INFO  [main] 2023-03-14 22:42:04,331 Keyspace.java:381 - Creating replication strategy system_distributed params KeyspaceParams{durable_writes=true, replication=ReplicationParams{class=org.apache.cassandra.locator.SimpleStrategy, replication_factor=3}}
code-cassandra-1-1  | INFO  [MemtableFlushWriter:2] 2023-03-14 22:42:04,333 LogTransaction.java:242 - Unfinished transaction log, deleting /var/lib/cassandra/data/system_schema/tables-afddfb9dbc1e30688056eed6c302ba09/nb_txn_flush_713ffa70-c2b9-11ed-aae5-df498e6badf7.log 
code-cassandra-1-1  | INFO  [MigrationStage:1] 2023-03-14 22:42:04,335 ColumnFamilyStore.java:1009 - Enqueuing flush of system_schema.keyspaces, Reason: INTERNALLY_FORCED, Usage: 0.640KiB (0%) on-heap, 0.000KiB (0%) off-heap
code-cassandra-3-1  | INFO  [main] 2023-03-14 22:42:04,336 ColumnFamilyStore.java:484 - Initializing system_distributed.repair_history
code-cassandra-1-1  | INFO  [PerDiskMemtableFlushWriter_0:2] 2023-03-14 22:42:04,343 Flushing.java:145 - Writing Memtable-keyspaces@646853265(0.146KiB serialized bytes, 1 ops, 0.640KiB (0%) on-heap, 0.000KiB (0%) off-heap), flushed range = [null, null)
code-cassandra-1-1  | INFO  [PerDiskMemtableFlushWriter_0:2] 2023-03-14 22:42:04,344 Flushing.java:171 - Completed flushing /var/lib/cassandra/data/system_schema/keyspaces-abac5682dea631c5b535b3d6cffd0fb6/nb-5-big-Data.db (0.118KiB) for commitlog position CommitLogPosition(segmentId=1678833664732, position=53213)
code-cassandra-1-1  | INFO  [MemtableFlushWriter:1] 2023-03-14 22:42:04,358 LogTransaction.java:242 - Unfinished transaction log, deleting /var/lib/cassandra/data/system_schema/keyspaces-abac5682dea631c5b535b3d6cffd0fb6/nb_txn_flush_7143cb00-c2b9-11ed-aae5-df498e6badf7.log 
code-cassandra-3-1  | INFO  [main] 2023-03-14 22:42:04,362 ColumnFamilyStore.java:484 - Initializing system_distributed.parent_repair_history
code-cassandra-3-1  | INFO  [main] 2023-03-14 22:42:04,391 ColumnFamilyStore.java:484 - Initializing system_distributed.view_build_status
code-cassandra-1-1  | INFO  [MigrationStage:1] 2023-03-14 22:42:04,405 DefaultSchemaUpdateHandler.java:221 - Applying schema change due to received mutations: SchemaTransformationResult{3f3cf1b6-376c-307d-a0c4-ddbe2a2bb857 --> 54e17321-3f2e-37ca-9b08-d91ba7bdd369, diff=KeyspacesDiff{created=[KeyspaceMetadata{name=system_auth, kind=REGULAR, params=KeyspaceParams{durable_writes=true, replication=ReplicationParams{class=org.apache.cassandra.locator.SimpleStrategy, replication_factor=1}}, tables=[system_auth.network_permissions, system_auth.resource_role_permissons_index, system_auth.role_members, system_auth.role_permissions, system_auth.roles], views=[], functions=[], types=[]}], dropped=[], altered=[]}}
code-cassandra-1-1  | INFO  [MigrationStage:1] 2023-03-14 22:42:04,409 Keyspace.java:381 - Creating replication strategy system_auth params KeyspaceParams{durable_writes=true, replication=ReplicationParams{class=org.apache.cassandra.locator.SimpleStrategy, replication_factor=1}}
code-cassandra-1-1  | INFO  [MigrationStage:1] 2023-03-14 22:42:04,417 ColumnFamilyStore.java:484 - Initializing system_auth.network_permissions
code-cassandra-3-1  | INFO  [main] 2023-03-14 22:42:04,428 ColumnFamilyStore.java:484 - Initializing system_distributed.partition_denylist
code-cassandra-1-1  | INFO  [MigrationStage:1] 2023-03-14 22:42:04,430 ColumnFamilyStore.java:484 - Initializing system_auth.resource_role_permissons_index
code-cassandra-1-1  | INFO  [MigrationStage:1] 2023-03-14 22:42:04,437 ColumnFamilyStore.java:484 - Initializing system_auth.role_members
code-cassandra-1-1  | INFO  [MigrationStage:1] 2023-03-14 22:42:04,443 ColumnFamilyStore.java:484 - Initializing system_auth.role_permissions
code-cassandra-3-1  | INFO  [MigrationStage:1] 2023-03-14 22:42:04,475 ColumnFamilyStore.java:1009 - Enqueuing flush of system_schema.columns, Reason: INTERNALLY_FORCED, Usage: 23.672KiB (0%) on-heap, 0.000KiB (0%) off-heap
code-cassandra-1-1  | INFO  [MigrationStage:1] 2023-03-14 22:42:04,477 ColumnFamilyStore.java:484 - Initializing system_auth.roles
code-cassandra-3-1  | INFO  [PerDiskMemtableFlushWriter_0:1] 2023-03-14 22:42:04,482 Flushing.java:145 - Writing Memtable-columns@1364501170(5.126KiB serialized bytes, 32 ops, 23.672KiB (0%) on-heap, 0.000KiB (0%) off-heap), flushed range = [min(-9223372036854775808), max(9223372036854775807))
code-cassandra-3-1  | INFO  [PerDiskMemtableFlushWriter_0:1] 2023-03-14 22:42:04,484 Flushing.java:171 - Completed flushing /var/lib/cassandra/data/system_schema/columns-24101c25a2ae3af787c1b40ee1aca33f/nb-4-big-Data.db (2.494KiB) for commitlog position CommitLogPosition(segmentId=1678833664749, position=51314)
code-cassandra-1-1  | INFO  [main] 2023-03-14 22:42:04,485 StorageService.java:1789 - JOINING: Finish joining ring
code-cassandra-1-1  | INFO  [main] 2023-03-14 22:42:04,489 ColumnFamilyStore.java:1009 - Enqueuing flush of system.local, Reason: INTERNALLY_FORCED, Usage: 0.596KiB (0%) on-heap, 0.000KiB (0%) off-heap
code-cassandra-1-1  | INFO  [PerDiskMemtableFlushWriter_0:1] 2023-03-14 22:42:04,504 Flushing.java:145 - Writing Memtable-local@1335475255(0.084KiB serialized bytes, 4 ops, 0.596KiB (0%) on-heap, 0.000KiB (0%) off-heap), flushed range = [null, null)
code-cassandra-1-1  | INFO  [PerDiskMemtableFlushWriter_0:1] 2023-03-14 22:42:04,506 Flushing.java:171 - Completed flushing /var/lib/cassandra/data/system/local-7ad54392bcdd35a684174e047860b377/nb-5-big-Data.db (0.056KiB) for commitlog position CommitLogPosition(segmentId=1678833664732, position=53377)
code-cassandra-2-1  | INFO  [MigrationStage:1] 2023-03-14 22:42:04,512 ColumnFamilyStore.java:1009 - Enqueuing flush of system_schema.columns, Reason: INTERNALLY_FORCED, Usage: 23.672KiB (0%) on-heap, 0.000KiB (0%) off-heap
code-cassandra-3-1  | INFO  [MemtableFlushWriter:2] 2023-03-14 22:42:04,523 LogTransaction.java:242 - Unfinished transaction log, deleting /var/lib/cassandra/data/system_schema/columns-24101c25a2ae3af787c1b40ee1aca33f/nb_txn_flush_715927c0-c2b9-11ed-b68b-898879ed5bfd.log 
code-cassandra-2-1  | INFO  [PerDiskMemtableFlushWriter_0:2] 2023-03-14 22:42:04,529 Flushing.java:145 - Writing Memtable-columns@825539157(5.126KiB serialized bytes, 32 ops, 23.672KiB (0%) on-heap, 0.000KiB (0%) off-heap), flushed range = [min(-9223372036854775808), max(9223372036854775807))
code-cassandra-2-1  | INFO  [PerDiskMemtableFlushWriter_0:2] 2023-03-14 22:42:04,531 Flushing.java:171 - Completed flushing /var/lib/cassandra/data/system_schema/columns-24101c25a2ae3af787c1b40ee1aca33f/nb-5-big-Data.db (2.494KiB) for commitlog position CommitLogPosition(segmentId=1678833664771, position=53791)
code-cassandra-3-1  | INFO  [MigrationStage:1] 2023-03-14 22:42:04,531 ColumnFamilyStore.java:1009 - Enqueuing flush of system_schema.tables, Reason: INTERNALLY_FORCED, Usage: 9.696KiB (0%) on-heap, 0.000KiB (0%) off-heap
code-cassandra-1-1  | INFO  [MemtableFlushWriter:2] 2023-03-14 22:42:04,538 LogTransaction.java:242 - Unfinished transaction log, deleting /var/lib/cassandra/data/system/local-7ad54392bcdd35a684174e047860b377/nb_txn_flush_715b2390-c2b9-11ed-aae5-df498e6badf7.log 
code-cassandra-3-1  | INFO  [PerDiskMemtableFlushWriter_0:2] 2023-03-14 22:42:04,541 Flushing.java:145 - Writing Memtable-tables@1584456217(3.006KiB serialized bytes, 4 ops, 9.696KiB (0%) on-heap, 0.000KiB (0%) off-heap), flushed range = [min(-9223372036854775808), max(9223372036854775807))
code-cassandra-3-1  | INFO  [PerDiskMemtableFlushWriter_0:2] 2023-03-14 22:42:04,543 Flushing.java:171 - Completed flushing /var/lib/cassandra/data/system_schema/tables-afddfb9dbc1e30688056eed6c302ba09/nb-4-big-Data.db (1.910KiB) for commitlog position CommitLogPosition(segmentId=1678833664749, position=51322)
code-cassandra-1-1  | INFO  [main] 2023-03-14 22:42:04,550 ColumnFamilyStore.java:1009 - Enqueuing flush of system.local, Reason: INTERNALLY_FORCED, Usage: 3.425KiB (0%) on-heap, 0.000KiB (0%) off-heap
code-cassandra-2-1  | INFO  [MemtableFlushWriter:1] 2023-03-14 22:42:04,551 LogTransaction.java:242 - Unfinished transaction log, deleting /var/lib/cassandra/data/system_schema/columns-24101c25a2ae3af787c1b40ee1aca33f/nb_txn_flush_715f1b30-c2b9-11ed-9591-8fe43c53c788.log 
code-cassandra-2-1  | INFO  [MigrationStage:1] 2023-03-14 22:42:04,555 ColumnFamilyStore.java:1009 - Enqueuing flush of system_schema.tables, Reason: INTERNALLY_FORCED, Usage: 9.696KiB (0%) on-heap, 0.000KiB (0%) off-heap
code-cassandra-1-1  | INFO  [PerDiskMemtableFlushWriter_0:2] 2023-03-14 22:42:04,561 Flushing.java:145 - Writing Memtable-local@941741200(0.593KiB serialized bytes, 1 ops, 3.425KiB (0%) on-heap, 0.000KiB (0%) off-heap), flushed range = [null, null)
code-cassandra-1-1  | INFO  [PerDiskMemtableFlushWriter_0:2] 2023-03-14 22:42:04,563 Flushing.java:171 - Completed flushing /var/lib/cassandra/data/system/local-7ad54392bcdd35a684174e047860b377/nb-6-big-Data.db (0.361KiB) for commitlog position CommitLogPosition(segmentId=1678833664732, position=53790)
code-cassandra-2-1  | INFO  [PerDiskMemtableFlushWriter_0:1] 2023-03-14 22:42:04,565 Flushing.java:145 - Writing Memtable-tables@1893416645(3.006KiB serialized bytes, 4 ops, 9.696KiB (0%) on-heap, 0.000KiB (0%) off-heap), flushed range = [min(-9223372036854775808), max(9223372036854775807))
code-cassandra-2-1  | INFO  [PerDiskMemtableFlushWriter_0:1] 2023-03-14 22:42:04,567 Flushing.java:171 - Completed flushing /var/lib/cassandra/data/system_schema/tables-afddfb9dbc1e30688056eed6c302ba09/nb-5-big-Data.db (1.910KiB) for commitlog position CommitLogPosition(segmentId=1678833664771, position=53799)
code-cassandra-3-1  | INFO  [MemtableFlushWriter:1] 2023-03-14 22:42:04,574 LogTransaction.java:242 - Unfinished transaction log, deleting /var/lib/cassandra/data/system_schema/tables-afddfb9dbc1e30688056eed6c302ba09/nb_txn_flush_7161b340-c2b9-11ed-b68b-898879ed5bfd.log 
code-cassandra-3-1  | INFO  [MigrationStage:1] 2023-03-14 22:42:04,577 ColumnFamilyStore.java:1009 - Enqueuing flush of system_schema.keyspaces, Reason: INTERNALLY_FORCED, Usage: 0.647KiB (0%) on-heap, 0.000KiB (0%) off-heap
code-cassandra-1-1  | INFO  [MemtableFlushWriter:1] 2023-03-14 22:42:04,582 LogTransaction.java:242 - Unfinished transaction log, deleting /var/lib/cassandra/data/system/local-7ad54392bcdd35a684174e047860b377/nb_txn_flush_71649970-c2b9-11ed-aae5-df498e6badf7.log 
code-cassandra-2-1  | INFO  [MemtableFlushWriter:2] 2023-03-14 22:42:04,592 LogTransaction.java:242 - Unfinished transaction log, deleting /var/lib/cassandra/data/system_schema/tables-afddfb9dbc1e30688056eed6c302ba09/nb_txn_flush_71655cc0-c2b9-11ed-9591-8fe43c53c788.log 
code-cassandra-3-1  | INFO  [PerDiskMemtableFlushWriter_0:1] 2023-03-14 22:42:04,592 Flushing.java:145 - Writing Memtable-keyspaces@1570437341(0.146KiB serialized bytes, 1 ops, 0.647KiB (0%) on-heap, 0.000KiB (0%) off-heap), flushed range = [min(-9223372036854775808), max(9223372036854775807))
code-cassandra-3-1  | INFO  [PerDiskMemtableFlushWriter_0:1] 2023-03-14 22:42:04,594 Flushing.java:171 - Completed flushing /var/lib/cassandra/data/system_schema/keyspaces-abac5682dea631c5b535b3d6cffd0fb6/nb-4-big-Data.db (0.125KiB) for commitlog position CommitLogPosition(segmentId=1678833664749, position=51322)
code-cassandra-2-1  | INFO  [MigrationStage:1] 2023-03-14 22:42:04,598 ColumnFamilyStore.java:1009 - Enqueuing flush of system_schema.keyspaces, Reason: INTERNALLY_FORCED, Usage: 0.647KiB (0%) on-heap, 0.000KiB (0%) off-heap
code-cassandra-1-1  | INFO  [main] 2023-03-14 22:42:04,606 StorageService.java:2971 - Node cassandra-1/172.24.0.2:7000 state jump to NORMAL
code-cassandra-1-1  | INFO  [main] 2023-03-14 22:42:04,611 Gossiper.java:2281 - Waiting for gossip to settle...
code-cassandra-2-1  | INFO  [PerDiskMemtableFlushWriter_0:2] 2023-03-14 22:42:04,612 Flushing.java:145 - Writing Memtable-keyspaces@2106287261(0.146KiB serialized bytes, 1 ops, 0.647KiB (0%) on-heap, 0.000KiB (0%) off-heap), flushed range = [min(-9223372036854775808), max(9223372036854775807))
code-cassandra-2-1  | INFO  [PerDiskMemtableFlushWriter_0:2] 2023-03-14 22:42:04,613 Flushing.java:171 - Completed flushing /var/lib/cassandra/data/system_schema/keyspaces-abac5682dea631c5b535b3d6cffd0fb6/nb-5-big-Data.db (0.125KiB) for commitlog position CommitLogPosition(segmentId=1678833664771, position=53799)
code-cassandra-3-1  | INFO  [MemtableFlushWriter:2] 2023-03-14 22:42:04,624 LogTransaction.java:242 - Unfinished transaction log, deleting /var/lib/cassandra/data/system_schema/keyspaces-abac5682dea631c5b535b3d6cffd0fb6/nb_txn_flush_71689110-c2b9-11ed-b68b-898879ed5bfd.log 
code-cassandra-2-1  | INFO  [MemtableFlushWriter:1] 2023-03-14 22:42:04,644 LogTransaction.java:242 - Unfinished transaction log, deleting /var/lib/cassandra/data/system_schema/keyspaces-abac5682dea631c5b535b3d6cffd0fb6/nb_txn_flush_716c1380-c2b9-11ed-9591-8fe43c53c788.log 
code-cassandra-3-1  | INFO  [MigrationStage:1] 2023-03-14 22:42:04,715 DefaultSchemaUpdateHandler.java:221 - Applying schema change due to received mutations: SchemaTransformationResult{3f3cf1b6-376c-307d-a0c4-ddbe2a2bb857 --> 3f3cf1b6-376c-307d-a0c4-ddbe2a2bb857, diff=KeyspacesDiff{created=[], dropped=[], altered=[]}}
code-cassandra-3-1  | INFO  [main] 2023-03-14 22:42:04,726 ColumnFamilyStore.java:1009 - Enqueuing flush of system_schema.columns, Reason: INTERNALLY_FORCED, Usage: 10.313KiB (0%) on-heap, 0.000KiB (0%) off-heap
code-cassandra-2-1  | INFO  [MigrationStage:1] 2023-03-14 22:42:04,729 DefaultSchemaUpdateHandler.java:221 - Applying schema change due to received mutations: SchemaTransformationResult{54e17321-3f2e-37ca-9b08-d91ba7bdd369 --> 54e17321-3f2e-37ca-9b08-d91ba7bdd369, diff=KeyspacesDiff{created=[], dropped=[], altered=[]}}
code-cassandra-3-1  | INFO  [PerDiskMemtableFlushWriter_0:2] 2023-03-14 22:42:04,734 Flushing.java:145 - Writing Memtable-columns@662783272(2.092KiB serialized bytes, 14 ops, 10.313KiB (0%) on-heap, 0.000KiB (0%) off-heap), flushed range = [min(-9223372036854775808), max(9223372036854775807))
code-cassandra-3-1  | INFO  [PerDiskMemtableFlushWriter_0:2] 2023-03-14 22:42:04,736 Flushing.java:171 - Completed flushing /var/lib/cassandra/data/system_schema/columns-24101c25a2ae3af787c1b40ee1aca33f/nb-5-big-Data.db (0.947KiB) for commitlog position CommitLogPosition(segmentId=1678833664749, position=56999)
code-cassandra-3-1  | INFO  [MemtableFlushWriter:1] 2023-03-14 22:42:04,751 LogTransaction.java:242 - Unfinished transaction log, deleting /var/lib/cassandra/data/system_schema/columns-24101c25a2ae3af787c1b40ee1aca33f/nb_txn_flush_717f9b80-c2b9-11ed-b68b-898879ed5bfd.log 
code-cassandra-3-1  | INFO  [main] 2023-03-14 22:42:04,754 ColumnFamilyStore.java:1009 - Enqueuing flush of system_schema.tables, Reason: INTERNALLY_FORCED, Usage: 11.907KiB (0%) on-heap, 0.000KiB (0%) off-heap
code-cassandra-3-1  | INFO  [PerDiskMemtableFlushWriter_0:1] 2023-03-14 22:42:04,763 Flushing.java:145 - Writing Memtable-tables@1380902947(3.619KiB serialized bytes, 5 ops, 11.907KiB (0%) on-heap, 0.000KiB (0%) off-heap), flushed range = [min(-9223372036854775808), max(9223372036854775807))
code-cassandra-3-1  | INFO  [PerDiskMemtableFlushWriter_0:1] 2023-03-14 22:42:04,764 Flushing.java:171 - Completed flushing /var/lib/cassandra/data/system_schema/tables-afddfb9dbc1e30688056eed6c302ba09/nb-5-big-Data.db (2.234KiB) for commitlog position CommitLogPosition(segmentId=1678833664749, position=56999)
code-cassandra-3-1  | INFO  [MemtableFlushWriter:2] 2023-03-14 22:42:04,776 LogTransaction.java:242 - Unfinished transaction log, deleting /var/lib/cassandra/data/system_schema/tables-afddfb9dbc1e30688056eed6c302ba09/nb_txn_flush_7183e140-c2b9-11ed-b68b-898879ed5bfd.log 
code-cassandra-3-1  | INFO  [main] 2023-03-14 22:42:04,779 ColumnFamilyStore.java:1009 - Enqueuing flush of system_schema.keyspaces, Reason: INTERNALLY_FORCED, Usage: 0.641KiB (0%) on-heap, 0.000KiB (0%) off-heap
code-cassandra-3-1  | INFO  [PerDiskMemtableFlushWriter_0:2] 2023-03-14 22:42:04,786 Flushing.java:145 - Writing Memtable-keyspaces@719259296(0.146KiB serialized bytes, 1 ops, 0.641KiB (0%) on-heap, 0.000KiB (0%) off-heap), flushed range = [min(-9223372036854775808), max(9223372036854775807))
code-cassandra-3-1  | INFO  [PerDiskMemtableFlushWriter_0:2] 2023-03-14 22:42:04,787 Flushing.java:171 - Completed flushing /var/lib/cassandra/data/system_schema/keyspaces-abac5682dea631c5b535b3d6cffd0fb6/nb-5-big-Data.db (0.118KiB) for commitlog position CommitLogPosition(segmentId=1678833664749, position=56999)
code-cassandra-3-1  | INFO  [MemtableFlushWriter:1] 2023-03-14 22:42:04,799 LogTransaction.java:242 - Unfinished transaction log, deleting /var/lib/cassandra/data/system_schema/keyspaces-abac5682dea631c5b535b3d6cffd0fb6/nb_txn_flush_7187b1d0-c2b9-11ed-b68b-898879ed5bfd.log 
code-cassandra-3-1  | INFO  [main] 2023-03-14 22:42:04,814 Keyspace.java:381 - Creating replication strategy system_auth params KeyspaceParams{durable_writes=true, replication=ReplicationParams{class=org.apache.cassandra.locator.SimpleStrategy, replication_factor=1}}
code-cassandra-3-1  | INFO  [main] 2023-03-14 22:42:04,818 ColumnFamilyStore.java:484 - Initializing system_auth.roles
code-cassandra-3-1  | INFO  [main] 2023-03-14 22:42:04,830 ColumnFamilyStore.java:484 - Initializing system_auth.role_members
code-cassandra-3-1  | INFO  [main] 2023-03-14 22:42:04,836 ColumnFamilyStore.java:484 - Initializing system_auth.role_permissions
code-cassandra-3-1  | INFO  [main] 2023-03-14 22:42:04,844 ColumnFamilyStore.java:484 - Initializing system_auth.resource_role_permissons_index
code-cassandra-3-1  | INFO  [main] 2023-03-14 22:42:04,850 ColumnFamilyStore.java:484 - Initializing system_auth.network_permissions
code-cassandra-3-1  | INFO  [main] 2023-03-14 22:42:04,859 StorageService.java:1789 - JOINING: Finish joining ring
code-cassandra-3-1  | INFO  [MigrationStage:1] 2023-03-14 22:42:04,862 ColumnFamilyStore.java:1009 - Enqueuing flush of system_schema.columns, Reason: INTERNALLY_FORCED, Usage: 11.674KiB (0%) on-heap, 0.000KiB (0%) off-heap
code-cassandra-3-1  | INFO  [main] 2023-03-14 22:42:04,864 ColumnFamilyStore.java:1009 - Enqueuing flush of system.local, Reason: INTERNALLY_FORCED, Usage: 0.597KiB (0%) on-heap, 0.000KiB (0%) off-heap
code-cassandra-3-1  | INFO  [PerDiskMemtableFlushWriter_0:1] 2023-03-14 22:42:04,870 Flushing.java:145 - Writing Memtable-columns@937060272(2.313KiB serialized bytes, 16 ops, 11.674KiB (0%) on-heap, 0.000KiB (0%) off-heap), flushed range = [min(-9223372036854775808), max(9223372036854775807))
code-cassandra-3-1  | INFO  [PerDiskMemtableFlushWriter_0:1] 2023-03-14 22:42:04,871 Flushing.java:171 - Completed flushing /var/lib/cassandra/data/system_schema/columns-24101c25a2ae3af787c1b40ee1aca33f/nb-6-big-Data.db (1.004KiB) for commitlog position CommitLogPosition(segmentId=1678833664749, position=59525)
code-cassandra-3-1  | INFO  [PerDiskMemtableFlushWriter_0:2] 2023-03-14 22:42:04,871 Flushing.java:145 - Writing Memtable-local@1323831962(0.084KiB serialized bytes, 4 ops, 0.597KiB (0%) on-heap, 0.000KiB (0%) off-heap), flushed range = [min(-9223372036854775808), max(9223372036854775807))
code-cassandra-3-1  | INFO  [PerDiskMemtableFlushWriter_0:2] 2023-03-14 22:42:04,872 Flushing.java:171 - Completed flushing /var/lib/cassandra/data/system/local-7ad54392bcdd35a684174e047860b377/nb-5-big-Data.db (0.056KiB) for commitlog position CommitLogPosition(segmentId=1678833664749, position=59599)
code-cassandra-3-1  | INFO  [MemtableFlushWriter:1] 2023-03-14 22:42:04,885 LogTransaction.java:242 - Unfinished transaction log, deleting /var/lib/cassandra/data/system/local-7ad54392bcdd35a684174e047860b377/nb_txn_flush_7194aa20-c2b9-11ed-b68b-898879ed5bfd.log 
code-cassandra-3-1  | INFO  [MemtableFlushWriter:2] 2023-03-14 22:42:04,886 LogTransaction.java:242 - Unfinished transaction log, deleting /var/lib/cassandra/data/system_schema/columns-24101c25a2ae3af787c1b40ee1aca33f/nb_txn_flush_71940de0-c2b9-11ed-b68b-898879ed5bfd.log 
code-cassandra-3-1  | INFO  [MigrationStage:1] 2023-03-14 22:42:04,889 ColumnFamilyStore.java:1009 - Enqueuing flush of system_schema.tables, Reason: INTERNALLY_FORCED, Usage: 4.871KiB (0%) on-heap, 0.000KiB (0%) off-heap
code-cassandra-3-1  | INFO  [main] 2023-03-14 22:42:04,894 ColumnFamilyStore.java:1009 - Enqueuing flush of system.local, Reason: INTERNALLY_FORCED, Usage: 3.425KiB (0%) on-heap, 0.000KiB (0%) off-heap
code-cassandra-3-1  | INFO  [PerDiskMemtableFlushWriter_0:1] 2023-03-14 22:42:04,895 Flushing.java:145 - Writing Memtable-tables@1139741387(1.402KiB serialized bytes, 2 ops, 4.871KiB (0%) on-heap, 0.000KiB (0%) off-heap), flushed range = [min(-9223372036854775808), max(9223372036854775807))
code-cassandra-3-1  | INFO  [PerDiskMemtableFlushWriter_0:1] 2023-03-14 22:42:04,896 Flushing.java:171 - Completed flushing /var/lib/cassandra/data/system_schema/tables-afddfb9dbc1e30688056eed6c302ba09/nb-6-big-Data.db (0.860KiB) for commitlog position CommitLogPosition(segmentId=1678833664749, position=59607)
code-cassandra-3-1  | INFO  [PerDiskMemtableFlushWriter_0:2] 2023-03-14 22:42:04,901 Flushing.java:145 - Writing Memtable-local@391205236(0.594KiB serialized bytes, 1 ops, 3.425KiB (0%) on-heap, 0.000KiB (0%) off-heap), flushed range = [min(-9223372036854775808), max(9223372036854775807))
code-cassandra-3-1  | INFO  [PerDiskMemtableFlushWriter_0:2] 2023-03-14 22:42:04,902 Flushing.java:171 - Completed flushing /var/lib/cassandra/data/system/local-7ad54392bcdd35a684174e047860b377/nb-6-big-Data.db (0.362KiB) for commitlog position CommitLogPosition(segmentId=1678833664749, position=60013)
code-cassandra-3-1  | INFO  [MemtableFlushWriter:1] 2023-03-14 22:42:04,912 LogTransaction.java:242 - Unfinished transaction log, deleting /var/lib/cassandra/data/system_schema/tables-afddfb9dbc1e30688056eed6c302ba09/nb_txn_flush_719853a0-c2b9-11ed-b68b-898879ed5bfd.log 
code-cassandra-3-1  | INFO  [MemtableFlushWriter:2] 2023-03-14 22:42:04,916 LogTransaction.java:242 - Unfinished transaction log, deleting /var/lib/cassandra/data/system/local-7ad54392bcdd35a684174e047860b377/nb_txn_flush_7198efe0-c2b9-11ed-b68b-898879ed5bfd.log 
code-cassandra-3-1  | INFO  [MigrationStage:1] 2023-03-14 22:42:04,917 ColumnFamilyStore.java:1009 - Enqueuing flush of system_schema.keyspaces, Reason: INTERNALLY_FORCED, Usage: 0.643KiB (0%) on-heap, 0.000KiB (0%) off-heap
code-cassandra-3-1  | INFO  [main] 2023-03-14 22:42:04,922 StorageService.java:2971 - Node cassandra-3/172.24.0.3:7000 state jump to NORMAL
code-cassandra-3-1  | INFO  [main] 2023-03-14 22:42:04,924 Gossiper.java:2281 - Waiting for gossip to settle...
code-cassandra-3-1  | INFO  [PerDiskMemtableFlushWriter_0:1] 2023-03-14 22:42:04,924 Flushing.java:145 - Writing Memtable-keyspaces@1228494459(0.146KiB serialized bytes, 1 ops, 0.643KiB (0%) on-heap, 0.000KiB (0%) off-heap), flushed range = [min(-9223372036854775808), max(9223372036854775807))
code-cassandra-3-1  | INFO  [PerDiskMemtableFlushWriter_0:1] 2023-03-14 22:42:04,925 Flushing.java:171 - Completed flushing /var/lib/cassandra/data/system_schema/keyspaces-abac5682dea631c5b535b3d6cffd0fb6/nb-6-big-Data.db (0.120KiB) for commitlog position CommitLogPosition(segmentId=1678833664749, position=60013)
code-cassandra-3-1  | INFO  [MemtableFlushWriter:1] 2023-03-14 22:42:04,935 LogTransaction.java:242 - Unfinished transaction log, deleting /var/lib/cassandra/data/system_schema/keyspaces-abac5682dea631c5b535b3d6cffd0fb6/nb_txn_flush_719c9960-c2b9-11ed-b68b-898879ed5bfd.log 
code-cassandra-3-1  | INFO  [MigrationStage:1] 2023-03-14 22:42:04,959 DefaultSchemaUpdateHandler.java:221 - Applying schema change due to received mutations: SchemaTransformationResult{54e17321-3f2e-37ca-9b08-d91ba7bdd369 --> 54e17321-3f2e-37ca-9b08-d91ba7bdd369, diff=KeyspacesDiff{created=[], dropped=[], altered=[]}}
code-cassandra-3-1  | INFO  [MigrationStage:1] 2023-03-14 22:42:04,963 ColumnFamilyStore.java:1009 - Enqueuing flush of system_schema.columns, Reason: INTERNALLY_FORCED, Usage: 10.313KiB (0%) on-heap, 0.000KiB (0%) off-heap
code-cassandra-3-1  | INFO  [PerDiskMemtableFlushWriter_0:2] 2023-03-14 22:42:04,970 Flushing.java:145 - Writing Memtable-columns@978644659(2.092KiB serialized bytes, 14 ops, 10.313KiB (0%) on-heap, 0.000KiB (0%) off-heap), flushed range = [min(-9223372036854775808), max(9223372036854775807))
code-cassandra-3-1  | INFO  [PerDiskMemtableFlushWriter_0:2] 2023-03-14 22:42:04,971 Flushing.java:171 - Completed flushing /var/lib/cassandra/data/system_schema/columns-24101c25a2ae3af787c1b40ee1aca33f/nb-7-big-Data.db (0.947KiB) for commitlog position CommitLogPosition(segmentId=1678833664749, position=63794)
code-cassandra-3-1  | INFO  [MemtableFlushWriter:2] 2023-03-14 22:42:04,982 LogTransaction.java:242 - Unfinished transaction log, deleting /var/lib/cassandra/data/system_schema/columns-24101c25a2ae3af787c1b40ee1aca33f/nb_txn_flush_71a3c550-c2b9-11ed-b68b-898879ed5bfd.log 
code-cassandra-3-1  | INFO  [MigrationStage:1] 2023-03-14 22:42:04,985 ColumnFamilyStore.java:1009 - Enqueuing flush of system_schema.tables, Reason: INTERNALLY_FORCED, Usage: 11.907KiB (0%) on-heap, 0.000KiB (0%) off-heap
code-cassandra-3-1  | INFO  [PerDiskMemtableFlushWriter_0:1] 2023-03-14 22:42:04,991 Flushing.java:145 - Writing Memtable-tables@1813229711(3.619KiB serialized bytes, 5 ops, 11.907KiB (0%) on-heap, 0.000KiB (0%) off-heap), flushed range = [min(-9223372036854775808), max(9223372036854775807))
code-cassandra-3-1  | INFO  [PerDiskMemtableFlushWriter_0:1] 2023-03-14 22:42:04,991 Flushing.java:171 - Completed flushing /var/lib/cassandra/data/system_schema/tables-afddfb9dbc1e30688056eed6c302ba09/nb-7-big-Data.db (2.234KiB) for commitlog position CommitLogPosition(segmentId=1678833664749, position=63802)
code-cassandra-3-1  | INFO  [MemtableFlushWriter:1] 2023-03-14 22:42:05,002 LogTransaction.java:242 - Unfinished transaction log, deleting /var/lib/cassandra/data/system_schema/tables-afddfb9dbc1e30688056eed6c302ba09/nb_txn_flush_71a6f9a0-c2b9-11ed-b68b-898879ed5bfd.log 
